<!doctype html public "-//w3c//dtd html 4.0 transitional//en">
<html><head>
<title>Static Call Graph - [.\_build\nrf51422_xxac.axf]</title></head>
<body><HR>
<H1>Static Call Graph for image .\_build\nrf51422_xxac.axf</H1><HR>
<BR><P>#&#060CALLGRAPH&#062# ARM Linker, 5060528: Last Updated: Wed Mar 27 18:26:53 2019
<BR><P>
<H3>Maximum Stack Usage =        400 bytes + Unknown(Cycles, Untraceable Function Pointers)</H3><H3>
Call chain for Maximum Stack Depth:</H3>
nrf_log_backend_serial_std_handler &rArr; serial_tx &rArr; SEGGER_RTT_WriteNoLock &rArr; _WriteBlocking
<P>
<H3>
Mutually Recursive functions
</H3> <LI><a href="#[1]">NMI_Handler</a>&nbsp;&nbsp;&nbsp;&rArr;&nbsp;&nbsp;&nbsp;<a href="#[1]">NMI_Handler</a><BR>
 <LI><a href="#[2]">HardFault_Handler</a>&nbsp;&nbsp;&nbsp;&rArr;&nbsp;&nbsp;&nbsp;<a href="#[2]">HardFault_Handler</a><BR>
 <LI><a href="#[3]">SVC_Handler</a>&nbsp;&nbsp;&nbsp;&rArr;&nbsp;&nbsp;&nbsp;<a href="#[3]">SVC_Handler</a><BR>
 <LI><a href="#[4]">PendSV_Handler</a>&nbsp;&nbsp;&nbsp;&rArr;&nbsp;&nbsp;&nbsp;<a href="#[4]">PendSV_Handler</a><BR>
 <LI><a href="#[5]">SysTick_Handler</a>&nbsp;&nbsp;&nbsp;&rArr;&nbsp;&nbsp;&nbsp;<a href="#[5]">SysTick_Handler</a><BR>
 <LI><a href="#[14]">CCM_AAR_IRQHandler</a>&nbsp;&nbsp;&nbsp;&rArr;&nbsp;&nbsp;&nbsp;<a href="#[14]">CCM_AAR_IRQHandler</a><BR>
</UL>
<P>
<H3>
Function Pointers
</H3><UL>
 <LI><a href="#[c]">ADC_IRQHandler</a> from nrf_drv_adc.o(i.ADC_IRQHandler) referenced from arm_startup_nrf51.o(RESET)
 <LI><a href="#[14]">CCM_AAR_IRQHandler</a> from arm_startup_nrf51.o(.text) referenced from arm_startup_nrf51.o(RESET)
 <LI><a href="#[13]">ECB_IRQHandler</a> from arm_startup_nrf51.o(.text) referenced from arm_startup_nrf51.o(RESET)
 <LI><a href="#[b]">GPIOTE_IRQHandler</a> from nrf_drv_gpiote.o(i.GPIOTE_IRQHandler) referenced from arm_startup_nrf51.o(RESET)
 <LI><a href="#[2]">HardFault_Handler</a> from arm_startup_nrf51.o(.text) referenced from arm_startup_nrf51.o(RESET)
 <LI><a href="#[18]">LPCOMP_IRQHandler</a> from arm_startup_nrf51.o(.text) referenced from arm_startup_nrf51.o(RESET)
 <LI><a href="#[1]">NMI_Handler</a> from arm_startup_nrf51.o(.text) referenced from arm_startup_nrf51.o(RESET)
 <LI><a href="#[6]">POWER_CLOCK_IRQHandler</a> from nrf_drv_clock.o(i.POWER_CLOCK_IRQHandler) referenced from arm_startup_nrf51.o(RESET)
 <LI><a href="#[4]">PendSV_Handler</a> from arm_startup_nrf51.o(.text) referenced from arm_startup_nrf51.o(RESET)
 <LI><a href="#[17]">QDEC_IRQHandler</a> from arm_startup_nrf51.o(.text) referenced from arm_startup_nrf51.o(RESET)
 <LI><a href="#[7]">RADIO_IRQHandler</a> from arm_startup_nrf51.o(.text) referenced from arm_startup_nrf51.o(RESET)
 <LI><a href="#[12]">RNG_IRQHandler</a> from arm_startup_nrf51.o(.text) referenced from arm_startup_nrf51.o(RESET)
 <LI><a href="#[10]">RTC0_IRQHandler</a> from arm_startup_nrf51.o(.text) referenced from arm_startup_nrf51.o(RESET)
 <LI><a href="#[16]">RTC1_IRQHandler</a> from app_timer.o(i.RTC1_IRQHandler) referenced from arm_startup_nrf51.o(RESET)
 <LI><a href="#[0]">Reset_Handler</a> from arm_startup_nrf51.o(.text) referenced from arm_startup_nrf51.o(RESET)
 <LI><a href="#[9]">SPI0_TWI0_IRQHandler</a> from arm_startup_nrf51.o(.text) referenced from arm_startup_nrf51.o(RESET)
 <LI><a href="#[a]">SPI1_TWI1_IRQHandler</a> from arm_startup_nrf51.o(.text) referenced from arm_startup_nrf51.o(RESET)
 <LI><a href="#[3]">SVC_Handler</a> from arm_startup_nrf51.o(.text) referenced from arm_startup_nrf51.o(RESET)
 <LI><a href="#[19]">SWI0_IRQHandler</a> from app_timer.o(i.SWI0_IRQHandler) referenced from arm_startup_nrf51.o(RESET)
 <LI><a href="#[1a]">SWI1_IRQHandler</a> from arm_startup_nrf51.o(.text) referenced from arm_startup_nrf51.o(RESET)
 <LI><a href="#[1b]">SWI2_IRQHandler</a> from softdevice_handler.o(i.SWI2_IRQHandler) referenced from arm_startup_nrf51.o(RESET)
 <LI><a href="#[1c]">SWI3_IRQHandler</a> from arm_startup_nrf51.o(.text) referenced from arm_startup_nrf51.o(RESET)
 <LI><a href="#[1d]">SWI4_IRQHandler</a> from arm_startup_nrf51.o(.text) referenced from arm_startup_nrf51.o(RESET)
 <LI><a href="#[1e]">SWI5_IRQHandler</a> from arm_startup_nrf51.o(.text) referenced from arm_startup_nrf51.o(RESET)
 <LI><a href="#[5]">SysTick_Handler</a> from arm_startup_nrf51.o(.text) referenced from arm_startup_nrf51.o(RESET)
 <LI><a href="#[20]">SystemInit</a> from system_nrf51.o(i.SystemInit) referenced from arm_startup_nrf51.o(.text)
 <LI><a href="#[11]">TEMP_IRQHandler</a> from arm_startup_nrf51.o(.text) referenced from arm_startup_nrf51.o(RESET)
 <LI><a href="#[d]">TIMER0_IRQHandler</a> from arm_startup_nrf51.o(.text) referenced from arm_startup_nrf51.o(RESET)
 <LI><a href="#[e]">TIMER1_IRQHandler</a> from arm_startup_nrf51.o(.text) referenced from arm_startup_nrf51.o(RESET)
 <LI><a href="#[f]">TIMER2_IRQHandler</a> from arm_startup_nrf51.o(.text) referenced from arm_startup_nrf51.o(RESET)
 <LI><a href="#[8]">UART0_IRQHandler</a> from nrf_drv_uart.o(i.UART0_IRQHandler) referenced from arm_startup_nrf51.o(RESET)
 <LI><a href="#[15]">WDT_IRQHandler</a> from arm_startup_nrf51.o(.text) referenced from arm_startup_nrf51.o(RESET)
 <LI><a href="#[21]">__main</a> from entry.o(.ARM.Collect$$$$00000000) referenced from arm_startup_nrf51.o(.text)
 <LI><a href="#[22]">_snputc</a> from printf8.o(i._snputc) referenced from printf8.o(i.__0snprintf$8)
 <LI><a href="#[23]">adc_event_handler</a> from main.o(i.adc_event_handler) referenced from main.o(i.main)
 <LI><a href="#[28]">adv_timeout_handler</a> from main.o(i.adv_timeout_handler) referenced from main.o(i.timers_init)
 <LI><a href="#[27]">battery_level_meas_timeout_handler</a> from main.o(i.battery_level_meas_timeout_handler) referenced from main.o(i.timers_init)
 <LI><a href="#[1f]">main</a> from main.o(i.main) referenced from entry9a.o(.ARM.Collect$$$$0000000B)
 <LI><a href="#[24]">nrf_log_backend_serial_hexdump_handler</a> from nrf_log_backend_serial.o(i.nrf_log_backend_serial_hexdump_handler) referenced from nrf_log_backend_serial.o(i.nrf_log_backend_hexdump_handler_get)
 <LI><a href="#[25]">nrf_log_backend_serial_std_handler</a> from nrf_log_backend_serial.o(i.nrf_log_backend_serial_std_handler) referenced from nrf_log_backend_serial.o(i.nrf_log_backend_std_handler_get)
 <LI><a href="#[26]">softdevice_fault_handler</a> from softdevice_handler.o(i.softdevice_fault_handler) referenced from softdevice_handler.o(i.softdevice_handler_init)
</UL>
<P>
<H3>
Global Symbols
</H3>
<P><STRONG><a name="[21]"></a>__main</STRONG> (Thumb, 0 bytes, Stack size unknown bytes, entry.o(.ARM.Collect$$$$00000000))
<BR>[Address Reference Count : 1]<UL><LI> arm_startup_nrf51.o(.text)
</UL>
<P><STRONG><a name="[9f]"></a>_main_stk</STRONG> (Thumb, 0 bytes, Stack size unknown bytes, entry2.o(.ARM.Collect$$$$00000001))

<P><STRONG><a name="[29]"></a>_main_scatterload</STRONG> (Thumb, 0 bytes, Stack size unknown bytes, entry5.o(.ARM.Collect$$$$00000004))
<BR><BR>[Calls]<UL><LI><a href="#[2a]">&gt;&gt;</a>&nbsp;&nbsp;&nbsp;__scatterload
</UL>

<P><STRONG><a name="[37]"></a>__main_after_scatterload</STRONG> (Thumb, 0 bytes, Stack size unknown bytes, entry5.o(.ARM.Collect$$$$00000004))
<BR><BR>[Called By]<UL><LI><a href="#[2a]">&gt;&gt;</a>&nbsp;&nbsp;&nbsp;__scatterload
</UL>

<P><STRONG><a name="[a0]"></a>_main_clock</STRONG> (Thumb, 0 bytes, Stack size unknown bytes, entry7b.o(.ARM.Collect$$$$00000008))

<P><STRONG><a name="[a1]"></a>_main_cpp_init</STRONG> (Thumb, 0 bytes, Stack size unknown bytes, entry8b.o(.ARM.Collect$$$$0000000A))

<P><STRONG><a name="[a2]"></a>_main_init</STRONG> (Thumb, 0 bytes, Stack size unknown bytes, entry9a.o(.ARM.Collect$$$$0000000B))

<P><STRONG><a name="[a3]"></a>__rt_final_cpp</STRONG> (Thumb, 0 bytes, Stack size unknown bytes, entry10a.o(.ARM.Collect$$$$0000000D))

<P><STRONG><a name="[a4]"></a>__rt_final_exit</STRONG> (Thumb, 0 bytes, Stack size unknown bytes, entry11a.o(.ARM.Collect$$$$0000000F))

<P><STRONG><a name="[0]"></a>Reset_Handler</STRONG> (Thumb, 26 bytes, Stack size 0 bytes, arm_startup_nrf51.o(.text))
<BR>[Address Reference Count : 1]<UL><LI> arm_startup_nrf51.o(RESET)
</UL>
<P><STRONG><a name="[1]"></a>NMI_Handler</STRONG> (Thumb, 2 bytes, Stack size 0 bytes, arm_startup_nrf51.o(.text))
<BR><BR>[Calls]<UL><LI><a href="#[1]">&gt;&gt;</a>&nbsp;&nbsp;&nbsp;NMI_Handler
</UL>
<BR>[Called By]<UL><LI><a href="#[1]">&gt;&gt;</a>&nbsp;&nbsp;&nbsp;NMI_Handler
</UL>
<BR>[Address Reference Count : 1]<UL><LI> arm_startup_nrf51.o(RESET)
</UL>
<P><STRONG><a name="[2]"></a>HardFault_Handler</STRONG> (Thumb, 2 bytes, Stack size 0 bytes, arm_startup_nrf51.o(.text))
<BR><BR>[Calls]<UL><LI><a href="#[2]">&gt;&gt;</a>&nbsp;&nbsp;&nbsp;HardFault_Handler
</UL>
<BR>[Called By]<UL><LI><a href="#[2]">&gt;&gt;</a>&nbsp;&nbsp;&nbsp;HardFault_Handler
</UL>
<BR>[Address Reference Count : 1]<UL><LI> arm_startup_nrf51.o(RESET)
</UL>
<P><STRONG><a name="[3]"></a>SVC_Handler</STRONG> (Thumb, 2 bytes, Stack size 0 bytes, arm_startup_nrf51.o(.text))
<BR><BR>[Calls]<UL><LI><a href="#[3]">&gt;&gt;</a>&nbsp;&nbsp;&nbsp;SVC_Handler
</UL>
<BR>[Called By]<UL><LI><a href="#[3]">&gt;&gt;</a>&nbsp;&nbsp;&nbsp;SVC_Handler
</UL>
<BR>[Address Reference Count : 1]<UL><LI> arm_startup_nrf51.o(RESET)
</UL>
<P><STRONG><a name="[4]"></a>PendSV_Handler</STRONG> (Thumb, 2 bytes, Stack size 0 bytes, arm_startup_nrf51.o(.text))
<BR><BR>[Calls]<UL><LI><a href="#[4]">&gt;&gt;</a>&nbsp;&nbsp;&nbsp;PendSV_Handler
</UL>
<BR>[Called By]<UL><LI><a href="#[4]">&gt;&gt;</a>&nbsp;&nbsp;&nbsp;PendSV_Handler
</UL>
<BR>[Address Reference Count : 1]<UL><LI> arm_startup_nrf51.o(RESET)
</UL>
<P><STRONG><a name="[5]"></a>SysTick_Handler</STRONG> (Thumb, 2 bytes, Stack size 0 bytes, arm_startup_nrf51.o(.text))
<BR><BR>[Calls]<UL><LI><a href="#[5]">&gt;&gt;</a>&nbsp;&nbsp;&nbsp;SysTick_Handler
</UL>
<BR>[Called By]<UL><LI><a href="#[5]">&gt;&gt;</a>&nbsp;&nbsp;&nbsp;SysTick_Handler
</UL>
<BR>[Address Reference Count : 1]<UL><LI> arm_startup_nrf51.o(RESET)
</UL>
<P><STRONG><a name="[14]"></a>CCM_AAR_IRQHandler</STRONG> (Thumb, 0 bytes, Stack size 0 bytes, arm_startup_nrf51.o(.text))
<BR><BR>[Calls]<UL><LI><a href="#[14]">&gt;&gt;</a>&nbsp;&nbsp;&nbsp;CCM_AAR_IRQHandler
</UL>
<BR>[Called By]<UL><LI><a href="#[14]">&gt;&gt;</a>&nbsp;&nbsp;&nbsp;CCM_AAR_IRQHandler
</UL>
<BR>[Address Reference Count : 1]<UL><LI> arm_startup_nrf51.o(RESET)
</UL>
<P><STRONG><a name="[13]"></a>ECB_IRQHandler</STRONG> (Thumb, 0 bytes, Stack size 0 bytes, arm_startup_nrf51.o(.text))
<BR>[Address Reference Count : 1]<UL><LI> arm_startup_nrf51.o(RESET)
</UL>
<P><STRONG><a name="[18]"></a>LPCOMP_IRQHandler</STRONG> (Thumb, 0 bytes, Stack size 0 bytes, arm_startup_nrf51.o(.text))
<BR>[Address Reference Count : 1]<UL><LI> arm_startup_nrf51.o(RESET)
</UL>
<P><STRONG><a name="[17]"></a>QDEC_IRQHandler</STRONG> (Thumb, 0 bytes, Stack size 0 bytes, arm_startup_nrf51.o(.text))
<BR>[Address Reference Count : 1]<UL><LI> arm_startup_nrf51.o(RESET)
</UL>
<P><STRONG><a name="[7]"></a>RADIO_IRQHandler</STRONG> (Thumb, 0 bytes, Stack size 0 bytes, arm_startup_nrf51.o(.text))
<BR>[Address Reference Count : 1]<UL><LI> arm_startup_nrf51.o(RESET)
</UL>
<P><STRONG><a name="[12]"></a>RNG_IRQHandler</STRONG> (Thumb, 0 bytes, Stack size 0 bytes, arm_startup_nrf51.o(.text))
<BR>[Address Reference Count : 1]<UL><LI> arm_startup_nrf51.o(RESET)
</UL>
<P><STRONG><a name="[10]"></a>RTC0_IRQHandler</STRONG> (Thumb, 0 bytes, Stack size 0 bytes, arm_startup_nrf51.o(.text))
<BR>[Address Reference Count : 1]<UL><LI> arm_startup_nrf51.o(RESET)
</UL>
<P><STRONG><a name="[9]"></a>SPI0_TWI0_IRQHandler</STRONG> (Thumb, 0 bytes, Stack size 0 bytes, arm_startup_nrf51.o(.text))
<BR>[Address Reference Count : 1]<UL><LI> arm_startup_nrf51.o(RESET)
</UL>
<P><STRONG><a name="[a]"></a>SPI1_TWI1_IRQHandler</STRONG> (Thumb, 0 bytes, Stack size 0 bytes, arm_startup_nrf51.o(.text))
<BR>[Address Reference Count : 1]<UL><LI> arm_startup_nrf51.o(RESET)
</UL>
<P><STRONG><a name="[1a]"></a>SWI1_IRQHandler</STRONG> (Thumb, 0 bytes, Stack size 0 bytes, arm_startup_nrf51.o(.text))
<BR>[Address Reference Count : 1]<UL><LI> arm_startup_nrf51.o(RESET)
</UL>
<P><STRONG><a name="[1c]"></a>SWI3_IRQHandler</STRONG> (Thumb, 0 bytes, Stack size 0 bytes, arm_startup_nrf51.o(.text))
<BR>[Address Reference Count : 1]<UL><LI> arm_startup_nrf51.o(RESET)
</UL>
<P><STRONG><a name="[1d]"></a>SWI4_IRQHandler</STRONG> (Thumb, 0 bytes, Stack size 0 bytes, arm_startup_nrf51.o(.text))
<BR>[Address Reference Count : 1]<UL><LI> arm_startup_nrf51.o(RESET)
</UL>
<P><STRONG><a name="[1e]"></a>SWI5_IRQHandler</STRONG> (Thumb, 0 bytes, Stack size 0 bytes, arm_startup_nrf51.o(.text))
<BR>[Address Reference Count : 1]<UL><LI> arm_startup_nrf51.o(RESET)
</UL>
<P><STRONG><a name="[11]"></a>TEMP_IRQHandler</STRONG> (Thumb, 0 bytes, Stack size 0 bytes, arm_startup_nrf51.o(.text))
<BR>[Address Reference Count : 1]<UL><LI> arm_startup_nrf51.o(RESET)
</UL>
<P><STRONG><a name="[d]"></a>TIMER0_IRQHandler</STRONG> (Thumb, 0 bytes, Stack size 0 bytes, arm_startup_nrf51.o(.text))
<BR>[Address Reference Count : 1]<UL><LI> arm_startup_nrf51.o(RESET)
</UL>
<P><STRONG><a name="[e]"></a>TIMER1_IRQHandler</STRONG> (Thumb, 0 bytes, Stack size 0 bytes, arm_startup_nrf51.o(.text))
<BR>[Address Reference Count : 1]<UL><LI> arm_startup_nrf51.o(RESET)
</UL>
<P><STRONG><a name="[f]"></a>TIMER2_IRQHandler</STRONG> (Thumb, 0 bytes, Stack size 0 bytes, arm_startup_nrf51.o(.text))
<BR>[Address Reference Count : 1]<UL><LI> arm_startup_nrf51.o(RESET)
</UL>
<P><STRONG><a name="[15]"></a>WDT_IRQHandler</STRONG> (Thumb, 0 bytes, Stack size 0 bytes, arm_startup_nrf51.o(.text))
<BR>[Address Reference Count : 1]<UL><LI> arm_startup_nrf51.o(RESET)
</UL>
<P><STRONG><a name="[88]"></a>__rt_ctype_table</STRONG> (Thumb, 4 bytes, Stack size 0 bytes, ctype_o.o(.text))
<BR><BR>[Called By]<UL><LI><a href="#[24]">&gt;&gt;</a>&nbsp;&nbsp;&nbsp;nrf_log_backend_serial_hexdump_handler
</UL>

<P><STRONG><a name="[4e]"></a>__aeabi_memcpy</STRONG> (Thumb, 36 bytes, Stack size 0 bytes, memcpya.o(.text))
<BR><BR>[Called By]<UL><LI><a href="#[5d]">&gt;&gt;</a>&nbsp;&nbsp;&nbsp;service_data_encode
<LI><a href="#[5c]">&gt;&gt;</a>&nbsp;&nbsp;&nbsp;manuf_specific_data_encode
<LI><a href="#[58]">&gt;&gt;</a>&nbsp;&nbsp;&nbsp;ble_device_addr_encode
<LI><a href="#[46]">&gt;&gt;</a>&nbsp;&nbsp;&nbsp;_WriteNoCheck
<LI><a href="#[47]">&gt;&gt;</a>&nbsp;&nbsp;&nbsp;_WriteBlocking
<LI><a href="#[25]">&gt;&gt;</a>&nbsp;&nbsp;&nbsp;nrf_log_backend_serial_std_handler
<LI><a href="#[24]">&gt;&gt;</a>&nbsp;&nbsp;&nbsp;nrf_log_backend_serial_hexdump_handler
</UL>

<P><STRONG><a name="[a5]"></a>__aeabi_memcpy4</STRONG> (Thumb, 0 bytes, Stack size 0 bytes, memcpya.o(.text), UNUSED)

<P><STRONG><a name="[a6]"></a>__aeabi_memcpy8</STRONG> (Thumb, 0 bytes, Stack size 0 bytes, memcpya.o(.text), UNUSED)

<P><STRONG><a name="[2c]"></a>__aeabi_memset</STRONG> (Thumb, 14 bytes, Stack size 0 bytes, memseta.o(.text), UNUSED)
<BR><BR>[Called By]<UL><LI><a href="#[2d]">&gt;&gt;</a>&nbsp;&nbsp;&nbsp;_memset$wrapper
<LI><a href="#[2b]">&gt;&gt;</a>&nbsp;&nbsp;&nbsp;__aeabi_memclr
</UL>

<P><STRONG><a name="[a7]"></a>__aeabi_memset4</STRONG> (Thumb, 0 bytes, Stack size 0 bytes, memseta.o(.text), UNUSED)

<P><STRONG><a name="[a8]"></a>__aeabi_memset8</STRONG> (Thumb, 0 bytes, Stack size 0 bytes, memseta.o(.text), UNUSED)

<P><STRONG><a name="[2b]"></a>__aeabi_memclr</STRONG> (Thumb, 4 bytes, Stack size 0 bytes, memseta.o(.text), UNUSED)
<BR><BR>[Calls]<UL><LI><a href="#[2c]">&gt;&gt;</a>&nbsp;&nbsp;&nbsp;__aeabi_memset
</UL>

<P><STRONG><a name="[78]"></a>__aeabi_memclr4</STRONG> (Thumb, 0 bytes, Stack size 0 bytes, memseta.o(.text))
<BR><BR>[Called By]<UL><LI><a href="#[73]">&gt;&gt;</a>&nbsp;&nbsp;&nbsp;softdevice_enable_get_default_config
<LI><a href="#[60]">&gt;&gt;</a>&nbsp;&nbsp;&nbsp;luXbeacon_init
<LI><a href="#[5e]">&gt;&gt;</a>&nbsp;&nbsp;&nbsp;ibeacon_init
</UL>

<P><STRONG><a name="[a9]"></a>__aeabi_memclr8</STRONG> (Thumb, 0 bytes, Stack size 0 bytes, memseta.o(.text), UNUSED)

<P><STRONG><a name="[2d]"></a>_memset$wrapper</STRONG> (Thumb, 18 bytes, Stack size 8 bytes, memseta.o(.text), UNUSED)
<BR><BR>[Calls]<UL><LI><a href="#[2c]">&gt;&gt;</a>&nbsp;&nbsp;&nbsp;__aeabi_memset
</UL>

<P><STRONG><a name="[87]"></a>strlen</STRONG> (Thumb, 14 bytes, Stack size 0 bytes, strlen.o(.text))
<BR><BR>[Called By]<UL><LI><a href="#[25]">&gt;&gt;</a>&nbsp;&nbsp;&nbsp;nrf_log_backend_serial_std_handler
<LI><a href="#[24]">&gt;&gt;</a>&nbsp;&nbsp;&nbsp;nrf_log_backend_serial_hexdump_handler
</UL>

<P><STRONG><a name="[4d]"></a>strcpy</STRONG> (Thumb, 18 bytes, Stack size 0 bytes, strcpy.o(.text))
<BR><BR>[Called By]<UL><LI><a href="#[43]">&gt;&gt;</a>&nbsp;&nbsp;&nbsp;_DoInit
</UL>

<P><STRONG><a name="[2e]"></a>__aeabi_dmul</STRONG> (Thumb, 202 bytes, Stack size 72 bytes, dmul.o(.text))
<BR><BR>[Stack]<UL><LI>Max Depth = 128<LI>Call Chain = __aeabi_dmul &rArr; _double_epilogue &rArr; __aeabi_llsl
</UL>
<BR>[Calls]<UL><LI><a href="#[2f]">&gt;&gt;</a>&nbsp;&nbsp;&nbsp;_double_epilogue
</UL>
<BR>[Called By]<UL><LI><a href="#[23]">&gt;&gt;</a>&nbsp;&nbsp;&nbsp;adc_event_handler
</UL>

<P><STRONG><a name="[54]"></a>__ARM_scalbn</STRONG> (Thumb, 44 bytes, Stack size 16 bytes, dscalb.o(.text))
<BR><BR>[Stack]<UL><LI>Max Depth = 16<LI>Call Chain = __ARM_scalbn
</UL>
<BR>[Called By]<UL><LI><a href="#[23]">&gt;&gt;</a>&nbsp;&nbsp;&nbsp;adc_event_handler
</UL>

<P><STRONG><a name="[aa]"></a>scalbn</STRONG> (Thumb, 0 bytes, Stack size 16 bytes, dscalb.o(.text), UNUSED)

<P><STRONG><a name="[30]"></a>__aeabi_i2d</STRONG> (Thumb, 34 bytes, Stack size 16 bytes, dflti.o(.text))
<BR><BR>[Stack]<UL><LI>Max Depth = 72<LI>Call Chain = __aeabi_i2d &rArr; _double_epilogue &rArr; __aeabi_llsl
</UL>
<BR>[Calls]<UL><LI><a href="#[2f]">&gt;&gt;</a>&nbsp;&nbsp;&nbsp;_double_epilogue
</UL>
<BR>[Called By]<UL><LI><a href="#[23]">&gt;&gt;</a>&nbsp;&nbsp;&nbsp;adc_event_handler
</UL>

<P><STRONG><a name="[31]"></a>__aeabi_d2uiz</STRONG> (Thumb, 50 bytes, Stack size 8 bytes, dfixui.o(.text))
<BR><BR>[Stack]<UL><LI>Max Depth = 16<LI>Call Chain = __aeabi_d2uiz &rArr; __aeabi_llsr
</UL>
<BR>[Calls]<UL><LI><a href="#[32]">&gt;&gt;</a>&nbsp;&nbsp;&nbsp;__aeabi_llsr
</UL>
<BR>[Called By]<UL><LI><a href="#[23]">&gt;&gt;</a>&nbsp;&nbsp;&nbsp;adc_event_handler
</UL>

<P><STRONG><a name="[33]"></a>__aeabi_uldivmod</STRONG> (Thumb, 96 bytes, Stack size 48 bytes, uldiv.o(.text), UNUSED)
<BR><BR>[Calls]<UL><LI><a href="#[34]">&gt;&gt;</a>&nbsp;&nbsp;&nbsp;__aeabi_llsl
<LI><a href="#[32]">&gt;&gt;</a>&nbsp;&nbsp;&nbsp;__aeabi_llsr
</UL>
<BR>[Called By]<UL><LI><a href="#[50]">&gt;&gt;</a>&nbsp;&nbsp;&nbsp;_printf_core
</UL>

<P><STRONG><a name="[32]"></a>__aeabi_llsr</STRONG> (Thumb, 34 bytes, Stack size 8 bytes, llushr.o(.text))
<BR><BR>[Stack]<UL><LI>Max Depth = 8<LI>Call Chain = __aeabi_llsr
</UL>
<BR>[Called By]<UL><LI><a href="#[31]">&gt;&gt;</a>&nbsp;&nbsp;&nbsp;__aeabi_d2uiz
<LI><a href="#[33]">&gt;&gt;</a>&nbsp;&nbsp;&nbsp;__aeabi_uldivmod
<LI><a href="#[2f]">&gt;&gt;</a>&nbsp;&nbsp;&nbsp;_double_epilogue
</UL>

<P><STRONG><a name="[ab]"></a>_ll_ushift_r</STRONG> (Thumb, 0 bytes, Stack size 8 bytes, llushr.o(.text), UNUSED)

<P><STRONG><a name="[ac]"></a>__I$use$fp</STRONG> (Thumb, 0 bytes, Stack size 8 bytes, iusefp.o(.text), UNUSED)

<P><STRONG><a name="[36]"></a>_double_round</STRONG> (Thumb, 26 bytes, Stack size 8 bytes, depilogue.o(.text))
<BR><BR>[Stack]<UL><LI>Max Depth = 8<LI>Call Chain = _double_round
</UL>
<BR>[Called By]<UL><LI><a href="#[2f]">&gt;&gt;</a>&nbsp;&nbsp;&nbsp;_double_epilogue
</UL>

<P><STRONG><a name="[2f]"></a>_double_epilogue</STRONG> (Thumb, 164 bytes, Stack size 48 bytes, depilogue.o(.text))
<BR><BR>[Stack]<UL><LI>Max Depth = 56<LI>Call Chain = _double_epilogue &rArr; __aeabi_llsl
</UL>
<BR>[Calls]<UL><LI><a href="#[34]">&gt;&gt;</a>&nbsp;&nbsp;&nbsp;__aeabi_llsl
<LI><a href="#[35]">&gt;&gt;</a>&nbsp;&nbsp;&nbsp;__ARM_clz
<LI><a href="#[36]">&gt;&gt;</a>&nbsp;&nbsp;&nbsp;_double_round
<LI><a href="#[32]">&gt;&gt;</a>&nbsp;&nbsp;&nbsp;__aeabi_llsr
</UL>
<BR>[Called By]<UL><LI><a href="#[30]">&gt;&gt;</a>&nbsp;&nbsp;&nbsp;__aeabi_i2d
<LI><a href="#[2e]">&gt;&gt;</a>&nbsp;&nbsp;&nbsp;__aeabi_dmul
</UL>

<P><STRONG><a name="[2a]"></a>__scatterload</STRONG> (Thumb, 28 bytes, Stack size 0 bytes, init.o(.text))
<BR><BR>[Calls]<UL><LI><a href="#[37]">&gt;&gt;</a>&nbsp;&nbsp;&nbsp;__main_after_scatterload
</UL>
<BR>[Called By]<UL><LI><a href="#[29]">&gt;&gt;</a>&nbsp;&nbsp;&nbsp;_main_scatterload
</UL>

<P><STRONG><a name="[ad]"></a>__scatterload_rt2</STRONG> (Thumb, 0 bytes, Stack size 0 bytes, init.o(.text), UNUSED)

<P><STRONG><a name="[34]"></a>__aeabi_llsl</STRONG> (Thumb, 32 bytes, Stack size 8 bytes, llshl.o(.text))
<BR><BR>[Stack]<UL><LI>Max Depth = 8<LI>Call Chain = __aeabi_llsl
</UL>
<BR>[Called By]<UL><LI><a href="#[33]">&gt;&gt;</a>&nbsp;&nbsp;&nbsp;__aeabi_uldivmod
<LI><a href="#[2f]">&gt;&gt;</a>&nbsp;&nbsp;&nbsp;_double_epilogue
</UL>

<P><STRONG><a name="[ae]"></a>_ll_shift_l</STRONG> (Thumb, 0 bytes, Stack size 8 bytes, llshl.o(.text), UNUSED)

<P><STRONG><a name="[c]"></a>ADC_IRQHandler</STRONG> (Thumb, 78 bytes, Stack size 32 bytes, nrf_drv_adc.o(i.ADC_IRQHandler))
<BR><BR>[Stack]<UL><LI>Max Depth = 48<LI>Call Chain = ADC_IRQHandler &rArr; adc_sample_process
</UL>
<BR>[Calls]<UL><LI><a href="#[38]">&gt;&gt;</a>&nbsp;&nbsp;&nbsp;adc_sample_process
</UL>
<BR>[Address Reference Count : 1]<UL><LI> arm_startup_nrf51.o(RESET)
</UL>
<P><STRONG><a name="[b]"></a>GPIOTE_IRQHandler</STRONG> (Thumb, 364 bytes, Stack size 64 bytes, nrf_drv_gpiote.o(i.GPIOTE_IRQHandler))
<BR><BR>[Stack]<UL><LI>Max Depth = 80<LI>Call Chain = GPIOTE_IRQHandler &rArr; nrf_gpio_ports_read
</UL>
<BR>[Calls]<UL><LI><a href="#[39]">&gt;&gt;</a>&nbsp;&nbsp;&nbsp;nrf_gpiote_event_is_set
<LI><a href="#[3a]">&gt;&gt;</a>&nbsp;&nbsp;&nbsp;nrf_gpiote_event_clear
<LI><a href="#[3b]">&gt;&gt;</a>&nbsp;&nbsp;&nbsp;nrf_gpio_ports_read
<LI><a href="#[3e]">&gt;&gt;</a>&nbsp;&nbsp;&nbsp;nrf_gpio_cfg_sense_set
<LI><a href="#[3c]">&gt;&gt;</a>&nbsp;&nbsp;&nbsp;nrf_bitmask_bit_is_set
<LI><a href="#[3d]">&gt;&gt;</a>&nbsp;&nbsp;&nbsp;channel_port_get
</UL>
<BR>[Address Reference Count : 1]<UL><LI> arm_startup_nrf51.o(RESET)
</UL>
<P><STRONG><a name="[6]"></a>POWER_CLOCK_IRQHandler</STRONG> (Thumb, 70 bytes, Stack size 24 bytes, nrf_drv_clock.o(i.POWER_CLOCK_IRQHandler))
<BR><BR>[Stack]<UL><LI>Max Depth = 40<LI>Call Chain = POWER_CLOCK_IRQHandler &rArr; clock_clk_started_notify
</UL>
<BR>[Calls]<UL><LI><a href="#[3f]">&gt;&gt;</a>&nbsp;&nbsp;&nbsp;nrf_clock_event_check
<LI><a href="#[40]">&gt;&gt;</a>&nbsp;&nbsp;&nbsp;clock_clk_started_notify
</UL>
<BR>[Address Reference Count : 1]<UL><LI> arm_startup_nrf51.o(RESET)
</UL>
<P><STRONG><a name="[16]"></a>RTC1_IRQHandler</STRONG> (Thumb, 28 bytes, Stack size 8 bytes, app_timer.o(i.RTC1_IRQHandler))
<BR><BR>[Stack]<UL><LI>Max Depth = 176<LI>Call Chain = RTC1_IRQHandler &rArr; timer_timeouts_check &rArr; app_error_handler &rArr; app_error_fault_handler &rArr; nrf_log_frontend_dequeue
</UL>
<BR>[Calls]<UL><LI><a href="#[41]">&gt;&gt;</a>&nbsp;&nbsp;&nbsp;timer_timeouts_check
</UL>
<BR>[Address Reference Count : 1]<UL><LI> arm_startup_nrf51.o(RESET)
</UL>
<P><STRONG><a name="[42]"></a>SEGGER_RTT_Init</STRONG> (Thumb, 16 bytes, Stack size 8 bytes, segger_rtt.o(i.SEGGER_RTT_Init))
<BR><BR>[Stack]<UL><LI>Max Depth = 16<LI>Call Chain = SEGGER_RTT_Init &rArr; _DoInit
</UL>
<BR>[Calls]<UL><LI><a href="#[43]">&gt;&gt;</a>&nbsp;&nbsp;&nbsp;_DoInit
</UL>
<BR>[Called By]<UL><LI><a href="#[85]">&gt;&gt;</a>&nbsp;&nbsp;&nbsp;nrf_log_backend_init
</UL>

<P><STRONG><a name="[44]"></a>SEGGER_RTT_WriteNoLock</STRONG> (Thumb, 86 bytes, Stack size 16 bytes, segger_rtt.o(i.SEGGER_RTT_WriteNoLock))
<BR><BR>[Stack]<UL><LI>Max Depth = 56<LI>Call Chain = SEGGER_RTT_WriteNoLock &rArr; _WriteBlocking
</UL>
<BR>[Calls]<UL><LI><a href="#[46]">&gt;&gt;</a>&nbsp;&nbsp;&nbsp;_WriteNoCheck
<LI><a href="#[47]">&gt;&gt;</a>&nbsp;&nbsp;&nbsp;_WriteBlocking
<LI><a href="#[45]">&gt;&gt;</a>&nbsp;&nbsp;&nbsp;_GetAvailWriteSpace
</UL>
<BR>[Called By]<UL><LI><a href="#[89]">&gt;&gt;</a>&nbsp;&nbsp;&nbsp;serial_tx
</UL>

<P><STRONG><a name="[19]"></a>SWI0_IRQHandler</STRONG> (Thumb, 8 bytes, Stack size 8 bytes, app_timer.o(i.SWI0_IRQHandler))
<BR><BR>[Stack]<UL><LI>Max Depth = 80<LI>Call Chain = SWI0_IRQHandler &rArr; timer_list_handler &rArr; compare_reg_update &rArr; rtc1_stop
</UL>
<BR>[Calls]<UL><LI><a href="#[48]">&gt;&gt;</a>&nbsp;&nbsp;&nbsp;timer_list_handler
</UL>
<BR>[Address Reference Count : 1]<UL><LI> arm_startup_nrf51.o(RESET)
</UL>
<P><STRONG><a name="[1b]"></a>SWI2_IRQHandler</STRONG> (Thumb, 34 bytes, Stack size 8 bytes, softdevice_handler.o(i.SWI2_IRQHandler))
<BR><BR>[Stack]<UL><LI>Max Depth = 176<LI>Call Chain = SWI2_IRQHandler &rArr; intern_softdevice_events_execute &rArr; app_error_handler &rArr; app_error_fault_handler &rArr; nrf_log_frontend_dequeue
</UL>
<BR>[Calls]<UL><LI><a href="#[49]">&gt;&gt;</a>&nbsp;&nbsp;&nbsp;app_error_handler
<LI><a href="#[4a]">&gt;&gt;</a>&nbsp;&nbsp;&nbsp;intern_softdevice_events_execute
</UL>
<BR>[Address Reference Count : 1]<UL><LI> arm_startup_nrf51.o(RESET)
</UL>
<P><STRONG><a name="[20]"></a>SystemInit</STRONG> (Thumb, 130 bytes, Stack size 8 bytes, system_nrf51.o(i.SystemInit))
<BR><BR>[Stack]<UL><LI>Max Depth = 8<LI>Call Chain = SystemInit
</UL>
<BR>[Calls]<UL><LI><a href="#[4b]">&gt;&gt;</a>&nbsp;&nbsp;&nbsp;is_manual_peripheral_setup_needed
</UL>
<BR>[Address Reference Count : 1]<UL><LI> arm_startup_nrf51.o(.text)
</UL>
<P><STRONG><a name="[8]"></a>UART0_IRQHandler</STRONG> (Thumb, 12 bytes, Stack size 8 bytes, nrf_drv_uart.o(i.UART0_IRQHandler))
<BR><BR>[Stack]<UL><LI>Max Depth = 72<LI>Call Chain = UART0_IRQHandler &rArr; uart_irq_handler &rArr; tx_done_event
</UL>
<BR>[Calls]<UL><LI><a href="#[4c]">&gt;&gt;</a>&nbsp;&nbsp;&nbsp;uart_irq_handler
</UL>
<BR>[Address Reference Count : 1]<UL><LI> arm_startup_nrf51.o(RESET)
</UL>
<P><STRONG><a name="[4f]"></a>__0snprintf$8</STRONG> (Thumb, 46 bytes, Stack size 32 bytes, printf8.o(i.__0snprintf$8), UNUSED)
<BR><BR>[Calls]<UL><LI><a href="#[50]">&gt;&gt;</a>&nbsp;&nbsp;&nbsp;_printf_core
</UL>

<P><STRONG><a name="[af]"></a>__1snprintf$8</STRONG> (Thumb, 0 bytes, Stack size 32 bytes, printf8.o(i.__0snprintf$8), UNUSED)

<P><STRONG><a name="[8b]"></a>__2snprintf</STRONG> (Thumb, 0 bytes, Stack size 32 bytes, printf8.o(i.__0snprintf$8))
<BR><BR>[Stack]<UL><LI>Max Depth = 32<LI>Call Chain = __2snprintf
</UL>
<BR>[Called By]<UL><LI><a href="#[86]">&gt;&gt;</a>&nbsp;&nbsp;&nbsp;timestamp_process
<LI><a href="#[25]">&gt;&gt;</a>&nbsp;&nbsp;&nbsp;nrf_log_backend_serial_std_handler
</UL>

<P><STRONG><a name="[35]"></a>__ARM_clz</STRONG> (Thumb, 46 bytes, Stack size 0 bytes, depilogue.o(i.__ARM_clz))
<BR><BR>[Called By]<UL><LI><a href="#[2f]">&gt;&gt;</a>&nbsp;&nbsp;&nbsp;_double_epilogue
</UL>

<P><STRONG><a name="[8a]"></a>__ARM_common_switch8</STRONG> (Thumb, 26 bytes, Stack size 8 bytes, bsp.o(i.__ARM_common_switch8))
<BR><BR>[Stack]<UL><LI>Max Depth = 8<LI>Call Chain = __ARM_common_switch8
</UL>
<BR>[Called By]<UL><LI><a href="#[25]">&gt;&gt;</a>&nbsp;&nbsp;&nbsp;nrf_log_backend_serial_std_handler
</UL>

<P><STRONG><a name="[b0]"></a>__scatterload_copy</STRONG> (Thumb, 14 bytes, Stack size unknown bytes, handlers.o(i.__scatterload_copy), UNUSED)

<P><STRONG><a name="[b1]"></a>__scatterload_null</STRONG> (Thumb, 2 bytes, Stack size unknown bytes, handlers.o(i.__scatterload_null), UNUSED)

<P><STRONG><a name="[b2]"></a>__scatterload_zeroinit</STRONG> (Thumb, 14 bytes, Stack size unknown bytes, handlers.o(i.__scatterload_zeroinit), UNUSED)

<P><STRONG><a name="[23]"></a>adc_event_handler</STRONG> (Thumb, 132 bytes, Stack size 24 bytes, main.o(i.adc_event_handler))
<BR><BR>[Stack]<UL><LI>Max Depth = 152<LI>Call Chain = adc_event_handler &rArr; __aeabi_dmul &rArr; _double_epilogue &rArr; __aeabi_llsl
</UL>
<BR>[Calls]<UL><LI><a href="#[55]">&gt;&gt;</a>&nbsp;&nbsp;&nbsp;nrf_log_frontend_std_1
<LI><a href="#[53]">&gt;&gt;</a>&nbsp;&nbsp;&nbsp;nrf_log_frontend_std_0
<LI><a href="#[30]">&gt;&gt;</a>&nbsp;&nbsp;&nbsp;__aeabi_i2d
<LI><a href="#[2e]">&gt;&gt;</a>&nbsp;&nbsp;&nbsp;__aeabi_dmul
<LI><a href="#[31]">&gt;&gt;</a>&nbsp;&nbsp;&nbsp;__aeabi_d2uiz
<LI><a href="#[54]">&gt;&gt;</a>&nbsp;&nbsp;&nbsp;__ARM_scalbn
</UL>
<BR>[Address Reference Count : 1]<UL><LI> main.o(i.main)
</UL>
<P><STRONG><a name="[56]"></a>adv_data_encode</STRONG> (Thumb, 398 bytes, Stack size 48 bytes, ble_advdata.o(i.adv_data_encode))
<BR><BR>[Stack]<UL><LI>Max Depth = 144<LI>Call Chain = adv_data_encode &rArr; uuid_list_encode &rArr; uuid_list_sized_encode
</UL>
<BR>[Calls]<UL><LI><a href="#[5a]">&gt;&gt;</a>&nbsp;&nbsp;&nbsp;uuid_list_encode
<LI><a href="#[59]">&gt;&gt;</a>&nbsp;&nbsp;&nbsp;uint16_encode
<LI><a href="#[5d]">&gt;&gt;</a>&nbsp;&nbsp;&nbsp;service_data_encode
<LI><a href="#[57]">&gt;&gt;</a>&nbsp;&nbsp;&nbsp;name_encode
<LI><a href="#[5c]">&gt;&gt;</a>&nbsp;&nbsp;&nbsp;manuf_specific_data_encode
<LI><a href="#[5b]">&gt;&gt;</a>&nbsp;&nbsp;&nbsp;conn_int_encode
<LI><a href="#[58]">&gt;&gt;</a>&nbsp;&nbsp;&nbsp;ble_device_addr_encode
</UL>
<BR>[Called By]<UL><LI><a href="#[70]">&gt;&gt;</a>&nbsp;&nbsp;&nbsp;ble_advdata_set
</UL>

<P><STRONG><a name="[61]"></a>app_error_fault_handler</STRONG> (Thumb, 42 bytes, Stack size 16 bytes, app_error_weak.o(i.app_error_fault_handler))
<BR><BR>[Stack]<UL><LI>Max Depth = 120<LI>Call Chain = app_error_fault_handler &rArr; nrf_log_frontend_dequeue
</UL>
<BR>[Calls]<UL><LI><a href="#[53]">&gt;&gt;</a>&nbsp;&nbsp;&nbsp;nrf_log_frontend_std_0
<LI><a href="#[63]">&gt;&gt;</a>&nbsp;&nbsp;&nbsp;nrf_log_frontend_dequeue
<LI><a href="#[62]">&gt;&gt;</a>&nbsp;&nbsp;&nbsp;nrf_log_blocking_backend_set
<LI><a href="#[64]">&gt;&gt;</a>&nbsp;&nbsp;&nbsp;app_error_save_and_stop
</UL>
<BR>[Called By]<UL><LI><a href="#[49]">&gt;&gt;</a>&nbsp;&nbsp;&nbsp;app_error_handler
<LI><a href="#[26]">&gt;&gt;</a>&nbsp;&nbsp;&nbsp;softdevice_fault_handler
</UL>

<P><STRONG><a name="[49]"></a>app_error_handler</STRONG> (Thumb, 56 bytes, Stack size 24 bytes, app_error.o(i.app_error_handler))
<BR><BR>[Stack]<UL><LI>Max Depth = 144<LI>Call Chain = app_error_handler &rArr; app_error_fault_handler &rArr; nrf_log_frontend_dequeue
</UL>
<BR>[Calls]<UL><LI><a href="#[55]">&gt;&gt;</a>&nbsp;&nbsp;&nbsp;nrf_log_frontend_std_1
<LI><a href="#[61]">&gt;&gt;</a>&nbsp;&nbsp;&nbsp;app_error_fault_handler
</UL>
<BR>[Called By]<UL><LI><a href="#[1f]">&gt;&gt;</a>&nbsp;&nbsp;&nbsp;main
<LI><a href="#[7d]">&gt;&gt;</a>&nbsp;&nbsp;&nbsp;timers_init
<LI><a href="#[60]">&gt;&gt;</a>&nbsp;&nbsp;&nbsp;luXbeacon_init
<LI><a href="#[5e]">&gt;&gt;</a>&nbsp;&nbsp;&nbsp;ibeacon_init
<LI><a href="#[71]">&gt;&gt;</a>&nbsp;&nbsp;&nbsp;ble_stack_init
<LI><a href="#[27]">&gt;&gt;</a>&nbsp;&nbsp;&nbsp;battery_level_meas_timeout_handler
<LI><a href="#[6d]">&gt;&gt;</a>&nbsp;&nbsp;&nbsp;application_timers_start
<LI><a href="#[5f]">&gt;&gt;</a>&nbsp;&nbsp;&nbsp;advertising_start
<LI><a href="#[28]">&gt;&gt;</a>&nbsp;&nbsp;&nbsp;adv_timeout_handler
<LI><a href="#[4a]">&gt;&gt;</a>&nbsp;&nbsp;&nbsp;intern_softdevice_events_execute
<LI><a href="#[1b]">&gt;&gt;</a>&nbsp;&nbsp;&nbsp;SWI2_IRQHandler
<LI><a href="#[41]">&gt;&gt;</a>&nbsp;&nbsp;&nbsp;timer_timeouts_check
</UL>

<P><STRONG><a name="[64]"></a>app_error_save_and_stop</STRONG> (Thumb, 90 bytes, Stack size 12 bytes, app_error.o(i.app_error_save_and_stop))
<BR><BR>[Stack]<UL><LI>Max Depth = 12<LI>Call Chain = app_error_save_and_stop
</UL>
<BR>[Called By]<UL><LI><a href="#[61]">&gt;&gt;</a>&nbsp;&nbsp;&nbsp;app_error_fault_handler
</UL>

<P><STRONG><a name="[97]"></a>app_timer_create</STRONG> (Thumb, 40 bytes, Stack size 0 bytes, app_timer.o(i.app_timer_create))
<BR><BR>[Called By]<UL><LI><a href="#[7d]">&gt;&gt;</a>&nbsp;&nbsp;&nbsp;timers_init
</UL>

<P><STRONG><a name="[65]"></a>app_timer_init</STRONG> (Thumb, 98 bytes, Stack size 40 bytes, app_timer.o(i.app_timer_init))
<BR><BR>[Stack]<UL><LI>Max Depth = 56<LI>Call Chain = app_timer_init &rArr; rtc1_stop
</UL>
<BR>[Calls]<UL><LI><a href="#[66]">&gt;&gt;</a>&nbsp;&nbsp;&nbsp;rtc1_stop
<LI><a href="#[67]">&gt;&gt;</a>&nbsp;&nbsp;&nbsp;NVIC_SetPriority
</UL>
<BR>[Called By]<UL><LI><a href="#[1f]">&gt;&gt;</a>&nbsp;&nbsp;&nbsp;main
<LI><a href="#[7d]">&gt;&gt;</a>&nbsp;&nbsp;&nbsp;timers_init
</UL>

<P><STRONG><a name="[68]"></a>app_timer_start</STRONG> (Thumb, 128 bytes, Stack size 32 bytes, app_timer.o(i.app_timer_start))
<BR><BR>[Stack]<UL><LI>Max Depth = 44<LI>Call Chain = app_timer_start &rArr; app_util_critical_region_enter
</UL>
<BR>[Calls]<UL><LI><a href="#[6b]">&gt;&gt;</a>&nbsp;&nbsp;&nbsp;app_util_critical_region_exit
<LI><a href="#[69]">&gt;&gt;</a>&nbsp;&nbsp;&nbsp;app_util_critical_region_enter
<LI><a href="#[6a]">&gt;&gt;</a>&nbsp;&nbsp;&nbsp;user_op_alloc
<LI><a href="#[6c]">&gt;&gt;</a>&nbsp;&nbsp;&nbsp;timer_list_handler_sched
</UL>
<BR>[Called By]<UL><LI><a href="#[6d]">&gt;&gt;</a>&nbsp;&nbsp;&nbsp;application_timers_start
</UL>

<P><STRONG><a name="[69]"></a>app_util_critical_region_enter</STRONG> (Thumb, 48 bytes, Stack size 12 bytes, app_util_platform.o(i.app_util_critical_region_enter))
<BR><BR>[Stack]<UL><LI>Max Depth = 12<LI>Call Chain = app_util_critical_region_enter
</UL>
<BR>[Called By]<UL><LI><a href="#[68]">&gt;&gt;</a>&nbsp;&nbsp;&nbsp;app_timer_start
<LI><a href="#[84]">&gt;&gt;</a>&nbsp;&nbsp;&nbsp;nrf_drv_clock_on_sd_enable
<LI><a href="#[75]">&gt;&gt;</a>&nbsp;&nbsp;&nbsp;buf_prealloc
</UL>

<P><STRONG><a name="[6b]"></a>app_util_critical_region_exit</STRONG> (Thumb, 36 bytes, Stack size 0 bytes, app_util_platform.o(i.app_util_critical_region_exit))
<BR><BR>[Called By]<UL><LI><a href="#[68]">&gt;&gt;</a>&nbsp;&nbsp;&nbsp;app_timer_start
<LI><a href="#[84]">&gt;&gt;</a>&nbsp;&nbsp;&nbsp;nrf_drv_clock_on_sd_enable
<LI><a href="#[75]">&gt;&gt;</a>&nbsp;&nbsp;&nbsp;buf_prealloc
</UL>

<P><STRONG><a name="[70]"></a>ble_advdata_set</STRONG> (Thumb, 104 bytes, Stack size 96 bytes, ble_advdata.o(i.ble_advdata_set))
<BR><BR>[Stack]<UL><LI>Max Depth = 240<LI>Call Chain = ble_advdata_set &rArr; adv_data_encode &rArr; uuid_list_encode &rArr; uuid_list_sized_encode
</UL>
<BR>[Calls]<UL><LI><a href="#[56]">&gt;&gt;</a>&nbsp;&nbsp;&nbsp;adv_data_encode
</UL>
<BR>[Called By]<UL><LI><a href="#[60]">&gt;&gt;</a>&nbsp;&nbsp;&nbsp;luXbeacon_init
<LI><a href="#[5e]">&gt;&gt;</a>&nbsp;&nbsp;&nbsp;ibeacon_init
</UL>

<P><STRONG><a name="[8d]"></a>buffer_is_empty</STRONG> (Thumb, 16 bytes, Stack size 0 bytes, nrf_log_frontend.o(i.buffer_is_empty))
<BR><BR>[Called By]<UL><LI><a href="#[63]">&gt;&gt;</a>&nbsp;&nbsp;&nbsp;nrf_log_frontend_dequeue
</UL>

<P><STRONG><a name="[4a]"></a>intern_softdevice_events_execute</STRONG> (Thumb, 130 bytes, Stack size 24 bytes, softdevice_handler.o(i.intern_softdevice_events_execute))
<BR><BR>[Stack]<UL><LI>Max Depth = 168<LI>Call Chain = intern_softdevice_events_execute &rArr; app_error_handler &rArr; app_error_fault_handler &rArr; nrf_log_frontend_dequeue
</UL>
<BR>[Calls]<UL><LI><a href="#[49]">&gt;&gt;</a>&nbsp;&nbsp;&nbsp;app_error_handler
<LI><a href="#[79]">&gt;&gt;</a>&nbsp;&nbsp;&nbsp;nrf_drv_clock_on_soc_event
</UL>
<BR>[Called By]<UL><LI><a href="#[1b]">&gt;&gt;</a>&nbsp;&nbsp;&nbsp;SWI2_IRQHandler
</UL>

<P><STRONG><a name="[1f]"></a>main</STRONG> (Thumb, 218 bytes, Stack size 8 bytes, main.o(i.main))
<BR><BR>[Stack]<UL><LI>Max Depth = 304<LI>Call Chain = main &rArr; luXbeacon_init &rArr; ble_advdata_set &rArr; adv_data_encode &rArr; uuid_list_encode &rArr; uuid_list_sized_encode
</UL>
<BR>[Calls]<UL><LI><a href="#[7c]">&gt;&gt;</a>&nbsp;&nbsp;&nbsp;nrf_log_init
<LI><a href="#[53]">&gt;&gt;</a>&nbsp;&nbsp;&nbsp;nrf_log_frontend_std_0
<LI><a href="#[63]">&gt;&gt;</a>&nbsp;&nbsp;&nbsp;nrf_log_frontend_dequeue
<LI><a href="#[7e]">&gt;&gt;</a>&nbsp;&nbsp;&nbsp;nrf_drv_adc_init
<LI><a href="#[7f]">&gt;&gt;</a>&nbsp;&nbsp;&nbsp;nrf_drv_adc_channel_enable
<LI><a href="#[65]">&gt;&gt;</a>&nbsp;&nbsp;&nbsp;app_timer_init
<LI><a href="#[49]">&gt;&gt;</a>&nbsp;&nbsp;&nbsp;app_error_handler
<LI><a href="#[7d]">&gt;&gt;</a>&nbsp;&nbsp;&nbsp;timers_init
<LI><a href="#[60]">&gt;&gt;</a>&nbsp;&nbsp;&nbsp;luXbeacon_init
<LI><a href="#[71]">&gt;&gt;</a>&nbsp;&nbsp;&nbsp;ble_stack_init
<LI><a href="#[6d]">&gt;&gt;</a>&nbsp;&nbsp;&nbsp;application_timers_start
<LI><a href="#[5f]">&gt;&gt;</a>&nbsp;&nbsp;&nbsp;advertising_start
</UL>
<BR>[Address Reference Count : 1]<UL><LI> entry9a.o(.ARM.Collect$$$$0000000B)
</UL>
<P><STRONG><a name="[6e]"></a>nrf_drv_adc_buffer_convert</STRONG> (Thumb, 84 bytes, Stack size 16 bytes, nrf_drv_adc.o(i.nrf_drv_adc_buffer_convert))
<BR><BR>[Stack]<UL><LI>Max Depth = 32<LI>Call Chain = nrf_drv_adc_buffer_convert &rArr; adc_sample_process
</UL>
<BR>[Calls]<UL><LI><a href="#[80]">&gt;&gt;</a>&nbsp;&nbsp;&nbsp;nrf_adc_event_check
<LI><a href="#[38]">&gt;&gt;</a>&nbsp;&nbsp;&nbsp;adc_sample_process
</UL>
<BR>[Called By]<UL><LI><a href="#[27]">&gt;&gt;</a>&nbsp;&nbsp;&nbsp;battery_level_meas_timeout_handler
</UL>

<P><STRONG><a name="[7f]"></a>nrf_drv_adc_channel_enable</STRONG> (Thumb, 28 bytes, Stack size 0 bytes, nrf_drv_adc.o(i.nrf_drv_adc_channel_enable))
<BR><BR>[Called By]<UL><LI><a href="#[1f]">&gt;&gt;</a>&nbsp;&nbsp;&nbsp;main
</UL>

<P><STRONG><a name="[7e]"></a>nrf_drv_adc_init</STRONG> (Thumb, 50 bytes, Stack size 16 bytes, nrf_drv_adc.o(i.nrf_drv_adc_init))
<BR><BR>[Stack]<UL><LI>Max Depth = 24<LI>Call Chain = nrf_drv_adc_init &rArr; nrf_drv_common_irq_enable
</UL>
<BR>[Calls]<UL><LI><a href="#[81]">&gt;&gt;</a>&nbsp;&nbsp;&nbsp;nrf_drv_common_irq_enable
</UL>
<BR>[Called By]<UL><LI><a href="#[1f]">&gt;&gt;</a>&nbsp;&nbsp;&nbsp;main
</UL>

<P><STRONG><a name="[6f]"></a>nrf_drv_adc_sample</STRONG> (Thumb, 8 bytes, Stack size 0 bytes, nrf_drv_adc.o(i.nrf_drv_adc_sample))
<BR><BR>[Called By]<UL><LI><a href="#[27]">&gt;&gt;</a>&nbsp;&nbsp;&nbsp;battery_level_meas_timeout_handler
</UL>

<P><STRONG><a name="[82]"></a>nrf_drv_clock_init</STRONG> (Thumb, 60 bytes, Stack size 16 bytes, nrf_drv_clock.o(i.nrf_drv_clock_init))
<BR><BR>[Stack]<UL><LI>Max Depth = 24<LI>Call Chain = nrf_drv_clock_init &rArr; nrf_drv_common_irq_enable
</UL>
<BR>[Calls]<UL><LI><a href="#[83]">&gt;&gt;</a>&nbsp;&nbsp;&nbsp;softdevice_handler_is_enabled
<LI><a href="#[81]">&gt;&gt;</a>&nbsp;&nbsp;&nbsp;nrf_drv_common_irq_enable
</UL>
<BR>[Called By]<UL><LI><a href="#[84]">&gt;&gt;</a>&nbsp;&nbsp;&nbsp;nrf_drv_clock_on_sd_enable
</UL>

<P><STRONG><a name="[84]"></a>nrf_drv_clock_on_sd_enable</STRONG> (Thumb, 46 bytes, Stack size 16 bytes, nrf_drv_clock.o(i.nrf_drv_clock_on_sd_enable))
<BR><BR>[Stack]<UL><LI>Max Depth = 40<LI>Call Chain = nrf_drv_clock_on_sd_enable &rArr; nrf_drv_clock_init &rArr; nrf_drv_common_irq_enable
</UL>
<BR>[Calls]<UL><LI><a href="#[6b]">&gt;&gt;</a>&nbsp;&nbsp;&nbsp;app_util_critical_region_exit
<LI><a href="#[69]">&gt;&gt;</a>&nbsp;&nbsp;&nbsp;app_util_critical_region_enter
<LI><a href="#[82]">&gt;&gt;</a>&nbsp;&nbsp;&nbsp;nrf_drv_clock_init
</UL>
<BR>[Called By]<UL><LI><a href="#[72]">&gt;&gt;</a>&nbsp;&nbsp;&nbsp;softdevice_handler_init
</UL>

<P><STRONG><a name="[79]"></a>nrf_drv_clock_on_soc_event</STRONG> (Thumb, 12 bytes, Stack size 8 bytes, nrf_drv_clock.o(i.nrf_drv_clock_on_soc_event))
<BR><BR>[Stack]<UL><LI>Max Depth = 24<LI>Call Chain = nrf_drv_clock_on_soc_event &rArr; clock_clk_started_notify
</UL>
<BR>[Calls]<UL><LI><a href="#[40]">&gt;&gt;</a>&nbsp;&nbsp;&nbsp;clock_clk_started_notify
</UL>
<BR>[Called By]<UL><LI><a href="#[4a]">&gt;&gt;</a>&nbsp;&nbsp;&nbsp;intern_softdevice_events_execute
</UL>

<P><STRONG><a name="[81]"></a>nrf_drv_common_irq_enable</STRONG> (Thumb, 78 bytes, Stack size 8 bytes, nrf_drv_common.o(i.nrf_drv_common_irq_enable))
<BR><BR>[Stack]<UL><LI>Max Depth = 8<LI>Call Chain = nrf_drv_common_irq_enable
</UL>
<BR>[Called By]<UL><LI><a href="#[7e]">&gt;&gt;</a>&nbsp;&nbsp;&nbsp;nrf_drv_adc_init
<LI><a href="#[82]">&gt;&gt;</a>&nbsp;&nbsp;&nbsp;nrf_drv_clock_init
</UL>

<P><STRONG><a name="[90]"></a>nrf_log_backend_hexdump_handler_get</STRONG> (Thumb, 4 bytes, Stack size 0 bytes, nrf_log_backend_serial.o(i.nrf_log_backend_hexdump_handler_get))
<BR><BR>[Called By]<UL><LI><a href="#[7c]">&gt;&gt;</a>&nbsp;&nbsp;&nbsp;nrf_log_init
</UL>

<P><STRONG><a name="[85]"></a>nrf_log_backend_init</STRONG> (Thumb, 32 bytes, Stack size 16 bytes, nrf_log_backend_serial.o(i.nrf_log_backend_init))
<BR><BR>[Stack]<UL><LI>Max Depth = 32<LI>Call Chain = nrf_log_backend_init &rArr; SEGGER_RTT_Init &rArr; _DoInit
</UL>
<BR>[Calls]<UL><LI><a href="#[42]">&gt;&gt;</a>&nbsp;&nbsp;&nbsp;SEGGER_RTT_Init
</UL>
<BR>[Called By]<UL><LI><a href="#[7c]">&gt;&gt;</a>&nbsp;&nbsp;&nbsp;nrf_log_init
<LI><a href="#[62]">&gt;&gt;</a>&nbsp;&nbsp;&nbsp;nrf_log_blocking_backend_set
</UL>

<P><STRONG><a name="[91]"></a>nrf_log_backend_std_handler_get</STRONG> (Thumb, 4 bytes, Stack size 0 bytes, nrf_log_backend_serial.o(i.nrf_log_backend_std_handler_get))
<BR><BR>[Called By]<UL><LI><a href="#[7c]">&gt;&gt;</a>&nbsp;&nbsp;&nbsp;nrf_log_init
</UL>

<P><STRONG><a name="[62]"></a>nrf_log_blocking_backend_set</STRONG> (Thumb, 10 bytes, Stack size 8 bytes, nrf_log_frontend.o(i.nrf_log_blocking_backend_set))
<BR><BR>[Stack]<UL><LI>Max Depth = 40<LI>Call Chain = nrf_log_blocking_backend_set &rArr; nrf_log_backend_init &rArr; SEGGER_RTT_Init &rArr; _DoInit
</UL>
<BR>[Calls]<UL><LI><a href="#[85]">&gt;&gt;</a>&nbsp;&nbsp;&nbsp;nrf_log_backend_init
</UL>
<BR>[Called By]<UL><LI><a href="#[61]">&gt;&gt;</a>&nbsp;&nbsp;&nbsp;app_error_fault_handler
</UL>

<P><STRONG><a name="[63]"></a>nrf_log_frontend_dequeue</STRONG> (Thumb, 318 bytes, Stack size 104 bytes, nrf_log_frontend.o(i.nrf_log_frontend_dequeue))
<BR><BR>[Stack]<UL><LI>Max Depth = 104<LI>Call Chain = nrf_log_frontend_dequeue
</UL>
<BR>[Calls]<UL><LI><a href="#[8d]">&gt;&gt;</a>&nbsp;&nbsp;&nbsp;buffer_is_empty
</UL>
<BR>[Called By]<UL><LI><a href="#[1f]">&gt;&gt;</a>&nbsp;&nbsp;&nbsp;main
<LI><a href="#[61]">&gt;&gt;</a>&nbsp;&nbsp;&nbsp;app_error_fault_handler
</UL>

<P><STRONG><a name="[8e]"></a>nrf_log_frontend_init</STRONG> (Thumb, 20 bytes, Stack size 4 bytes, nrf_log_frontend.o(i.nrf_log_frontend_init))
<BR><BR>[Stack]<UL><LI>Max Depth = 4<LI>Call Chain = nrf_log_frontend_init
</UL>
<BR>[Calls]<UL><LI><a href="#[8f]">&gt;&gt;</a>&nbsp;&nbsp;&nbsp;nrf_log_handlers_set
</UL>
<BR>[Called By]<UL><LI><a href="#[7c]">&gt;&gt;</a>&nbsp;&nbsp;&nbsp;nrf_log_init
</UL>

<P><STRONG><a name="[53]"></a>nrf_log_frontend_std_0</STRONG> (Thumb, 68 bytes, Stack size 24 bytes, nrf_log_frontend.o(i.nrf_log_frontend_std_0))
<BR><BR>[Stack]<UL><LI>Max Depth = 60<LI>Call Chain = nrf_log_frontend_std_0 &rArr; buf_prealloc &rArr; app_util_critical_region_enter
</UL>
<BR>[Calls]<UL><LI><a href="#[75]">&gt;&gt;</a>&nbsp;&nbsp;&nbsp;buf_prealloc
</UL>
<BR>[Called By]<UL><LI><a href="#[1f]">&gt;&gt;</a>&nbsp;&nbsp;&nbsp;main
<LI><a href="#[23]">&gt;&gt;</a>&nbsp;&nbsp;&nbsp;adc_event_handler
<LI><a href="#[7d]">&gt;&gt;</a>&nbsp;&nbsp;&nbsp;timers_init
<LI><a href="#[60]">&gt;&gt;</a>&nbsp;&nbsp;&nbsp;luXbeacon_init
<LI><a href="#[71]">&gt;&gt;</a>&nbsp;&nbsp;&nbsp;ble_stack_init
<LI><a href="#[27]">&gt;&gt;</a>&nbsp;&nbsp;&nbsp;battery_level_meas_timeout_handler
<LI><a href="#[6d]">&gt;&gt;</a>&nbsp;&nbsp;&nbsp;application_timers_start
<LI><a href="#[5f]">&gt;&gt;</a>&nbsp;&nbsp;&nbsp;advertising_start
<LI><a href="#[28]">&gt;&gt;</a>&nbsp;&nbsp;&nbsp;adv_timeout_handler
<LI><a href="#[61]">&gt;&gt;</a>&nbsp;&nbsp;&nbsp;app_error_fault_handler
</UL>

<P><STRONG><a name="[55]"></a>nrf_log_frontend_std_1</STRONG> (Thumb, 86 bytes, Stack size 40 bytes, nrf_log_frontend.o(i.nrf_log_frontend_std_1))
<BR><BR>[Stack]<UL><LI>Max Depth = 76<LI>Call Chain = nrf_log_frontend_std_1 &rArr; buf_prealloc &rArr; app_util_critical_region_enter
</UL>
<BR>[Calls]<UL><LI><a href="#[75]">&gt;&gt;</a>&nbsp;&nbsp;&nbsp;buf_prealloc
</UL>
<BR>[Called By]<UL><LI><a href="#[74]">&gt;&gt;</a>&nbsp;&nbsp;&nbsp;softdevice_enable
<LI><a href="#[49]">&gt;&gt;</a>&nbsp;&nbsp;&nbsp;app_error_handler
<LI><a href="#[23]">&gt;&gt;</a>&nbsp;&nbsp;&nbsp;adc_event_handler
<LI><a href="#[60]">&gt;&gt;</a>&nbsp;&nbsp;&nbsp;luXbeacon_init
</UL>

<P><STRONG><a name="[8f]"></a>nrf_log_handlers_set</STRONG> (Thumb, 8 bytes, Stack size 0 bytes, nrf_log_frontend.o(i.nrf_log_handlers_set))
<BR><BR>[Called By]<UL><LI><a href="#[8e]">&gt;&gt;</a>&nbsp;&nbsp;&nbsp;nrf_log_frontend_init
</UL>

<P><STRONG><a name="[7c]"></a>nrf_log_init</STRONG> (Thumb, 36 bytes, Stack size 16 bytes, nrf_log_frontend.o(i.nrf_log_init))
<BR><BR>[Stack]<UL><LI>Max Depth = 48<LI>Call Chain = nrf_log_init &rArr; nrf_log_backend_init &rArr; SEGGER_RTT_Init &rArr; _DoInit
</UL>
<BR>[Calls]<UL><LI><a href="#[8e]">&gt;&gt;</a>&nbsp;&nbsp;&nbsp;nrf_log_frontend_init
<LI><a href="#[91]">&gt;&gt;</a>&nbsp;&nbsp;&nbsp;nrf_log_backend_std_handler_get
<LI><a href="#[85]">&gt;&gt;</a>&nbsp;&nbsp;&nbsp;nrf_log_backend_init
<LI><a href="#[90]">&gt;&gt;</a>&nbsp;&nbsp;&nbsp;nrf_log_backend_hexdump_handler_get
</UL>
<BR>[Called By]<UL><LI><a href="#[1f]">&gt;&gt;</a>&nbsp;&nbsp;&nbsp;main
</UL>

<P><STRONG><a name="[74]"></a>softdevice_enable</STRONG> (Thumb, 62 bytes, Stack size 16 bytes, softdevice_handler.o(i.softdevice_enable))
<BR><BR>[Stack]<UL><LI>Max Depth = 92<LI>Call Chain = softdevice_enable &rArr; nrf_log_frontend_std_1 &rArr; buf_prealloc &rArr; app_util_critical_region_enter
</UL>
<BR>[Calls]<UL><LI><a href="#[55]">&gt;&gt;</a>&nbsp;&nbsp;&nbsp;nrf_log_frontend_std_1
<LI><a href="#[94]">&gt;&gt;</a>&nbsp;&nbsp;&nbsp;ram_end_address_get
</UL>
<BR>[Called By]<UL><LI><a href="#[71]">&gt;&gt;</a>&nbsp;&nbsp;&nbsp;ble_stack_init
</UL>

<P><STRONG><a name="[73]"></a>softdevice_enable_get_default_config</STRONG> (Thumb, 40 bytes, Stack size 16 bytes, softdevice_handler.o(i.softdevice_enable_get_default_config))
<BR><BR>[Stack]<UL><LI>Max Depth = 16<LI>Call Chain = softdevice_enable_get_default_config
</UL>
<BR>[Calls]<UL><LI><a href="#[78]">&gt;&gt;</a>&nbsp;&nbsp;&nbsp;__aeabi_memclr4
</UL>
<BR>[Called By]<UL><LI><a href="#[71]">&gt;&gt;</a>&nbsp;&nbsp;&nbsp;ble_stack_init
</UL>

<P><STRONG><a name="[26]"></a>softdevice_fault_handler</STRONG> (Thumb, 8 bytes, Stack size 8 bytes, softdevice_handler.o(i.softdevice_fault_handler))
<BR><BR>[Stack]<UL><LI>Max Depth = 128<LI>Call Chain = softdevice_fault_handler &rArr; app_error_fault_handler &rArr; nrf_log_frontend_dequeue
</UL>
<BR>[Calls]<UL><LI><a href="#[61]">&gt;&gt;</a>&nbsp;&nbsp;&nbsp;app_error_fault_handler
</UL>
<BR>[Address Reference Count : 1]<UL><LI> softdevice_handler.o(i.softdevice_handler_init)
</UL>
<P><STRONG><a name="[72]"></a>softdevice_handler_init</STRONG> (Thumb, 74 bytes, Stack size 24 bytes, softdevice_handler.o(i.softdevice_handler_init))
<BR><BR>[Stack]<UL><LI>Max Depth = 64<LI>Call Chain = softdevice_handler_init &rArr; nrf_drv_clock_on_sd_enable &rArr; nrf_drv_clock_init &rArr; nrf_drv_common_irq_enable
</UL>
<BR>[Calls]<UL><LI><a href="#[84]">&gt;&gt;</a>&nbsp;&nbsp;&nbsp;nrf_drv_clock_on_sd_enable
<LI><a href="#[92]">&gt;&gt;</a>&nbsp;&nbsp;&nbsp;sd_nvic_EnableIRQ
</UL>
<BR>[Called By]<UL><LI><a href="#[71]">&gt;&gt;</a>&nbsp;&nbsp;&nbsp;ble_stack_init
</UL>

<P><STRONG><a name="[83]"></a>softdevice_handler_is_enabled</STRONG> (Thumb, 6 bytes, Stack size 0 bytes, softdevice_handler.o(i.softdevice_handler_is_enabled))
<BR><BR>[Called By]<UL><LI><a href="#[82]">&gt;&gt;</a>&nbsp;&nbsp;&nbsp;nrf_drv_clock_init
</UL>
<P>
<H3>
Local Symbols
</H3>
<P><STRONG><a name="[28]"></a>adv_timeout_handler</STRONG> (Thumb, 60 bytes, Stack size 8 bytes, main.o(i.adv_timeout_handler))
<BR><BR>[Stack]<UL><LI>Max Depth = 304<LI>Call Chain = adv_timeout_handler &rArr; luXbeacon_init &rArr; ble_advdata_set &rArr; adv_data_encode &rArr; uuid_list_encode &rArr; uuid_list_sized_encode
</UL>
<BR>[Calls]<UL><LI><a href="#[53]">&gt;&gt;</a>&nbsp;&nbsp;&nbsp;nrf_log_frontend_std_0
<LI><a href="#[49]">&gt;&gt;</a>&nbsp;&nbsp;&nbsp;app_error_handler
<LI><a href="#[60]">&gt;&gt;</a>&nbsp;&nbsp;&nbsp;luXbeacon_init
<LI><a href="#[5e]">&gt;&gt;</a>&nbsp;&nbsp;&nbsp;ibeacon_init
<LI><a href="#[5f]">&gt;&gt;</a>&nbsp;&nbsp;&nbsp;advertising_start
</UL>
<BR>[Address Reference Count : 1]<UL><LI> main.o(i.timers_init)
</UL>
<P><STRONG><a name="[5f]"></a>advertising_start</STRONG> (Thumb, 30 bytes, Stack size 8 bytes, main.o(i.advertising_start))
<BR><BR>[Stack]<UL><LI>Max Depth = 152<LI>Call Chain = advertising_start &rArr; app_error_handler &rArr; app_error_fault_handler &rArr; nrf_log_frontend_dequeue
</UL>
<BR>[Calls]<UL><LI><a href="#[53]">&gt;&gt;</a>&nbsp;&nbsp;&nbsp;nrf_log_frontend_std_0
<LI><a href="#[49]">&gt;&gt;</a>&nbsp;&nbsp;&nbsp;app_error_handler
</UL>
<BR>[Called By]<UL><LI><a href="#[1f]">&gt;&gt;</a>&nbsp;&nbsp;&nbsp;main
<LI><a href="#[28]">&gt;&gt;</a>&nbsp;&nbsp;&nbsp;adv_timeout_handler
</UL>

<P><STRONG><a name="[6d]"></a>application_timers_start</STRONG> (Thumb, 64 bytes, Stack size 8 bytes, main.o(i.application_timers_start))
<BR><BR>[Stack]<UL><LI>Max Depth = 152<LI>Call Chain = application_timers_start &rArr; app_error_handler &rArr; app_error_fault_handler &rArr; nrf_log_frontend_dequeue
</UL>
<BR>[Calls]<UL><LI><a href="#[53]">&gt;&gt;</a>&nbsp;&nbsp;&nbsp;nrf_log_frontend_std_0
<LI><a href="#[68]">&gt;&gt;</a>&nbsp;&nbsp;&nbsp;app_timer_start
<LI><a href="#[49]">&gt;&gt;</a>&nbsp;&nbsp;&nbsp;app_error_handler
</UL>
<BR>[Called By]<UL><LI><a href="#[1f]">&gt;&gt;</a>&nbsp;&nbsp;&nbsp;main
</UL>

<P><STRONG><a name="[27]"></a>battery_level_meas_timeout_handler</STRONG> (Thumb, 48 bytes, Stack size 8 bytes, main.o(i.battery_level_meas_timeout_handler))
<BR><BR>[Stack]<UL><LI>Max Depth = 152<LI>Call Chain = battery_level_meas_timeout_handler &rArr; app_error_handler &rArr; app_error_fault_handler &rArr; nrf_log_frontend_dequeue
</UL>
<BR>[Calls]<UL><LI><a href="#[53]">&gt;&gt;</a>&nbsp;&nbsp;&nbsp;nrf_log_frontend_std_0
<LI><a href="#[6f]">&gt;&gt;</a>&nbsp;&nbsp;&nbsp;nrf_drv_adc_sample
<LI><a href="#[6e]">&gt;&gt;</a>&nbsp;&nbsp;&nbsp;nrf_drv_adc_buffer_convert
<LI><a href="#[49]">&gt;&gt;</a>&nbsp;&nbsp;&nbsp;app_error_handler
</UL>
<BR>[Address Reference Count : 1]<UL><LI> main.o(i.timers_init)
</UL>
<P><STRONG><a name="[71]"></a>ble_stack_init</STRONG> (Thumb, 92 bytes, Stack size 32 bytes, main.o(i.ble_stack_init))
<BR><BR>[Stack]<UL><LI>Max Depth = 176<LI>Call Chain = ble_stack_init &rArr; app_error_handler &rArr; app_error_fault_handler &rArr; nrf_log_frontend_dequeue
</UL>
<BR>[Calls]<UL><LI><a href="#[72]">&gt;&gt;</a>&nbsp;&nbsp;&nbsp;softdevice_handler_init
<LI><a href="#[73]">&gt;&gt;</a>&nbsp;&nbsp;&nbsp;softdevice_enable_get_default_config
<LI><a href="#[74]">&gt;&gt;</a>&nbsp;&nbsp;&nbsp;softdevice_enable
<LI><a href="#[53]">&gt;&gt;</a>&nbsp;&nbsp;&nbsp;nrf_log_frontend_std_0
<LI><a href="#[49]">&gt;&gt;</a>&nbsp;&nbsp;&nbsp;app_error_handler
</UL>
<BR>[Called By]<UL><LI><a href="#[1f]">&gt;&gt;</a>&nbsp;&nbsp;&nbsp;main
</UL>

<P><STRONG><a name="[5e]"></a>ibeacon_init</STRONG> (Thumb, 90 bytes, Stack size 24 bytes, main.o(i.ibeacon_init))
<BR><BR>[Stack]<UL><LI>Max Depth = 264<LI>Call Chain = ibeacon_init &rArr; ble_advdata_set &rArr; adv_data_encode &rArr; uuid_list_encode &rArr; uuid_list_sized_encode
</UL>
<BR>[Calls]<UL><LI><a href="#[70]">&gt;&gt;</a>&nbsp;&nbsp;&nbsp;ble_advdata_set
<LI><a href="#[49]">&gt;&gt;</a>&nbsp;&nbsp;&nbsp;app_error_handler
<LI><a href="#[78]">&gt;&gt;</a>&nbsp;&nbsp;&nbsp;__aeabi_memclr4
</UL>
<BR>[Called By]<UL><LI><a href="#[28]">&gt;&gt;</a>&nbsp;&nbsp;&nbsp;adv_timeout_handler
</UL>

<P><STRONG><a name="[60]"></a>luXbeacon_init</STRONG> (Thumb, 300 bytes, Stack size 56 bytes, main.o(i.luXbeacon_init))
<BR><BR>[Stack]<UL><LI>Max Depth = 296<LI>Call Chain = luXbeacon_init &rArr; ble_advdata_set &rArr; adv_data_encode &rArr; uuid_list_encode &rArr; uuid_list_sized_encode
</UL>
<BR>[Calls]<UL><LI><a href="#[55]">&gt;&gt;</a>&nbsp;&nbsp;&nbsp;nrf_log_frontend_std_1
<LI><a href="#[53]">&gt;&gt;</a>&nbsp;&nbsp;&nbsp;nrf_log_frontend_std_0
<LI><a href="#[70]">&gt;&gt;</a>&nbsp;&nbsp;&nbsp;ble_advdata_set
<LI><a href="#[49]">&gt;&gt;</a>&nbsp;&nbsp;&nbsp;app_error_handler
<LI><a href="#[78]">&gt;&gt;</a>&nbsp;&nbsp;&nbsp;__aeabi_memclr4
</UL>
<BR>[Called By]<UL><LI><a href="#[1f]">&gt;&gt;</a>&nbsp;&nbsp;&nbsp;main
<LI><a href="#[28]">&gt;&gt;</a>&nbsp;&nbsp;&nbsp;adv_timeout_handler
</UL>

<P><STRONG><a name="[7d]"></a>timers_init</STRONG> (Thumb, 88 bytes, Stack size 8 bytes, main.o(i.timers_init))
<BR><BR>[Stack]<UL><LI>Max Depth = 152<LI>Call Chain = timers_init &rArr; app_error_handler &rArr; app_error_fault_handler &rArr; nrf_log_frontend_dequeue
</UL>
<BR>[Calls]<UL><LI><a href="#[53]">&gt;&gt;</a>&nbsp;&nbsp;&nbsp;nrf_log_frontend_std_0
<LI><a href="#[65]">&gt;&gt;</a>&nbsp;&nbsp;&nbsp;app_timer_init
<LI><a href="#[97]">&gt;&gt;</a>&nbsp;&nbsp;&nbsp;app_timer_create
<LI><a href="#[49]">&gt;&gt;</a>&nbsp;&nbsp;&nbsp;app_error_handler
</UL>
<BR>[Called By]<UL><LI><a href="#[1f]">&gt;&gt;</a>&nbsp;&nbsp;&nbsp;main
</UL>

<P><STRONG><a name="[58]"></a>ble_device_addr_encode</STRONG> (Thumb, 94 bytes, Stack size 24 bytes, ble_advdata.o(i.ble_device_addr_encode))
<BR><BR>[Stack]<UL><LI>Max Depth = 24<LI>Call Chain = ble_device_addr_encode
</UL>
<BR>[Calls]<UL><LI><a href="#[4e]">&gt;&gt;</a>&nbsp;&nbsp;&nbsp;__aeabi_memcpy
</UL>
<BR>[Called By]<UL><LI><a href="#[56]">&gt;&gt;</a>&nbsp;&nbsp;&nbsp;adv_data_encode
</UL>

<P><STRONG><a name="[5b]"></a>conn_int_encode</STRONG> (Thumb, 130 bytes, Stack size 24 bytes, ble_advdata.o(i.conn_int_encode))
<BR><BR>[Stack]<UL><LI>Max Depth = 24<LI>Call Chain = conn_int_encode
</UL>
<BR>[Calls]<UL><LI><a href="#[59]">&gt;&gt;</a>&nbsp;&nbsp;&nbsp;uint16_encode
</UL>
<BR>[Called By]<UL><LI><a href="#[56]">&gt;&gt;</a>&nbsp;&nbsp;&nbsp;adv_data_encode
</UL>

<P><STRONG><a name="[5c]"></a>manuf_specific_data_encode</STRONG> (Thumb, 104 bytes, Stack size 16 bytes, ble_advdata.o(i.manuf_specific_data_encode))
<BR><BR>[Stack]<UL><LI>Max Depth = 16<LI>Call Chain = manuf_specific_data_encode
</UL>
<BR>[Calls]<UL><LI><a href="#[59]">&gt;&gt;</a>&nbsp;&nbsp;&nbsp;uint16_encode
<LI><a href="#[4e]">&gt;&gt;</a>&nbsp;&nbsp;&nbsp;__aeabi_memcpy
</UL>
<BR>[Called By]<UL><LI><a href="#[56]">&gt;&gt;</a>&nbsp;&nbsp;&nbsp;adv_data_encode
</UL>

<P><STRONG><a name="[57]"></a>name_encode</STRONG> (Thumb, 158 bytes, Stack size 24 bytes, ble_advdata.o(i.name_encode))
<BR><BR>[Stack]<UL><LI>Max Depth = 24<LI>Call Chain = name_encode
</UL>
<BR>[Called By]<UL><LI><a href="#[56]">&gt;&gt;</a>&nbsp;&nbsp;&nbsp;adv_data_encode
</UL>

<P><STRONG><a name="[5d]"></a>service_data_encode</STRONG> (Thumb, 142 bytes, Stack size 40 bytes, ble_advdata.o(i.service_data_encode))
<BR><BR>[Stack]<UL><LI>Max Depth = 40<LI>Call Chain = service_data_encode
</UL>
<BR>[Calls]<UL><LI><a href="#[59]">&gt;&gt;</a>&nbsp;&nbsp;&nbsp;uint16_encode
<LI><a href="#[4e]">&gt;&gt;</a>&nbsp;&nbsp;&nbsp;__aeabi_memcpy
</UL>
<BR>[Called By]<UL><LI><a href="#[56]">&gt;&gt;</a>&nbsp;&nbsp;&nbsp;adv_data_encode
</UL>

<P><STRONG><a name="[59]"></a>uint16_encode</STRONG> (Thumb, 10 bytes, Stack size 0 bytes, ble_advdata.o(i.uint16_encode))
<BR><BR>[Called By]<UL><LI><a href="#[56]">&gt;&gt;</a>&nbsp;&nbsp;&nbsp;adv_data_encode
<LI><a href="#[5d]">&gt;&gt;</a>&nbsp;&nbsp;&nbsp;service_data_encode
<LI><a href="#[5c]">&gt;&gt;</a>&nbsp;&nbsp;&nbsp;manuf_specific_data_encode
<LI><a href="#[5b]">&gt;&gt;</a>&nbsp;&nbsp;&nbsp;conn_int_encode
</UL>

<P><STRONG><a name="[5a]"></a>uuid_list_encode</STRONG> (Thumb, 48 bytes, Stack size 48 bytes, ble_advdata.o(i.uuid_list_encode))
<BR><BR>[Stack]<UL><LI>Max Depth = 96<LI>Call Chain = uuid_list_encode &rArr; uuid_list_sized_encode
</UL>
<BR>[Calls]<UL><LI><a href="#[9e]">&gt;&gt;</a>&nbsp;&nbsp;&nbsp;uuid_list_sized_encode
</UL>
<BR>[Called By]<UL><LI><a href="#[56]">&gt;&gt;</a>&nbsp;&nbsp;&nbsp;adv_data_encode
</UL>

<P><STRONG><a name="[9e]"></a>uuid_list_sized_encode</STRONG> (Thumb, 174 bytes, Stack size 48 bytes, ble_advdata.o(i.uuid_list_sized_encode))
<BR><BR>[Stack]<UL><LI>Max Depth = 48<LI>Call Chain = uuid_list_sized_encode
</UL>
<BR>[Called By]<UL><LI><a href="#[5a]">&gt;&gt;</a>&nbsp;&nbsp;&nbsp;uuid_list_encode
</UL>

<P><STRONG><a name="[40]"></a>clock_clk_started_notify</STRONG> (Thumb, 34 bytes, Stack size 16 bytes, nrf_drv_clock.o(i.clock_clk_started_notify))
<BR><BR>[Stack]<UL><LI>Max Depth = 16<LI>Call Chain = clock_clk_started_notify
</UL>
<BR>[Called By]<UL><LI><a href="#[79]">&gt;&gt;</a>&nbsp;&nbsp;&nbsp;nrf_drv_clock_on_soc_event
<LI><a href="#[6]">&gt;&gt;</a>&nbsp;&nbsp;&nbsp;POWER_CLOCK_IRQHandler
</UL>

<P><STRONG><a name="[3f]"></a>nrf_clock_event_check</STRONG> (Thumb, 16 bytes, Stack size 0 bytes, nrf_drv_clock.o(i.nrf_clock_event_check))
<BR><BR>[Called By]<UL><LI><a href="#[6]">&gt;&gt;</a>&nbsp;&nbsp;&nbsp;POWER_CLOCK_IRQHandler
</UL>

<P><STRONG><a name="[3d]"></a>channel_port_get</STRONG> (Thumb, 10 bytes, Stack size 0 bytes, nrf_drv_gpiote.o(i.channel_port_get))
<BR><BR>[Called By]<UL><LI><a href="#[b]">&gt;&gt;</a>&nbsp;&nbsp;&nbsp;GPIOTE_IRQHandler
</UL>

<P><STRONG><a name="[3c]"></a>nrf_bitmask_bit_is_set</STRONG> (Thumb, 16 bytes, Stack size 0 bytes, nrf_drv_gpiote.o(i.nrf_bitmask_bit_is_set))
<BR><BR>[Called By]<UL><LI><a href="#[b]">&gt;&gt;</a>&nbsp;&nbsp;&nbsp;GPIOTE_IRQHandler
</UL>

<P><STRONG><a name="[3e]"></a>nrf_gpio_cfg_sense_set</STRONG> (Thumb, 34 bytes, Stack size 0 bytes, nrf_drv_gpiote.o(i.nrf_gpio_cfg_sense_set))
<BR><BR>[Called By]<UL><LI><a href="#[b]">&gt;&gt;</a>&nbsp;&nbsp;&nbsp;GPIOTE_IRQHandler
</UL>

<P><STRONG><a name="[3b]"></a>nrf_gpio_ports_read</STRONG> (Thumb, 36 bytes, Stack size 16 bytes, nrf_drv_gpiote.o(i.nrf_gpio_ports_read))
<BR><BR>[Stack]<UL><LI>Max Depth = 16<LI>Call Chain = nrf_gpio_ports_read
</UL>
<BR>[Called By]<UL><LI><a href="#[b]">&gt;&gt;</a>&nbsp;&nbsp;&nbsp;GPIOTE_IRQHandler
</UL>

<P><STRONG><a name="[3a]"></a>nrf_gpiote_event_clear</STRONG> (Thumb, 10 bytes, Stack size 0 bytes, nrf_drv_gpiote.o(i.nrf_gpiote_event_clear))
<BR><BR>[Called By]<UL><LI><a href="#[b]">&gt;&gt;</a>&nbsp;&nbsp;&nbsp;GPIOTE_IRQHandler
</UL>

<P><STRONG><a name="[39]"></a>nrf_gpiote_event_is_set</STRONG> (Thumb, 14 bytes, Stack size 0 bytes, nrf_drv_gpiote.o(i.nrf_gpiote_event_is_set))
<BR><BR>[Called By]<UL><LI><a href="#[b]">&gt;&gt;</a>&nbsp;&nbsp;&nbsp;GPIOTE_IRQHandler
</UL>

<P><STRONG><a name="[99]"></a>nrf_uart_event_check</STRONG> (Thumb, 10 bytes, Stack size 0 bytes, nrf_drv_uart.o(i.nrf_uart_event_check))
<BR><BR>[Called By]<UL><LI><a href="#[4c]">&gt;&gt;</a>&nbsp;&nbsp;&nbsp;uart_irq_handler
</UL>

<P><STRONG><a name="[98]"></a>nrf_uart_int_enable_check</STRONG> (Thumb, 16 bytes, Stack size 0 bytes, nrf_drv_uart.o(i.nrf_uart_int_enable_check))
<BR><BR>[Called By]<UL><LI><a href="#[4c]">&gt;&gt;</a>&nbsp;&nbsp;&nbsp;uart_irq_handler
</UL>

<P><STRONG><a name="[9a]"></a>rx_byte</STRONG> (Thumb, 38 bytes, Stack size 12 bytes, nrf_drv_uart.o(i.rx_byte))
<BR><BR>[Stack]<UL><LI>Max Depth = 12<LI>Call Chain = rx_byte
</UL>
<BR>[Called By]<UL><LI><a href="#[4c]">&gt;&gt;</a>&nbsp;&nbsp;&nbsp;uart_irq_handler
</UL>

<P><STRONG><a name="[9b]"></a>rx_done_event</STRONG> (Thumb, 20 bytes, Stack size 24 bytes, nrf_drv_uart.o(i.rx_done_event))
<BR><BR>[Stack]<UL><LI>Max Depth = 24<LI>Call Chain = rx_done_event
</UL>
<BR>[Called By]<UL><LI><a href="#[4c]">&gt;&gt;</a>&nbsp;&nbsp;&nbsp;uart_irq_handler
</UL>

<P><STRONG><a name="[9c]"></a>tx_byte</STRONG> (Thumb, 30 bytes, Stack size 0 bytes, nrf_drv_uart.o(i.tx_byte))
<BR><BR>[Called By]<UL><LI><a href="#[4c]">&gt;&gt;</a>&nbsp;&nbsp;&nbsp;uart_irq_handler
</UL>

<P><STRONG><a name="[9d]"></a>tx_done_event</STRONG> (Thumb, 24 bytes, Stack size 24 bytes, nrf_drv_uart.o(i.tx_done_event))
<BR><BR>[Stack]<UL><LI>Max Depth = 24<LI>Call Chain = tx_done_event
</UL>
<BR>[Called By]<UL><LI><a href="#[4c]">&gt;&gt;</a>&nbsp;&nbsp;&nbsp;uart_irq_handler
</UL>

<P><STRONG><a name="[4c]"></a>uart_irq_handler</STRONG> (Thumb, 296 bytes, Stack size 40 bytes, nrf_drv_uart.o(i.uart_irq_handler))
<BR><BR>[Stack]<UL><LI>Max Depth = 64<LI>Call Chain = uart_irq_handler &rArr; tx_done_event
</UL>
<BR>[Calls]<UL><LI><a href="#[9d]">&gt;&gt;</a>&nbsp;&nbsp;&nbsp;tx_done_event
<LI><a href="#[9c]">&gt;&gt;</a>&nbsp;&nbsp;&nbsp;tx_byte
<LI><a href="#[9b]">&gt;&gt;</a>&nbsp;&nbsp;&nbsp;rx_done_event
<LI><a href="#[9a]">&gt;&gt;</a>&nbsp;&nbsp;&nbsp;rx_byte
<LI><a href="#[98]">&gt;&gt;</a>&nbsp;&nbsp;&nbsp;nrf_uart_int_enable_check
<LI><a href="#[99]">&gt;&gt;</a>&nbsp;&nbsp;&nbsp;nrf_uart_event_check
</UL>
<BR>[Called By]<UL><LI><a href="#[8]">&gt;&gt;</a>&nbsp;&nbsp;&nbsp;UART0_IRQHandler
</UL>

<P><STRONG><a name="[38]"></a>adc_sample_process</STRONG> (Thumb, 80 bytes, Stack size 16 bytes, nrf_drv_adc.o(i.adc_sample_process))
<BR><BR>[Stack]<UL><LI>Max Depth = 16<LI>Call Chain = adc_sample_process
</UL>
<BR>[Called By]<UL><LI><a href="#[6e]">&gt;&gt;</a>&nbsp;&nbsp;&nbsp;nrf_drv_adc_buffer_convert
<LI><a href="#[c]">&gt;&gt;</a>&nbsp;&nbsp;&nbsp;ADC_IRQHandler
</UL>

<P><STRONG><a name="[80]"></a>nrf_adc_event_check</STRONG> (Thumb, 14 bytes, Stack size 0 bytes, nrf_drv_adc.o(i.nrf_adc_event_check))
<BR><BR>[Called By]<UL><LI><a href="#[6e]">&gt;&gt;</a>&nbsp;&nbsp;&nbsp;nrf_drv_adc_buffer_convert
</UL>

<P><STRONG><a name="[67]"></a>NVIC_SetPriority</STRONG> (Thumb, 60 bytes, Stack size 0 bytes, app_timer.o(i.NVIC_SetPriority))
<BR><BR>[Called By]<UL><LI><a href="#[65]">&gt;&gt;</a>&nbsp;&nbsp;&nbsp;app_timer_init
</UL>

<P><STRONG><a name="[76]"></a>compare_reg_update</STRONG> (Thumb, 142 bytes, Stack size 24 bytes, app_timer.o(i.compare_reg_update))
<BR><BR>[Stack]<UL><LI>Max Depth = 40<LI>Call Chain = compare_reg_update &rArr; rtc1_stop
</UL>
<BR>[Calls]<UL><LI><a href="#[66]">&gt;&gt;</a>&nbsp;&nbsp;&nbsp;rtc1_stop
<LI><a href="#[77]">&gt;&gt;</a>&nbsp;&nbsp;&nbsp;nrf_delay_us
</UL>
<BR>[Called By]<UL><LI><a href="#[48]">&gt;&gt;</a>&nbsp;&nbsp;&nbsp;timer_list_handler
</UL>

<P><STRONG><a name="[95]"></a>elapsed_ticks_acquire</STRONG> (Thumb, 58 bytes, Stack size 8 bytes, app_timer.o(i.elapsed_ticks_acquire))
<BR><BR>[Stack]<UL><LI>Max Depth = 8<LI>Call Chain = elapsed_ticks_acquire
</UL>
<BR>[Called By]<UL><LI><a href="#[48]">&gt;&gt;</a>&nbsp;&nbsp;&nbsp;timer_list_handler
</UL>

<P><STRONG><a name="[96]"></a>list_deletions_handler</STRONG> (Thumb, 162 bytes, Stack size 20 bytes, app_timer.o(i.list_deletions_handler))
<BR><BR>[Stack]<UL><LI>Max Depth = 20<LI>Call Chain = list_deletions_handler
</UL>
<BR>[Called By]<UL><LI><a href="#[48]">&gt;&gt;</a>&nbsp;&nbsp;&nbsp;timer_list_handler
</UL>

<P><STRONG><a name="[7a]"></a>list_insertions_handler</STRONG> (Thumb, 178 bytes, Stack size 24 bytes, app_timer.o(i.list_insertions_handler))
<BR><BR>[Stack]<UL><LI>Max Depth = 32<LI>Call Chain = list_insertions_handler &rArr; timer_list_insert
</UL>
<BR>[Calls]<UL><LI><a href="#[7b]">&gt;&gt;</a>&nbsp;&nbsp;&nbsp;timer_list_insert
</UL>
<BR>[Called By]<UL><LI><a href="#[48]">&gt;&gt;</a>&nbsp;&nbsp;&nbsp;timer_list_handler
</UL>

<P><STRONG><a name="[77]"></a>nrf_delay_us</STRONG> (Thumb, 38 bytes, Stack size 0 bytes, app_timer.o(i.nrf_delay_us))
<BR><BR>[Called By]<UL><LI><a href="#[66]">&gt;&gt;</a>&nbsp;&nbsp;&nbsp;rtc1_stop
<LI><a href="#[76]">&gt;&gt;</a>&nbsp;&nbsp;&nbsp;compare_reg_update
</UL>

<P><STRONG><a name="[66]"></a>rtc1_stop</STRONG> (Thumb, 50 bytes, Stack size 16 bytes, app_timer.o(i.rtc1_stop))
<BR><BR>[Stack]<UL><LI>Max Depth = 16<LI>Call Chain = rtc1_stop
</UL>
<BR>[Calls]<UL><LI><a href="#[77]">&gt;&gt;</a>&nbsp;&nbsp;&nbsp;nrf_delay_us
</UL>
<BR>[Called By]<UL><LI><a href="#[65]">&gt;&gt;</a>&nbsp;&nbsp;&nbsp;app_timer_init
<LI><a href="#[76]">&gt;&gt;</a>&nbsp;&nbsp;&nbsp;compare_reg_update
</UL>

<P><STRONG><a name="[48]"></a>timer_list_handler</STRONG> (Thumb, 128 bytes, Stack size 32 bytes, app_timer.o(i.timer_list_handler))
<BR><BR>[Stack]<UL><LI>Max Depth = 72<LI>Call Chain = timer_list_handler &rArr; compare_reg_update &rArr; rtc1_stop
</UL>
<BR>[Calls]<UL><LI><a href="#[7a]">&gt;&gt;</a>&nbsp;&nbsp;&nbsp;list_insertions_handler
<LI><a href="#[96]">&gt;&gt;</a>&nbsp;&nbsp;&nbsp;list_deletions_handler
<LI><a href="#[95]">&gt;&gt;</a>&nbsp;&nbsp;&nbsp;elapsed_ticks_acquire
<LI><a href="#[76]">&gt;&gt;</a>&nbsp;&nbsp;&nbsp;compare_reg_update
</UL>
<BR>[Called By]<UL><LI><a href="#[19]">&gt;&gt;</a>&nbsp;&nbsp;&nbsp;SWI0_IRQHandler
</UL>

<P><STRONG><a name="[6c]"></a>timer_list_handler_sched</STRONG> (Thumb, 10 bytes, Stack size 0 bytes, app_timer.o(i.timer_list_handler_sched))
<BR><BR>[Called By]<UL><LI><a href="#[68]">&gt;&gt;</a>&nbsp;&nbsp;&nbsp;app_timer_start
<LI><a href="#[41]">&gt;&gt;</a>&nbsp;&nbsp;&nbsp;timer_timeouts_check
</UL>

<P><STRONG><a name="[7b]"></a>timer_list_insert</STRONG> (Thumb, 60 bytes, Stack size 8 bytes, app_timer.o(i.timer_list_insert))
<BR><BR>[Stack]<UL><LI>Max Depth = 8<LI>Call Chain = timer_list_insert
</UL>
<BR>[Called By]<UL><LI><a href="#[7a]">&gt;&gt;</a>&nbsp;&nbsp;&nbsp;list_insertions_handler
</UL>

<P><STRONG><a name="[41]"></a>timer_timeouts_check</STRONG> (Thumb, 124 bytes, Stack size 24 bytes, app_timer.o(i.timer_timeouts_check))
<BR><BR>[Stack]<UL><LI>Max Depth = 168<LI>Call Chain = timer_timeouts_check &rArr; app_error_handler &rArr; app_error_fault_handler &rArr; nrf_log_frontend_dequeue
</UL>
<BR>[Calls]<UL><LI><a href="#[49]">&gt;&gt;</a>&nbsp;&nbsp;&nbsp;app_error_handler
<LI><a href="#[6c]">&gt;&gt;</a>&nbsp;&nbsp;&nbsp;timer_list_handler_sched
</UL>
<BR>[Called By]<UL><LI><a href="#[16]">&gt;&gt;</a>&nbsp;&nbsp;&nbsp;RTC1_IRQHandler
</UL>

<P><STRONG><a name="[6a]"></a>user_op_alloc</STRONG> (Thumb, 40 bytes, Stack size 8 bytes, app_timer.o(i.user_op_alloc))
<BR><BR>[Stack]<UL><LI>Max Depth = 8<LI>Call Chain = user_op_alloc
</UL>
<BR>[Called By]<UL><LI><a href="#[68]">&gt;&gt;</a>&nbsp;&nbsp;&nbsp;app_timer_start
</UL>

<P><STRONG><a name="[8c]"></a>buf_len_update</STRONG> (Thumb, 18 bytes, Stack size 0 bytes, nrf_log_backend_serial.o(i.buf_len_update))
<BR><BR>[Called By]<UL><LI><a href="#[86]">&gt;&gt;</a>&nbsp;&nbsp;&nbsp;timestamp_process
<LI><a href="#[25]">&gt;&gt;</a>&nbsp;&nbsp;&nbsp;nrf_log_backend_serial_std_handler
</UL>

<P><STRONG><a name="[24]"></a>nrf_log_backend_serial_hexdump_handler</STRONG> (Thumb, 284 bytes, Stack size 296 bytes, nrf_log_backend_serial.o(i.nrf_log_backend_serial_hexdump_handler))
<BR><BR>[Stack]<UL><LI>Max Depth = 376<LI>Call Chain = nrf_log_backend_serial_hexdump_handler &rArr; serial_tx &rArr; SEGGER_RTT_WriteNoLock &rArr; _WriteBlocking
</UL>
<BR>[Calls]<UL><LI><a href="#[86]">&gt;&gt;</a>&nbsp;&nbsp;&nbsp;timestamp_process
<LI><a href="#[89]">&gt;&gt;</a>&nbsp;&nbsp;&nbsp;serial_tx
<LI><a href="#[87]">&gt;&gt;</a>&nbsp;&nbsp;&nbsp;strlen
<LI><a href="#[4e]">&gt;&gt;</a>&nbsp;&nbsp;&nbsp;__aeabi_memcpy
<LI><a href="#[88]">&gt;&gt;</a>&nbsp;&nbsp;&nbsp;__rt_ctype_table
</UL>
<BR>[Address Reference Count : 1]<UL><LI> nrf_log_backend_serial.o(i.nrf_log_backend_hexdump_handler_get)
</UL>
<P><STRONG><a name="[25]"></a>nrf_log_backend_serial_std_handler</STRONG> (Thumb, 248 bytes, Stack size 320 bytes, nrf_log_backend_serial.o(i.nrf_log_backend_serial_std_handler))
<BR><BR>[Stack]<UL><LI>Max Depth = 400<LI>Call Chain = nrf_log_backend_serial_std_handler &rArr; serial_tx &rArr; SEGGER_RTT_WriteNoLock &rArr; _WriteBlocking
</UL>
<BR>[Calls]<UL><LI><a href="#[8a]">&gt;&gt;</a>&nbsp;&nbsp;&nbsp;__ARM_common_switch8
<LI><a href="#[86]">&gt;&gt;</a>&nbsp;&nbsp;&nbsp;timestamp_process
<LI><a href="#[89]">&gt;&gt;</a>&nbsp;&nbsp;&nbsp;serial_tx
<LI><a href="#[8c]">&gt;&gt;</a>&nbsp;&nbsp;&nbsp;buf_len_update
<LI><a href="#[8b]">&gt;&gt;</a>&nbsp;&nbsp;&nbsp;__2snprintf
<LI><a href="#[87]">&gt;&gt;</a>&nbsp;&nbsp;&nbsp;strlen
<LI><a href="#[4e]">&gt;&gt;</a>&nbsp;&nbsp;&nbsp;__aeabi_memcpy
</UL>
<BR>[Address Reference Count : 1]<UL><LI> nrf_log_backend_serial.o(i.nrf_log_backend_std_handler_get)
</UL>
<P><STRONG><a name="[89]"></a>serial_tx</STRONG> (Thumb, 44 bytes, Stack size 24 bytes, nrf_log_backend_serial.o(i.serial_tx))
<BR><BR>[Stack]<UL><LI>Max Depth = 80<LI>Call Chain = serial_tx &rArr; SEGGER_RTT_WriteNoLock &rArr; _WriteBlocking
</UL>
<BR>[Calls]<UL><LI><a href="#[44]">&gt;&gt;</a>&nbsp;&nbsp;&nbsp;SEGGER_RTT_WriteNoLock
</UL>
<BR>[Called By]<UL><LI><a href="#[25]">&gt;&gt;</a>&nbsp;&nbsp;&nbsp;nrf_log_backend_serial_std_handler
<LI><a href="#[24]">&gt;&gt;</a>&nbsp;&nbsp;&nbsp;nrf_log_backend_serial_hexdump_handler
</UL>

<P><STRONG><a name="[86]"></a>timestamp_process</STRONG> (Thumb, 42 bytes, Stack size 8 bytes, nrf_log_backend_serial.o(i.timestamp_process))
<BR><BR>[Stack]<UL><LI>Max Depth = 40<LI>Call Chain = timestamp_process &rArr; __2snprintf
</UL>
<BR>[Calls]<UL><LI><a href="#[8c]">&gt;&gt;</a>&nbsp;&nbsp;&nbsp;buf_len_update
<LI><a href="#[8b]">&gt;&gt;</a>&nbsp;&nbsp;&nbsp;__2snprintf
</UL>
<BR>[Called By]<UL><LI><a href="#[25]">&gt;&gt;</a>&nbsp;&nbsp;&nbsp;nrf_log_backend_serial_std_handler
<LI><a href="#[24]">&gt;&gt;</a>&nbsp;&nbsp;&nbsp;nrf_log_backend_serial_hexdump_handler
</UL>

<P><STRONG><a name="[75]"></a>buf_prealloc</STRONG> (Thumb, 98 bytes, Stack size 24 bytes, nrf_log_frontend.o(i.buf_prealloc))
<BR><BR>[Stack]<UL><LI>Max Depth = 36<LI>Call Chain = buf_prealloc &rArr; app_util_critical_region_enter
</UL>
<BR>[Calls]<UL><LI><a href="#[6b]">&gt;&gt;</a>&nbsp;&nbsp;&nbsp;app_util_critical_region_exit
<LI><a href="#[69]">&gt;&gt;</a>&nbsp;&nbsp;&nbsp;app_util_critical_region_enter
</UL>
<BR>[Called By]<UL><LI><a href="#[55]">&gt;&gt;</a>&nbsp;&nbsp;&nbsp;nrf_log_frontend_std_1
<LI><a href="#[53]">&gt;&gt;</a>&nbsp;&nbsp;&nbsp;nrf_log_frontend_std_0
</UL>

<P><STRONG><a name="[43]"></a>_DoInit</STRONG> (Thumb, 74 bytes, Stack size 8 bytes, segger_rtt.o(i._DoInit))
<BR><BR>[Stack]<UL><LI>Max Depth = 8<LI>Call Chain = _DoInit
</UL>
<BR>[Calls]<UL><LI><a href="#[4d]">&gt;&gt;</a>&nbsp;&nbsp;&nbsp;strcpy
</UL>
<BR>[Called By]<UL><LI><a href="#[42]">&gt;&gt;</a>&nbsp;&nbsp;&nbsp;SEGGER_RTT_Init
</UL>

<P><STRONG><a name="[45]"></a>_GetAvailWriteSpace</STRONG> (Thumb, 22 bytes, Stack size 0 bytes, segger_rtt.o(i._GetAvailWriteSpace))
<BR><BR>[Called By]<UL><LI><a href="#[44]">&gt;&gt;</a>&nbsp;&nbsp;&nbsp;SEGGER_RTT_WriteNoLock
</UL>

<P><STRONG><a name="[47]"></a>_WriteBlocking</STRONG> (Thumb, 96 bytes, Stack size 40 bytes, segger_rtt.o(i._WriteBlocking))
<BR><BR>[Stack]<UL><LI>Max Depth = 40<LI>Call Chain = _WriteBlocking
</UL>
<BR>[Calls]<UL><LI><a href="#[4e]">&gt;&gt;</a>&nbsp;&nbsp;&nbsp;__aeabi_memcpy
</UL>
<BR>[Called By]<UL><LI><a href="#[44]">&gt;&gt;</a>&nbsp;&nbsp;&nbsp;SEGGER_RTT_WriteNoLock
</UL>

<P><STRONG><a name="[46]"></a>_WriteNoCheck</STRONG> (Thumb, 60 bytes, Stack size 32 bytes, segger_rtt.o(i._WriteNoCheck))
<BR><BR>[Stack]<UL><LI>Max Depth = 32<LI>Call Chain = _WriteNoCheck
</UL>
<BR>[Calls]<UL><LI><a href="#[4e]">&gt;&gt;</a>&nbsp;&nbsp;&nbsp;__aeabi_memcpy
</UL>
<BR>[Called By]<UL><LI><a href="#[44]">&gt;&gt;</a>&nbsp;&nbsp;&nbsp;SEGGER_RTT_WriteNoLock
</UL>

<P><STRONG><a name="[93]"></a>__sd_nvic_app_accessible_irq</STRONG> (Thumb, 22 bytes, Stack size 0 bytes, softdevice_handler.o(i.__sd_nvic_app_accessible_irq))
<BR><BR>[Called By]<UL><LI><a href="#[92]">&gt;&gt;</a>&nbsp;&nbsp;&nbsp;sd_nvic_EnableIRQ
</UL>

<P><STRONG><a name="[94]"></a>ram_end_address_get</STRONG> (Thumb, 16 bytes, Stack size 0 bytes, softdevice_handler.o(i.ram_end_address_get))
<BR><BR>[Called By]<UL><LI><a href="#[74]">&gt;&gt;</a>&nbsp;&nbsp;&nbsp;softdevice_enable
</UL>

<P><STRONG><a name="[92]"></a>sd_nvic_EnableIRQ</STRONG> (Thumb, 112 bytes, Stack size 8 bytes, softdevice_handler.o(i.sd_nvic_EnableIRQ))
<BR><BR>[Stack]<UL><LI>Max Depth = 8<LI>Call Chain = sd_nvic_EnableIRQ
</UL>
<BR>[Calls]<UL><LI><a href="#[93]">&gt;&gt;</a>&nbsp;&nbsp;&nbsp;__sd_nvic_app_accessible_irq
</UL>
<BR>[Called By]<UL><LI><a href="#[72]">&gt;&gt;</a>&nbsp;&nbsp;&nbsp;softdevice_handler_init
</UL>

<P><STRONG><a name="[4b]"></a>is_manual_peripheral_setup_needed</STRONG> (Thumb, 66 bytes, Stack size 0 bytes, system_nrf51.o(i.is_manual_peripheral_setup_needed))
<BR><BR>[Called By]<UL><LI><a href="#[20]">&gt;&gt;</a>&nbsp;&nbsp;&nbsp;SystemInit
</UL>

<P><STRONG><a name="[50]"></a>_printf_core</STRONG> (Thumb, 1020 bytes, Stack size 104 bytes, printf8.o(i._printf_core), UNUSED)
<BR><BR>[Calls]<UL><LI><a href="#[33]">&gt;&gt;</a>&nbsp;&nbsp;&nbsp;__aeabi_uldivmod
<LI><a href="#[51]">&gt;&gt;</a>&nbsp;&nbsp;&nbsp;_printf_pre_padding
<LI><a href="#[52]">&gt;&gt;</a>&nbsp;&nbsp;&nbsp;_printf_post_padding
</UL>
<BR>[Called By]<UL><LI><a href="#[4f]">&gt;&gt;</a>&nbsp;&nbsp;&nbsp;__0snprintf$8
</UL>

<P><STRONG><a name="[52]"></a>_printf_post_padding</STRONG> (Thumb, 32 bytes, Stack size 24 bytes, printf8.o(i._printf_post_padding), UNUSED)
<BR><BR>[Called By]<UL><LI><a href="#[50]">&gt;&gt;</a>&nbsp;&nbsp;&nbsp;_printf_core
</UL>

<P><STRONG><a name="[51]"></a>_printf_pre_padding</STRONG> (Thumb, 44 bytes, Stack size 40 bytes, printf8.o(i._printf_pre_padding), UNUSED)
<BR><BR>[Called By]<UL><LI><a href="#[50]">&gt;&gt;</a>&nbsp;&nbsp;&nbsp;_printf_core
</UL>

<P><STRONG><a name="[22]"></a>_snputc</STRONG> (Thumb, 22 bytes, Stack size 0 bytes, printf8.o(i._snputc))
<BR>[Address Reference Count : 1]<UL><LI> printf8.o(i.__0snprintf$8)
</UL><P>
<H3>
Undefined Global Symbols
</H3><HR></body></html>
