Component: ARM Compiler 5.06 update 5 (build 528) Tool: armlink [4d35e2]

==============================================================================

Section Cross References

    main.o(i.adc_event_handler) refers to nrf_log_frontend.o(i.nrf_log_frontend_std_0) for nrf_log_frontend_std_0
    main.o(i.adc_event_handler) refers to dflti.o(.text) for __aeabi_i2d
    main.o(i.adc_event_handler) refers to dmul.o(.text) for __aeabi_dmul
    main.o(i.adc_event_handler) refers to dscalb.o(.text) for __ARM_scalbn
    main.o(i.adc_event_handler) refers to dfixui.o(.text) for __aeabi_d2uiz
    main.o(i.adc_event_handler) refers to nrf_log_frontend.o(i.nrf_log_frontend_std_1) for nrf_log_frontend_std_1
    main.o(i.adc_event_handler) refers to main.o(.data) for .data
    main.o(i.adv_timeout_handler) refers to nrf_log_frontend.o(i.nrf_log_frontend_std_0) for nrf_log_frontend_std_0
    main.o(i.adv_timeout_handler) refers to app_error.o(i.app_error_handler) for app_error_handler
    main.o(i.adv_timeout_handler) refers to main.o(i.ibeacon_init) for ibeacon_init
    main.o(i.adv_timeout_handler) refers to main.o(i.advertising_start) for advertising_start
    main.o(i.adv_timeout_handler) refers to main.o(i.luXbeacon_init) for luXbeacon_init
    main.o(i.adv_timeout_handler) refers to main.o(.data) for .data
    main.o(i.advertising_start) refers to nrf_log_frontend.o(i.nrf_log_frontend_std_0) for nrf_log_frontend_std_0
    main.o(i.advertising_start) refers to app_error.o(i.app_error_handler) for app_error_handler
    main.o(i.advertising_start) refers to main.o(.bss) for .bss
    main.o(i.application_timers_start) refers to nrf_log_frontend.o(i.nrf_log_frontend_std_0) for nrf_log_frontend_std_0
    main.o(i.application_timers_start) refers to app_timer.o(i.app_timer_start) for app_timer_start
    main.o(i.application_timers_start) refers to app_error.o(i.app_error_handler) for app_error_handler
    main.o(i.application_timers_start) refers to main.o(.constdata) for .constdata
    main.o(i.application_timers_start) refers to main.o(i.main) for i.main
    main.o(i.assert_nrf_callback) refers to app_error.o(i.app_error_handler) for app_error_handler
    main.o(i.battery_level_meas_timeout_handler) refers to nrf_log_frontend.o(i.nrf_log_frontend_std_0) for nrf_log_frontend_std_0
    main.o(i.battery_level_meas_timeout_handler) refers to nrf_drv_adc.o(i.nrf_drv_adc_buffer_convert) for nrf_drv_adc_buffer_convert
    main.o(i.battery_level_meas_timeout_handler) refers to app_error.o(i.app_error_handler) for app_error_handler
    main.o(i.battery_level_meas_timeout_handler) refers to nrf_drv_adc.o(i.nrf_drv_adc_sample) for nrf_drv_adc_sample
    main.o(i.battery_level_meas_timeout_handler) refers to main.o(.data) for .data
    main.o(i.ble_stack_init) refers to nrf_log_frontend.o(i.nrf_log_frontend_std_0) for nrf_log_frontend_std_0
    main.o(i.ble_stack_init) refers to softdevice_handler.o(i.softdevice_handler_init) for softdevice_handler_init
    main.o(i.ble_stack_init) refers to app_error.o(i.app_error_handler) for app_error_handler
    main.o(i.ble_stack_init) refers to softdevice_handler.o(i.softdevice_enable_get_default_config) for softdevice_enable_get_default_config
    main.o(i.ble_stack_init) refers to softdevice_handler.o(i.softdevice_enable) for softdevice_enable
    main.o(i.ble_stack_init) refers to main.o(.constdata) for .constdata
    main.o(i.ble_stack_init) refers to main.o(.bss) for .bss
    main.o(i.ble_stack_init) refers to main.o(i.main) for i.main
    main.o(i.ibeacon_init) refers to memseta.o(.text) for __aeabi_memclr4
    main.o(i.ibeacon_init) refers to ble_advdata.o(i.ble_advdata_set) for ble_advdata_set
    main.o(i.ibeacon_init) refers to app_error.o(i.app_error_handler) for app_error_handler
    main.o(i.ibeacon_init) refers to main.o(.data) for .data
    main.o(i.ibeacon_init) refers to main.o(.bss) for .bss
    main.o(i.ibeacon_init) refers to main.o(i.main) for i.main
    main.o(i.luXbeacon_init) refers to nrf_log_frontend.o(i.nrf_log_frontend_std_0) for nrf_log_frontend_std_0
    main.o(i.luXbeacon_init) refers to nrf_log_frontend.o(i.nrf_log_frontend_std_1) for nrf_log_frontend_std_1
    main.o(i.luXbeacon_init) refers to memseta.o(.text) for __aeabi_memclr4
    main.o(i.luXbeacon_init) refers to ble_advdata.o(i.ble_advdata_set) for ble_advdata_set
    main.o(i.luXbeacon_init) refers to app_error.o(i.app_error_handler) for app_error_handler
    main.o(i.luXbeacon_init) refers to main.o(.data) for .data
    main.o(i.luXbeacon_init) refers to main.o(.bss) for .bss
    main.o(i.main) refers to nrf_log_frontend.o(i.nrf_log_init) for nrf_log_init
    main.o(i.main) refers to app_error.o(i.app_error_handler) for app_error_handler
    main.o(i.main) refers to main.o(i.timers_init) for timers_init
    main.o(i.main) refers to app_timer.o(i.app_timer_init) for app_timer_init
    main.o(i.main) refers to main.o(i.ble_stack_init) for ble_stack_init
[...]
    Removing nrf_drv_gpiote.o(i.nrf_drv_gpiote_out_task_enable), (48 bytes).
    Removing nrf_drv_gpiote.o(i.nrf_drv_gpiote_out_task_force), (44 bytes).
    Removing nrf_drv_gpiote.o(i.nrf_drv_gpiote_out_task_trigger), (24 bytes).
    Removing nrf_drv_gpiote.o(i.nrf_drv_gpiote_out_toggle), (24 bytes).
    Removing nrf_drv_gpiote.o(i.nrf_drv_gpiote_out_uninit), (68 bytes).
    Removing nrf_drv_gpiote.o(i.nrf_drv_gpiote_uninit), (56 bytes).
    Removing nrf_drv_gpiote.o(i.nrf_gpio_cfg), (40 bytes).
    Removing nrf_drv_gpiote.o(i.nrf_gpio_cfg_default), (18 bytes).
    Removing nrf_drv_gpiote.o(i.pin_in_use_by_port), (24 bytes).
    Removing nrf_drv_gpiote.o(i.pin_in_use_by_te), (24 bytes).
    Removing nrf_drv_gpiote.o(.constdata), (20 bytes).
    Removing nrf_drv_gpiote.o(.constdata), (24 bytes).
    Removing nrf_drv_gpiote.o(.constdata), (23 bytes).
    Removing nrf_drv_uart.o(.rev16_text), (4 bytes).
    Removing nrf_drv_uart.o(.revsh_text), (4 bytes).
    Removing nrf_drv_uart.o(i.apply_config), (132 bytes).
    Removing nrf_drv_uart.o(i.nrf_drv_uart_errorsrc_get), (24 bytes).
    Removing nrf_drv_uart.o(i.nrf_drv_uart_init), (128 bytes).
    Removing nrf_drv_uart.o(i.nrf_drv_uart_rx), (92 bytes).
    Removing nrf_drv_uart.o(i.nrf_drv_uart_rx_abort), (22 bytes).
    Removing nrf_drv_uart.o(i.nrf_drv_uart_rx_disable), (28 bytes).
    Removing nrf_drv_uart.o(i.nrf_drv_uart_rx_enable), (44 bytes).
    Removing nrf_drv_uart.o(i.nrf_drv_uart_rx_for_uart), (168 bytes).
    Removing nrf_drv_uart.o(i.nrf_drv_uart_tx), (52 bytes).
    Removing nrf_drv_uart.o(i.nrf_drv_uart_tx_abort), (48 bytes).
    Removing nrf_drv_uart.o(i.nrf_drv_uart_tx_for_uart), (140 bytes).
    Removing nrf_drv_uart.o(i.nrf_drv_uart_tx_in_progress), (24 bytes).
    Removing nrf_drv_uart.o(i.nrf_drv_uart_uninit), (152 bytes).
    Removing nrf_drv_uart.o(i.nrf_gpio_cfg), (40 bytes).
    Removing nrf_drv_uart.o(i.nrf_gpio_cfg_default), (18 bytes).
    Removing nrf_drv_uart.o(i.nrf_gpio_cfg_input), (18 bytes).
    Removing nrf_drv_uart.o(i.nrf_gpio_cfg_output), (20 bytes).
    Removing nrf_drv_uart.o(i.rx_enable), (26 bytes).
    Removing nrf_drv_uart.o(.constdata), (18 bytes).
    Removing nrf_drv_uart.o(.constdata), (25 bytes).
    Removing nrf_drv_uart.o(.constdata), (16 bytes).
    Removing nrf_drv_uart.o(.constdata), (25 bytes).
    Removing nrf_drv_uart.o(.constdata), (16 bytes).
    Removing nrf_drv_adc.o(.rev16_text), (4 bytes).
    Removing nrf_drv_adc.o(.revsh_text), (4 bytes).
    Removing nrf_drv_adc.o(i.nrf_drv_adc_channel_disable), (36 bytes).
    Removing nrf_drv_adc.o(i.nrf_drv_adc_is_busy), (20 bytes).
    Removing nrf_drv_adc.o(i.nrf_drv_adc_sample_convert), (104 bytes).
    Removing nrf_drv_adc.o(i.nrf_drv_adc_uninit), (44 bytes).
    Removing nrf_drv_adc.o(.constdata), (17 bytes).
    Removing nrf_drv_adc.o(.constdata), (27 bytes).
    Removing nrf_drv_adc.o(.constdata), (27 bytes).
    Removing app_button.o(.rev16_text), (4 bytes).
    Removing app_button.o(.revsh_text), (4 bytes).
    Removing app_button.o(i.app_button_disable), (44 bytes).
    Removing app_button.o(i.app_button_enable), (36 bytes).
    Removing app_button.o(i.app_button_init), (116 bytes).
    Removing app_button.o(i.app_button_is_pushed), (36 bytes).
    Removing app_button.o(i.detection_delay_timeout_handler), (96 bytes).
    Removing app_button.o(i.gpiote_event_handler), (80 bytes).
    Removing app_button.o(.bss), (32 bytes).
    Removing app_button.o(.constdata), (8 bytes).
    Removing app_button.o(.data), (20 bytes).
    Removing app_error.o(.rev16_text), (4 bytes).
    Removing app_error.o(.revsh_text), (4 bytes).
    Removing app_error.o(i.app_error_handler_bare), (24 bytes).
    Removing app_error_weak.o(.rev16_text), (4 bytes).
    Removing app_error_weak.o(.revsh_text), (4 bytes).
    Removing app_timer.o(.rev16_text), (4 bytes).
    Removing app_timer.o(.revsh_text), (4 bytes).
    Removing app_timer.o(i.app_timer_cnt_diff_compute), (12 bytes).
    Removing app_timer.o(i.app_timer_cnt_get), (12 bytes).
    Removing app_timer.o(i.app_timer_stop), (40 bytes).
    Removing app_timer.o(i.app_timer_stop_all), (28 bytes).
    Removing app_timer.o(i.timer_stop_op_schedule), (72 bytes).
    Removing app_util_platform.o(.rev16_text), (4 bytes).
    Removing app_util_platform.o(.revsh_text), (4 bytes).
    Removing app_util_platform.o(i.app_util_disable_irq), (16 bytes).
    Removing app_util_platform.o(i.app_util_enable_irq), (20 bytes).
    Removing hardfault_implementation.o(.rev16_text), (4 bytes).
    Removing hardfault_implementation.o(.revsh_text), (4 bytes).
    Removing nrf_assert.o(.rev16_text), (4 bytes).
    Removing nrf_assert.o(.revsh_text), (4 bytes).
    Removing nrf_assert.o(i.assert_nrf_callback), (24 bytes).
    Removing sdk_errors.o(.conststring), (403 bytes).
    Removing sdk_errors.o(.conststring), (282 bytes).
    Removing sdk_errors.o(.conststring), (88 bytes).
    Removing sdk_errors.o(.data), (72 bytes).
    Removing sdk_errors.o(.data), (36 bytes).
    Removing sdk_errors.o(.data), (12 bytes).
    Removing nrf_log_backend_serial.o(.rev16_text), (4 bytes).
    Removing nrf_log_backend_serial.o(.revsh_text), (4 bytes).
    Removing nrf_log_backend_serial.o(i.nrf_log_backend_getchar), (10 bytes).
    Removing nrf_log_backend_serial.o(.constdata), (5 bytes).
    Removing nrf_log_frontend.o(.rev16_text), (4 bytes).
    Removing nrf_log_frontend.o(.revsh_text), (4 bytes).
    Removing nrf_log_frontend.o(i.cont_buf_prealloc), (116 bytes).
    Removing nrf_log_frontend.o(i.nrf_log_frontend_hexdump), (148 bytes).
    Removing nrf_log_frontend.o(i.nrf_log_frontend_std_2), (108 bytes).
    Removing nrf_log_frontend.o(i.nrf_log_frontend_std_3), (124 bytes).
    Removing nrf_log_frontend.o(i.nrf_log_frontend_std_4), (140 bytes).
    Removing nrf_log_frontend.o(i.nrf_log_frontend_std_5), (152 bytes).
    Removing nrf_log_frontend.o(i.nrf_log_frontend_std_6), (168 bytes).
    Removing nrf_log_frontend.o(i.nrf_log_getchar), (8 bytes).
    Removing nrf_log_frontend.o(i.nrf_log_push), (84 bytes).
    Removing segger_rtt.o(.rev16_text), (4 bytes).
    Removing segger_rtt.o(.revsh_text), (4 bytes).
    Removing segger_rtt.o(i.SEGGER_RTT_ConfigDownBuffer), (92 bytes).
    Removing segger_rtt.o(i.SEGGER_RTT_ConfigUpBuffer), (92 bytes).
    Removing segger_rtt.o(i.SEGGER_RTT_GetKey), (28 bytes).
    Removing segger_rtt.o(i.SEGGER_RTT_HasData), (20 bytes).
    Removing segger_rtt.o(i.SEGGER_RTT_HasKey), (36 bytes).
    Removing segger_rtt.o(i.SEGGER_RTT_Read), (44 bytes).
    Removing segger_rtt.o(i.SEGGER_RTT_ReadNoLock), (128 bytes).
    Removing segger_rtt.o(i.SEGGER_RTT_SetNameDownBuffer), (68 bytes).
    Removing segger_rtt.o(i.SEGGER_RTT_SetNameUpBuffer), (68 bytes).
    Removing segger_rtt.o(i.SEGGER_RTT_SetTerminal), (132 bytes).
    Removing segger_rtt.o(i.SEGGER_RTT_TerminalOut), (176 bytes).
    Removing segger_rtt.o(i.SEGGER_RTT_WaitKey), (12 bytes).
    Removing segger_rtt.o(i.SEGGER_RTT_Write), (60 bytes).
    Removing segger_rtt.o(i.SEGGER_RTT_WriteSkipNoLock), (108 bytes).
    Removing segger_rtt.o(i.SEGGER_RTT_WriteString), (24 bytes).
    Removing segger_rtt.o(i._PostTerminalSwitch), (32 bytes).
    Removing segger_rtt.o(.data), (17 bytes).
    Removing softdevice_handler.o(.rev16_text), (4 bytes).
    Removing softdevice_handler.o(.revsh_text), (4 bytes).
    Removing softdevice_handler.o(i.sd_check_ram_start), (164 bytes).
    Removing softdevice_handler.o(i.softdevice_ble_evt_handler_set), (20 bytes).
    Removing softdevice_handler.o(i.softdevice_handler_is_suspended), (12 bytes).
    Removing softdevice_handler.o(i.softdevice_handler_resume), (84 bytes).
    Removing softdevice_handler.o(i.softdevice_handler_sd_disable), (24 bytes).
    Removing softdevice_handler.o(i.softdevice_handler_suspend), (76 bytes).
    Removing softdevice_handler.o(i.softdevice_sys_evt_handler_set), (20 bytes).
    Removing arm_startup_nrf51.o(HEAP), (2048 bytes).
    Removing system_nrf51.o(.rev16_text), (4 bytes).
    Removing system_nrf51.o(.revsh_text), (4 bytes).
    Removing system_nrf51.o(i.SystemCoreClockUpdate), (16 bytes).
    Removing dadd.o(.text), (356 bytes).
    Removing ddiv.o(.text), (240 bytes).
    Removing dfixul.o(.text), (64 bytes).
    Removing cdrcmple.o(.text), (40 bytes).

250 unused section(s) (total 13727 bytes) removed from the image.

==============================================================================

Image Symbol Table

    Local Symbols

    Symbol Name                              Value     Ov Type        Size  Object(Section)

    ../clib/microlib/ctype/ctype.c           0x00000000   Number         0  isblank_o.o ABSOLUTE
    ../clib/microlib/ctype/ctype.c           0x00000000   Number         0  isalpha_o.o ABSOLUTE
    ../clib/microlib/ctype/ctype.c           0x00000000   Number         0  isalnum_o.o ABSOLUTE
    ../clib/microlib/ctype/ctype.c           0x00000000   Number         0  islower_o.o ABSOLUTE
    ../clib/microlib/ctype/ctype.c           0x00000000   Number         0  isprint_o.o ABSOLUTE
    ../clib/microlib/ctype/ctype.c           0x00000000   Number         0  ctype_o.o ABSOLUTE
    ../clib/microlib/ctype/ctype.c           0x00000000   Number         0  ispunct_o.o ABSOLUTE
    ../clib/microlib/ctype/ctype.c           0x00000000   Number         0  isspace_o.o ABSOLUTE
    ../clib/microlib/ctype/ctype.c           0x00000000   Number         0  isdigit_o.o ABSOLUTE
    ../clib/microlib/ctype/ctype.c           0x00000000   Number         0  isupper_o.o ABSOLUTE
    ../clib/microlib/ctype/ctype.c           0x00000000   Number         0  isxdigit_o.o ABSOLUTE
    ../clib/microlib/ctype/ctype.c           0x00000000   Number         0  isgraph_o.o ABSOLUTE
    ../clib/microlib/ctype/ctype.c           0x00000000   Number         0  iscntrl_o.o ABSOLUTE
    ../clib/microlib/division.c              0x00000000   Number         0  uidiv.o ABSOLUTE
    ../clib/microlib/division.c              0x00000000   Number         0  uldiv.o ABSOLUTE
    ../clib/microlib/init/entry.s            0x00000000   Number         0  entry.o ABSOLUTE
    ../clib/microlib/init/entry.s            0x00000000   Number         0  entry8a.o ABSOLUTE
    ../clib/microlib/init/entry.s            0x00000000   Number         0  entry9b.o ABSOLUTE
    ../clib/microlib/init/entry.s            0x00000000   Number         0  entry11a.o ABSOLUTE
    ../clib/microlib/init/entry.s            0x00000000   Number         0  entry10a.o ABSOLUTE
    ../clib/microlib/init/entry.s            0x00000000   Number         0  entry11b.o ABSOLUTE
    ../clib/microlib/init/entry.s            0x00000000   Number         0  entry9a.o ABSOLUTE
    ../clib/microlib/init/entry.s            0x00000000   Number         0  entry8b.o ABSOLUTE
    ../clib/microlib/init/entry.s            0x00000000   Number         0  entry2.o ABSOLUTE
    ../clib/microlib/init/entry.s            0x00000000   Number         0  entry7a.o ABSOLUTE
    ../clib/microlib/init/entry.s            0x00000000   Number         0  entry5.o ABSOLUTE
    ../clib/microlib/init/entry.s            0x00000000   Number         0  entry7b.o ABSOLUTE
    ../clib/microlib/init/entry.s            0x00000000   Number         0  entry10b.o ABSOLUTE
    ../clib/microlib/longlong.c              0x00000000   Number         0  llshl.o ABSOLUTE
    ../clib/microlib/longlong.c              0x00000000   Number         0  llushr.o ABSOLUTE
    ../clib/microlib/longlong.c              0x00000000   Number         0  llsshr.o ABSOLUTE
    ../clib/microlib/printf/printf.c         0x00000000   Number         0  printf4.o ABSOLUTE
    ../clib/microlib/printf/printf.c         0x00000000   Number         0  printfb.o ABSOLUTE
    ../clib/microlib/printf/printf.c         0x00000000   Number         0  printf0.o ABSOLUTE
    ../clib/microlib/printf/printf.c         0x00000000   Number         0  printf1.o ABSOLUTE
    ../clib/microlib/printf/printf.c         0x00000000   Number         0  printf2.o ABSOLUTE
    ../clib/microlib/printf/printf.c         0x00000000   Number         0  printf3.o ABSOLUTE
    ../clib/microlib/printf/printf.c         0x00000000   Number         0  printf5.o ABSOLUTE
    ../clib/microlib/printf/printf.c         0x00000000   Number         0  printf6.o ABSOLUTE
    ../clib/microlib/printf/printf.c         0x00000000   Number         0  printf7.o ABSOLUTE
    ../clib/microlib/printf/printf.c         0x00000000   Number         0  printf8.o ABSOLUTE
    ../clib/microlib/printf/printf.c         0x00000000   Number         0  printfa.o ABSOLUTE
    ../clib/microlib/printf/stubs.s          0x00000000   Number         0  stubs.o ABSOLUTE
    ../clib/microlib/stdio/fputc.c           0x00000000   Number         0  fputc.o ABSOLUTE
    ../clib/microlib/stdio/semi.s            0x00000000   Number         0  semi.o ABSOLUTE
    ../clib/microlib/stdio/streams.c         0x00000000   Number         0  stdout.o ABSOLUTE
    ../clib/microlib/string/memcpy.c         0x00000000   Number         0  memcpyb.o ABSOLUTE
    ../clib/microlib/string/memcpy.c         0x00000000   Number         0  memcpya.o ABSOLUTE
    ../clib/microlib/string/memset.c         0x00000000   Number         0  memseta.o ABSOLUTE
    ../clib/microlib/string/strcpy.c         0x00000000   Number         0  strcpy.o ABSOLUTE
    ../clib/microlib/string/strlen.c         0x00000000   Number         0  strlen.o ABSOLUTE
    ../clib/microlib/stubs.s                 0x00000000   Number         0  iusesemip.o ABSOLUTE
    ../clib/microlib/stubs.s                 0x00000000   Number         0  iusefp.o ABSOLUTE
    ../fplib/microlib/fpadd.c                0x00000000   Number         0  dadd.o ABSOLUTE
    ../fplib/microlib/fpdiv.c                0x00000000   Number         0  ddiv.o ABSOLUTE
    ../fplib/microlib/fpepilogue.c           0x00000000   Number         0  depilogue.o ABSOLUTE
    ../fplib/microlib/fpfix.c                0x00000000   Number         0  dfixui.o ABSOLUTE
    ../fplib/microlib/fpfix.c                0x00000000   Number         0  dfixul.o ABSOLUTE
    ../fplib/microlib/fpflt.c                0x00000000   Number         0  dflti.o ABSOLUTE
    ../fplib/microlib/fpmul.c                0x00000000   Number         0  dmul.o ABSOLUTE
    ../fplib/microlib/fpscalb.c              0x00000000   Number         0  dscalb.o ABSOLUTE
    ..\..\..\..\..\..\components\ble\common\ble_advdata.c 0x00000000   Number         0  ble_advdata.o ABSOLUTE
    ..\..\..\..\..\..\components\ble\common\ble_conn_params.c 0x00000000   Number         0  ble_conn_params.o ABSOLUTE
    ..\..\..\..\..\..\components\ble\common\ble_srv_common.c 0x00000000   Number         0  ble_srv_common.o ABSOLUTE
    ..\..\..\..\..\..\components\boards\boards.c 0x00000000   Number         0  boards.o ABSOLUTE
    ..\..\..\..\..\..\components\drivers_nrf\adc\nrf_drv_adc.c 0x00000000   Number         0  nrf_drv_adc.o ABSOLUTE
    ..\..\..\..\..\..\components\drivers_nrf\clock\nrf_drv_clock.c 0x00000000   Number         0  nrf_drv_clock.o ABSOLUTE
    ..\..\..\..\..\..\components\drivers_nrf\common\nrf_drv_common.c 0x00000000   Number         0  nrf_drv_common.o ABSOLUTE
    ..\..\..\..\..\..\components\drivers_nrf\gpiote\nrf_drv_gpiote.c 0x00000000   Number         0  nrf_drv_gpiote.o ABSOLUTE
    ..\..\..\..\..\..\components\drivers_nrf\uart\nrf_drv_uart.c 0x00000000   Number         0  nrf_drv_uart.o ABSOLUTE
    ..\..\..\..\..\..\components\libraries\bsp\bsp.c 0x00000000   Number         0  bsp.o ABSOLUTE
    ..\..\..\..\..\..\components\libraries\bsp\bsp_nfc.c 0x00000000   Number         0  bsp_nfc.o ABSOLUTE
    ..\..\..\..\..\..\components\libraries\button\app_button.c 0x00000000   Number         0  app_button.o ABSOLUTE
    ..\..\..\..\..\..\components\libraries\hardfault\hardfault_implementation.c 0x00000000   Number         0  hardfault_implementation.o ABSOLUTE
    ..\..\..\..\..\..\components\libraries\log\src\nrf_log_backend_serial.c 0x00000000   Number         0  nrf_log_backend_serial.o ABSOLUTE
    ..\..\..\..\..\..\components\libraries\log\src\nrf_log_frontend.c 0x00000000   Number         0  nrf_log_frontend.o ABSOLUTE
    ..\..\..\..\..\..\components\libraries\timer\app_timer.c 0x00000000   Number         0  app_timer.o ABSOLUTE
    ..\..\..\..\..\..\components\libraries\util\app_error.c 0x00000000   Number         0  app_error.o ABSOLUTE
    ..\..\..\..\..\..\components\libraries\util\app_error_weak.c 0x00000000   Number         0  app_error_weak.o ABSOLUTE
    ..\..\..\..\..\..\components\libraries\util\app_util_platform.c 0x00000000   Number         0  app_util_platform.o ABSOLUTE
    ..\..\..\..\..\..\components\libraries\util\nrf_assert.c 0x00000000   Number         0  nrf_assert.o ABSOLUTE
    ..\..\..\..\..\..\components\libraries\util\sdk_errors.c 0x00000000   Number         0  sdk_errors.o ABSOLUTE
    ..\..\..\..\..\..\components\softdevice\common\softdevice_handler\softdevice_handler.c 0x00000000   Number         0  softdevice_handler.o ABSOLUTE
    ..\..\..\..\..\..\external\segger_rtt\RTT_Syscalls_KEIL.c 0x00000000   Number         0  rtt_syscalls_keil.o ABSOLUTE
    ..\..\..\..\..\..\external\segger_rtt\SEGGER_RTT.c 0x00000000   Number         0  segger_rtt.o ABSOLUTE
    ..\..\..\..\..\..\external\segger_rtt\SEGGER_RTT_printf.c 0x00000000   Number         0  segger_rtt_printf.o ABSOLUTE
    ..\..\..\main.c                          0x00000000   Number         0  main.o ABSOLUTE
    ..\\..\\..\\..\\..\\..\\components\\ble\\common\\ble_advdata.c 0x00000000   Number         0  ble_advdata.o ABSOLUTE
    ..\\..\\..\\..\\..\\..\\components\\ble\\common\\ble_conn_params.c 0x00000000   Number         0  ble_conn_params.o ABSOLUTE
    ..\\..\\..\\..\\..\\..\\components\\ble\\common\\ble_srv_common.c 0x00000000   Number         0  ble_srv_common.o ABSOLUTE
    ..\\..\\..\\..\\..\\..\\components\\boards\\boards.c 0x00000000   Number         0  boards.o ABSOLUTE
    ..\\..\\..\\..\\..\\..\\components\\drivers_nrf\\adc\\nrf_drv_adc.c 0x00000000   Number         0  nrf_drv_adc.o ABSOLUTE
    ..\\..\\..\\..\\..\\..\\components\\drivers_nrf\\clock\\nrf_drv_clock.c 0x00000000   Number         0  nrf_drv_clock.o ABSOLUTE
    ..\\..\\..\\..\\..\\..\\components\\drivers_nrf\\common\\nrf_drv_common.c 0x00000000   Number         0  nrf_drv_common.o ABSOLUTE
    ..\\..\\..\\..\\..\\..\\components\\drivers_nrf\\gpiote\\nrf_drv_gpiote.c 0x00000000   Number         0  nrf_drv_gpiote.o ABSOLUTE
    ..\\..\\..\\..\\..\\..\\components\\drivers_nrf\\uart\\nrf_drv_uart.c 0x00000000   Number         0  nrf_drv_uart.o ABSOLUTE
    ..\\..\\..\\..\\..\\..\\components\\libraries\\bsp\\bsp.c 0x00000000   Number         0  bsp.o ABSOLUTE
    ..\\..\\..\\..\\..\\..\\components\\libraries\\bsp\\bsp_nfc.c 0x00000000   Number         0  bsp_nfc.o ABSOLUTE
    ..\\..\\..\\..\\..\\..\\components\\libraries\\button\\app_button.c 0x00000000   Number         0  app_button.o ABSOLUTE
    ..\\..\\..\\..\\..\\..\\components\\libraries\\hardfault\\hardfault_implementation.c 0x00000000   Number         0  hardfault_implementation.o ABSOLUTE
    ..\\..\\..\\..\\..\\..\\components\\libraries\\log\\src\\nrf_log_backend_serial.c 0x00000000   Number         0  nrf_log_backend_serial.o ABSOLUTE
    ..\\..\\..\\..\\..\\..\\components\\libraries\\log\\src\\nrf_log_frontend.c 0x00000000   Number         0  nrf_log_frontend.o ABSOLUTE
    ..\\..\\..\\..\\..\\..\\components\\libraries\\timer\\app_timer.c 0x00000000   Number         0  app_timer.o ABSOLUTE
    ..\\..\\..\\..\\..\\..\\components\\libraries\\util\\app_error.c 0x00000000   Number         0  app_error.o ABSOLUTE
    ..\\..\\..\\..\\..\\..\\components\\libraries\\util\\app_error_weak.c 0x00000000   Number         0  app_error_weak.o ABSOLUTE
    ..\\..\\..\\..\\..\\..\\components\\libraries\\util\\app_util_platform.c 0x00000000   Number         0  app_util_platform.o ABSOLUTE
    ..\\..\\..\\..\\..\\..\\components\\libraries\\util\\nrf_assert.c 0x00000000   Number         0  nrf_assert.o ABSOLUTE
    ..\\..\\..\\..\\..\\..\\components\\softdevice\\common\\softdevice_handler\\softdevice_handler.c 0x00000000   Number         0  softdevice_handler.o ABSOLUTE
    ..\\..\\..\\..\\..\\..\\external\\segger_rtt\\SEGGER_RTT.c 0x00000000   Number         0  segger_rtt.o ABSOLUTE
    ..\\..\\..\\main.c                       0x00000000   Number         0  main.o ABSOLUTE
    RTE\Device\nRF51422_xxAC\arm_startup_nrf51.s 0x00000000   Number         0  arm_startup_nrf51.o ABSOLUTE
    RTE\Device\nRF51422_xxAC\system_nrf51.c  0x00000000   Number         0  system_nrf51.o ABSOLUTE
    RTE\\Device\\nRF51422_xxAC\\system_nrf51.c 0x00000000   Number         0  system_nrf51.o ABSOLUTE
    cdrcmple.s                               0x00000000   Number         0  cdrcmple.o ABSOLUTE
    dc.s                                     0x00000000   Number         0  dc.o ABSOLUTE
    handlers.s                               0x00000000   Number         0  handlers.o ABSOLUTE
    init.s                                   0x00000000   Number         0  init.o ABSOLUTE
    RESET                                    0x0001b000   Section      192  arm_startup_nrf51.o(RESET)
    .ARM.Collect$$$$00000000                 0x0001b0c0   Section        0  entry.o(.ARM.Collect$$$$00000000)
    .ARM.Collect$$$$00000001                 0x0001b0c0   Section        4  entry2.o(.ARM.Collect$$$$00000001)
    .ARM.Collect$$$$00000004                 0x0001b0c4   Section        4  entry5.o(.ARM.Collect$$$$00000004)
    .ARM.Collect$$$$00000008                 0x0001b0c8   Section        0  entry7b.o(.ARM.Collect$$$$00000008)
    .ARM.Collect$$$$0000000A                 0x0001b0c8   Section        0  entry8b.o(.ARM.Collect$$$$0000000A)
    .ARM.Collect$$$$0000000B                 0x0001b0c8   Section        8  entry9a.o(.ARM.Collect$$$$0000000B)
    .ARM.Collect$$$$0000000D                 0x0001b0d0   Section        0  entry10a.o(.ARM.Collect$$$$0000000D)
    .ARM.Collect$$$$0000000F                 0x0001b0d0   Section        0  entry11a.o(.ARM.Collect$$$$0000000F)
    .ARM.Collect$$$$00002712                 0x0001b0d0   Section        4  entry2.o(.ARM.Collect$$$$00002712)
    __lit__00000000                          0x0001b0d0   Data           4  entry2.o(.ARM.Collect$$$$00002712)
    .text                                    0x0001b0d4   Section       56  arm_startup_nrf51.o(.text)
    .text                                    0x0001b10c   Section        0  ctype_o.o(.text)
    .text                                    0x0001b114   Section        0  memcpya.o(.text)
    .text                                    0x0001b138   Section        0  memseta.o(.text)
    .text                                    0x0001b15c   Section        0  strlen.o(.text)
    .text                                    0x0001b16a   Section        0  strcpy.o(.text)
    .text                                    0x0001b17c   Section        0  dmul.o(.text)
    .text                                    0x0001b24c   Section        0  dscalb.o(.text)
    .text                                    0x0001b278   Section        0  dflti.o(.text)
    .text                                    0x0001b2a0   Section        0  dfixui.o(.text)
    .text                                    0x0001b2dc   Section        0  uldiv.o(.text)
    .text                                    0x0001b33c   Section        0  llushr.o(.text)
    .text                                    0x0001b35e   Section        0  depilogue.o(.text)
    .text                                    0x0001b35e   Section        0  iusefp.o(.text)
    .text                                    0x0001b41c   Section       36  init.o(.text)
    .text                                    0x0001b440   Section        0  llshl.o(.text)
    i.ADC_IRQHandler                         0x0001b460   Section        0  nrf_drv_adc.o(i.ADC_IRQHandler)
    i.GPIOTE_IRQHandler                      0x0001b4c0   Section        0  nrf_drv_gpiote.o(i.GPIOTE_IRQHandler)
    i.NVIC_SetPriority                       0x0001b638   Section        0  app_timer.o(i.NVIC_SetPriority)
    NVIC_SetPriority                         0x0001b639   Thumb Code    60  app_timer.o(i.NVIC_SetPriority)
    i.POWER_CLOCK_IRQHandler                 0x0001b67c   Section        0  nrf_drv_clock.o(i.POWER_CLOCK_IRQHandler)
    i.RTC1_IRQHandler                        0x0001b6d0   Section        0  app_timer.o(i.RTC1_IRQHandler)
    i.SEGGER_RTT_Init                        0x0001b6f0   Section        0  segger_rtt.o(i.SEGGER_RTT_Init)
    i.SEGGER_RTT_WriteNoLock                 0x0001b704   Section        0  segger_rtt.o(i.SEGGER_RTT_WriteNoLock)
    i.SWI0_IRQHandler                        0x0001b760   Section        0  app_timer.o(i.SWI0_IRQHandler)
    i.SWI2_IRQHandler                        0x0001b768   Section        0  softdevice_handler.o(i.SWI2_IRQHandler)
    i.SystemInit                             0x0001b794   Section        0  system_nrf51.o(i.SystemInit)
    i.UART0_IRQHandler                       0x0001b834   Section        0  nrf_drv_uart.o(i.UART0_IRQHandler)
    i._DoInit                                0x0001b848   Section        0  segger_rtt.o(i._DoInit)
    _DoInit                                  0x0001b849   Thumb Code    74  segger_rtt.o(i._DoInit)
    i._GetAvailWriteSpace                    0x0001b8b4   Section        0  segger_rtt.o(i._GetAvailWriteSpace)
    _GetAvailWriteSpace                      0x0001b8b5   Thumb Code    22  segger_rtt.o(i._GetAvailWriteSpace)
    i._WriteBlocking                         0x0001b8ca   Section        0  segger_rtt.o(i._WriteBlocking)
    _WriteBlocking                           0x0001b8cb   Thumb Code    96  segger_rtt.o(i._WriteBlocking)
    i._WriteNoCheck                          0x0001b92a   Section        0  segger_rtt.o(i._WriteNoCheck)
    _WriteNoCheck                            0x0001b92b   Thumb Code    60  segger_rtt.o(i._WriteNoCheck)
    i.__0snprintf$8                          0x0001b968   Section        0  printf8.o(i.__0snprintf$8)
    i.__ARM_clz                              0x0001b99c   Section        0  depilogue.o(i.__ARM_clz)
    i.__ARM_common_switch8                   0x0001b9ca   Section        0  bsp.o(i.__ARM_common_switch8)
    i.__scatterload_copy                     0x0001b9e4   Section       14  handlers.o(i.__scatterload_copy)
    i.__scatterload_null                     0x0001b9f2   Section        2  handlers.o(i.__scatterload_null)
    i.__scatterload_zeroinit                 0x0001b9f4   Section       14  handlers.o(i.__scatterload_zeroinit)
    i.__sd_nvic_app_accessible_irq           0x0001ba04   Section        0  softdevice_handler.o(i.__sd_nvic_app_accessible_irq)
    __sd_nvic_app_accessible_irq             0x0001ba05   Thumb Code    22  softdevice_handler.o(i.__sd_nvic_app_accessible_irq)
    i._printf_core                           0x0001ba20   Section        0  printf8.o(i._printf_core)
    _printf_core                             0x0001ba21   Thumb Code  1020  printf8.o(i._printf_core)
    i._printf_post_padding                   0x0001be48   Section        0  printf8.o(i._printf_post_padding)
    _printf_post_padding                     0x0001be49   Thumb Code    32  printf8.o(i._printf_post_padding)
    i._printf_pre_padding                    0x0001be68   Section        0  printf8.o(i._printf_pre_padding)
    _printf_pre_padding                      0x0001be69   Thumb Code    44  printf8.o(i._printf_pre_padding)
    i._snputc                                0x0001be94   Section        0  printf8.o(i._snputc)
    _snputc                                  0x0001be95   Thumb Code    22  printf8.o(i._snputc)
    i.adc_event_handler                      0x0001beac   Section        0  main.o(i.adc_event_handler)
    i.adc_sample_process                     0x0001bfe4   Section        0  nrf_drv_adc.o(i.adc_sample_process)
    adc_sample_process                       0x0001bfe5   Thumb Code    80  nrf_drv_adc.o(i.adc_sample_process)
    i.adv_data_encode                        0x0001c044   Section        0  ble_advdata.o(i.adv_data_encode)
    i.adv_timeout_handler                    0x0001c1d4   Section        0  main.o(i.adv_timeout_handler)
    adv_timeout_handler                      0x0001c1d5   Thumb Code    60  main.o(i.adv_timeout_handler)
    i.advertising_start                      0x0001c24c   Section        0  main.o(i.advertising_start)
    advertising_start                        0x0001c24d   Thumb Code    30  main.o(i.advertising_start)
    i.app_error_fault_handler                0x0001c2a4   Section        0  app_error_weak.o(i.app_error_fault_handler)
    i.app_error_handler                      0x0001c2e8   Section        0  app_error.o(i.app_error_handler)
    i.app_error_save_and_stop                0x0001c368   Section        0  app_error.o(i.app_error_save_and_stop)
    i.app_timer_create                       0x0001c3cc   Section        0  app_timer.o(i.app_timer_create)
    i.app_timer_init                         0x0001c3f8   Section        0  app_timer.o(i.app_timer_init)
    i.app_timer_start                        0x0001c46c   Section        0  app_timer.o(i.app_timer_start)
    i.app_util_critical_region_enter         0x0001c4f4   Section        0  app_util_platform.o(i.app_util_critical_region_enter)
    i.app_util_critical_region_exit          0x0001c530   Section        0  app_util_platform.o(i.app_util_critical_region_exit)
    i.application_timers_start               0x0001c55c   Section        0  main.o(i.application_timers_start)
    application_timers_start                 0x0001c55d   Thumb Code    64  main.o(i.application_timers_start)
    i.battery_level_meas_timeout_handler     0x0001c5d4   Section        0  main.o(i.battery_level_meas_timeout_handler)
    battery_level_meas_timeout_handler       0x0001c5d5   Thumb Code    48  main.o(i.battery_level_meas_timeout_handler)
    i.ble_advdata_set                        0x0001c64c   Section        0  ble_advdata.o(i.ble_advdata_set)
    i.ble_device_addr_encode                 0x0001c6b4   Section        0  ble_advdata.o(i.ble_device_addr_encode)
    ble_device_addr_encode                   0x0001c6b5   Thumb Code    94  ble_advdata.o(i.ble_device_addr_encode)
    i.ble_stack_init                         0x0001c714   Section        0  main.o(i.ble_stack_init)
    ble_stack_init                           0x0001c715   Thumb Code    92  main.o(i.ble_stack_init)
    i.buf_len_update                         0x0001c79c   Section        0  nrf_log_backend_serial.o(i.buf_len_update)
    buf_len_update                           0x0001c79d   Thumb Code    18  nrf_log_backend_serial.o(i.buf_len_update)
    i.buf_prealloc                           0x0001c7b0   Section        0  nrf_log_frontend.o(i.buf_prealloc)
    buf_prealloc                             0x0001c7b1   Thumb Code    98  nrf_log_frontend.o(i.buf_prealloc)
    i.buffer_is_empty                        0x0001c820   Section        0  nrf_log_frontend.o(i.buffer_is_empty)
    i.channel_port_get                       0x0001c834   Section        0  nrf_drv_gpiote.o(i.channel_port_get)
    channel_port_get                         0x0001c835   Thumb Code    10  nrf_drv_gpiote.o(i.channel_port_get)
    i.clock_clk_started_notify               0x0001c844   Section        0  nrf_drv_clock.o(i.clock_clk_started_notify)
    clock_clk_started_notify                 0x0001c845   Thumb Code    34  nrf_drv_clock.o(i.clock_clk_started_notify)
    i.compare_reg_update                     0x0001c86c   Section        0  app_timer.o(i.compare_reg_update)
    compare_reg_update                       0x0001c86d   Thumb Code   142  app_timer.o(i.compare_reg_update)
    i.conn_int_encode                        0x0001c914   Section        0  ble_advdata.o(i.conn_int_encode)
    conn_int_encode                          0x0001c915   Thumb Code   130  ble_advdata.o(i.conn_int_encode)
    i.elapsed_ticks_acquire                  0x0001c99c   Section        0  app_timer.o(i.elapsed_ticks_acquire)
    elapsed_ticks_acquire                    0x0001c99d   Thumb Code    58  app_timer.o(i.elapsed_ticks_acquire)
    i.ibeacon_init                           0x0001c9dc   Section        0  main.o(i.ibeacon_init)
    ibeacon_init                             0x0001c9dd   Thumb Code    90  main.o(i.ibeacon_init)
    i.intern_softdevice_events_execute       0x0001ca44   Section        0  softdevice_handler.o(i.intern_softdevice_events_execute)
    i.is_manual_peripheral_setup_needed      0x0001cad0   Section        0  system_nrf51.o(i.is_manual_peripheral_setup_needed)
    is_manual_peripheral_setup_needed        0x0001cad1   Thumb Code    66  system_nrf51.o(i.is_manual_peripheral_setup_needed)
    i.list_deletions_handler                 0x0001cb18   Section        0  app_timer.o(i.list_deletions_handler)
    list_deletions_handler                   0x0001cb19   Thumb Code   162  app_timer.o(i.list_deletions_handler)
    i.list_insertions_handler                0x0001cbc4   Section        0  app_timer.o(i.list_insertions_handler)
    list_insertions_handler                  0x0001cbc5   Thumb Code   178  app_timer.o(i.list_insertions_handler)
    i.luXbeacon_init                         0x0001cc80   Section        0  main.o(i.luXbeacon_init)
    luXbeacon_init                           0x0001cc81   Thumb Code   300  main.o(i.luXbeacon_init)
    i.main                                   0x0001ce08   Section        0  main.o(i.main)
    i.manuf_specific_data_encode             0x0001cf5c   Section        0  ble_advdata.o(i.manuf_specific_data_encode)
    manuf_specific_data_encode               0x0001cf5d   Thumb Code   104  ble_advdata.o(i.manuf_specific_data_encode)
    i.name_encode                            0x0001cfc4   Section        0  ble_advdata.o(i.name_encode)
    name_encode                              0x0001cfc5   Thumb Code   158  ble_advdata.o(i.name_encode)
    i.nrf_adc_event_check                    0x0001d064   Section        0  nrf_drv_adc.o(i.nrf_adc_event_check)
    nrf_adc_event_check                      0x0001d065   Thumb Code    14  nrf_drv_adc.o(i.nrf_adc_event_check)
    i.nrf_bitmask_bit_is_set                 0x0001d078   Section        0  nrf_drv_gpiote.o(i.nrf_bitmask_bit_is_set)
    nrf_bitmask_bit_is_set                   0x0001d079   Thumb Code    16  nrf_drv_gpiote.o(i.nrf_bitmask_bit_is_set)
    i.nrf_clock_event_check                  0x0001d088   Section        0  nrf_drv_clock.o(i.nrf_clock_event_check)
    nrf_clock_event_check                    0x0001d089   Thumb Code    16  nrf_drv_clock.o(i.nrf_clock_event_check)
    i.nrf_delay_us                           0x0001d098   Section        0  app_timer.o(i.nrf_delay_us)
    nrf_delay_us                             0x0001d099   Thumb Code    38  app_timer.o(i.nrf_delay_us)
    i.nrf_drv_adc_buffer_convert             0x0001d0c8   Section        0  nrf_drv_adc.o(i.nrf_drv_adc_buffer_convert)
    i.nrf_drv_adc_channel_enable             0x0001d12c   Section        0  nrf_drv_adc.o(i.nrf_drv_adc_channel_enable)
    i.nrf_drv_adc_init                       0x0001d14c   Section        0  nrf_drv_adc.o(i.nrf_drv_adc_init)
    i.nrf_drv_adc_sample                     0x0001d18c   Section        0  nrf_drv_adc.o(i.nrf_drv_adc_sample)
    i.nrf_drv_clock_init                     0x0001d198   Section        0  nrf_drv_clock.o(i.nrf_drv_clock_init)
    i.nrf_drv_clock_on_sd_enable             0x0001d1e0   Section        0  nrf_drv_clock.o(i.nrf_drv_clock_on_sd_enable)
    i.nrf_drv_clock_on_soc_event             0x0001d214   Section        0  nrf_drv_clock.o(i.nrf_drv_clock_on_soc_event)
    i.nrf_drv_common_irq_enable              0x0001d220   Section        0  nrf_drv_common.o(i.nrf_drv_common_irq_enable)
    i.nrf_gpio_cfg_sense_set                 0x0001d280   Section        0  nrf_drv_gpiote.o(i.nrf_gpio_cfg_sense_set)
    nrf_gpio_cfg_sense_set                   0x0001d281   Thumb Code    34  nrf_drv_gpiote.o(i.nrf_gpio_cfg_sense_set)
    i.nrf_gpio_ports_read                    0x0001d2a4   Section        0  nrf_drv_gpiote.o(i.nrf_gpio_ports_read)
    nrf_gpio_ports_read                      0x0001d2a5   Thumb Code    36  nrf_drv_gpiote.o(i.nrf_gpio_ports_read)
    i.nrf_gpiote_event_clear                 0x0001d2cc   Section        0  nrf_drv_gpiote.o(i.nrf_gpiote_event_clear)
    nrf_gpiote_event_clear                   0x0001d2cd   Thumb Code    10  nrf_drv_gpiote.o(i.nrf_gpiote_event_clear)
    i.nrf_gpiote_event_is_set                0x0001d2dc   Section        0  nrf_drv_gpiote.o(i.nrf_gpiote_event_is_set)
    nrf_gpiote_event_is_set                  0x0001d2dd   Thumb Code    14  nrf_drv_gpiote.o(i.nrf_gpiote_event_is_set)
    i.nrf_log_backend_hexdump_handler_get    0x0001d2f0   Section        0  nrf_log_backend_serial.o(i.nrf_log_backend_hexdump_handler_get)
    i.nrf_log_backend_init                   0x0001d2f8   Section        0  nrf_log_backend_serial.o(i.nrf_log_backend_init)
    i.nrf_log_backend_serial_hexdump_handler 0x0001d31c   Section        0  nrf_log_backend_serial.o(i.nrf_log_backend_serial_hexdump_handler)
    nrf_log_backend_serial_hexdump_handler   0x0001d31d   Thumb Code   284  nrf_log_backend_serial.o(i.nrf_log_backend_serial_hexdump_handler)
    i.nrf_log_backend_serial_std_handler     0x0001d438   Section        0  nrf_log_backend_serial.o(i.nrf_log_backend_serial_std_handler)
    nrf_log_backend_serial_std_handler       0x0001d439   Thumb Code   248  nrf_log_backend_serial.o(i.nrf_log_backend_serial_std_handler)
    i.nrf_log_backend_std_handler_get        0x0001d530   Section        0  nrf_log_backend_serial.o(i.nrf_log_backend_std_handler_get)
    i.nrf_log_blocking_backend_set           0x0001d538   Section        0  nrf_log_frontend.o(i.nrf_log_blocking_backend_set)
    i.nrf_log_frontend_dequeue               0x0001d544   Section        0  nrf_log_frontend.o(i.nrf_log_frontend_dequeue)
    i.nrf_log_frontend_init                  0x0001d690   Section        0  nrf_log_frontend.o(i.nrf_log_frontend_init)
    i.nrf_log_frontend_std_0                 0x0001d6a8   Section        0  nrf_log_frontend.o(i.nrf_log_frontend_std_0)
    i.nrf_log_frontend_std_1                 0x0001d6f4   Section        0  nrf_log_frontend.o(i.nrf_log_frontend_std_1)
    i.nrf_log_handlers_set                   0x0001d754   Section        0  nrf_log_frontend.o(i.nrf_log_handlers_set)
    i.nrf_log_init                           0x0001d760   Section        0  nrf_log_frontend.o(i.nrf_log_init)
    i.nrf_uart_event_check                   0x0001d784   Section        0  nrf_drv_uart.o(i.nrf_uart_event_check)
    nrf_uart_event_check                     0x0001d785   Thumb Code    10  nrf_drv_uart.o(i.nrf_uart_event_check)
    i.nrf_uart_int_enable_check              0x0001d78e   Section        0  nrf_drv_uart.o(i.nrf_uart_int_enable_check)
    nrf_uart_int_enable_check                0x0001d78f   Thumb Code    16  nrf_drv_uart.o(i.nrf_uart_int_enable_check)
    i.ram_end_address_get                    0x0001d79e   Section        0  softdevice_handler.o(i.ram_end_address_get)
    ram_end_address_get                      0x0001d79f   Thumb Code    16  softdevice_handler.o(i.ram_end_address_get)
    i.rtc1_stop                              0x0001d7b0   Section        0  app_timer.o(i.rtc1_stop)
    rtc1_stop                                0x0001d7b1   Thumb Code    50  app_timer.o(i.rtc1_stop)
    i.rx_byte                                0x0001d7f4   Section        0  nrf_drv_uart.o(i.rx_byte)
    rx_byte                                  0x0001d7f5   Thumb Code    38  nrf_drv_uart.o(i.rx_byte)
    i.rx_done_event                          0x0001d81a   Section        0  nrf_drv_uart.o(i.rx_done_event)
    rx_done_event                            0x0001d81b   Thumb Code    20  nrf_drv_uart.o(i.rx_done_event)
    i.sd_nvic_EnableIRQ                      0x0001d830   Section        0  softdevice_handler.o(i.sd_nvic_EnableIRQ)
    sd_nvic_EnableIRQ                        0x0001d831   Thumb Code   112  softdevice_handler.o(i.sd_nvic_EnableIRQ)
    i.serial_tx                              0x0001d8b4   Section        0  nrf_log_backend_serial.o(i.serial_tx)
    serial_tx                                0x0001d8b5   Thumb Code    44  nrf_log_backend_serial.o(i.serial_tx)
    i.service_data_encode                    0x0001d8e0   Section        0  ble_advdata.o(i.service_data_encode)
    service_data_encode                      0x0001d8e1   Thumb Code   142  ble_advdata.o(i.service_data_encode)
    i.softdevice_enable                      0x0001d970   Section        0  softdevice_handler.o(i.softdevice_enable)
    i.softdevice_enable_get_default_config   0x0001da14   Section        0  softdevice_handler.o(i.softdevice_enable_get_default_config)
    i.softdevice_fault_handler               0x0001da3c   Section        0  softdevice_handler.o(i.softdevice_fault_handler)
    i.softdevice_handler_init                0x0001da44   Section        0  softdevice_handler.o(i.softdevice_handler_init)
    i.softdevice_handler_is_enabled          0x0001da9c   Section        0  softdevice_handler.o(i.softdevice_handler_is_enabled)
    i.timer_list_handler                     0x0001daa8   Section        0  app_timer.o(i.timer_list_handler)
    timer_list_handler                       0x0001daa9   Thumb Code   128  app_timer.o(i.timer_list_handler)
    i.timer_list_handler_sched               0x0001db2c   Section        0  app_timer.o(i.timer_list_handler_sched)
    timer_list_handler_sched                 0x0001db2d   Thumb Code    10  app_timer.o(i.timer_list_handler_sched)
    i.timer_list_insert                      0x0001db3c   Section        0  app_timer.o(i.timer_list_insert)
    timer_list_insert                        0x0001db3d   Thumb Code    60  app_timer.o(i.timer_list_insert)
    i.timer_timeouts_check                   0x0001db7c   Section        0  app_timer.o(i.timer_timeouts_check)
    timer_timeouts_check                     0x0001db7d   Thumb Code   124  app_timer.o(i.timer_timeouts_check)
    i.timers_init                            0x0001dc3c   Section        0  main.o(i.timers_init)
    timers_init                              0x0001dc3d   Thumb Code    88  main.o(i.timers_init)
    i.timestamp_process                      0x0001dcc8   Section        0  nrf_log_backend_serial.o(i.timestamp_process)
    timestamp_process                        0x0001dcc9   Thumb Code    42  nrf_log_backend_serial.o(i.timestamp_process)
    i.tx_byte                                0x0001dcfc   Section        0  nrf_drv_uart.o(i.tx_byte)
    tx_byte                                  0x0001dcfd   Thumb Code    30  nrf_drv_uart.o(i.tx_byte)
    i.tx_done_event                          0x0001dd1a   Section        0  nrf_drv_uart.o(i.tx_done_event)
    tx_done_event                            0x0001dd1b   Thumb Code    24  nrf_drv_uart.o(i.tx_done_event)
    i.uart_irq_handler                       0x0001dd32   Section        0  nrf_drv_uart.o(i.uart_irq_handler)
    uart_irq_handler                         0x0001dd33   Thumb Code   296  nrf_drv_uart.o(i.uart_irq_handler)
    i.uint16_encode                          0x0001de5a   Section        0  ble_advdata.o(i.uint16_encode)
    uint16_encode                            0x0001de5b   Thumb Code    10  ble_advdata.o(i.uint16_encode)
    i.user_op_alloc                          0x0001de64   Section        0  app_timer.o(i.user_op_alloc)
    user_op_alloc                            0x0001de65   Thumb Code    40  app_timer.o(i.user_op_alloc)
    i.uuid_list_encode                       0x0001de90   Section        0  ble_advdata.o(i.uuid_list_encode)
    uuid_list_encode                         0x0001de91   Thumb Code    48  ble_advdata.o(i.uuid_list_encode)
    i.uuid_list_sized_encode                 0x0001dec0   Section        0  ble_advdata.o(i.uuid_list_sized_encode)
    uuid_list_sized_encode                   0x0001dec1   Thumb Code   174  ble_advdata.o(i.uuid_list_sized_encode)
    .constdata                               0x0001df70   Section       16  main.o(.constdata)
    m_battery_timer_id                       0x0001df74   Data           4  main.o(.constdata)
    m_adv_timer_id                           0x0001df78   Data           4  main.o(.constdata)
    .constdata                               0x0001df80   Section        4  nrf_drv_gpiote.o(.constdata)
    .constdata                               0x0001df84   Section        1  nrf_drv_adc.o(.constdata)
    m_default_config                         0x0001df84   Data           1  nrf_drv_adc.o(.constdata)
    .constdata                               0x0001df88   Section       36  nrf_log_frontend.o(.constdata)
    .constdata                               0x0001dfac   Section      129  ctype_o.o(.constdata)
    .constdata                               0x0001e030   Section        4  ctype_o.o(.constdata)
    table                                    0x0001e030   Data           4  ctype_o.o(.constdata)
    .conststring                             0x0001e034   Section       11  nrf_log_frontend.o(.conststring)
    .conststring                             0x0001e040   Section      155  softdevice_handler.o(.conststring)
    .data                                    0x20001870   Section       59  main.o(.data)
    timestamp                                0x20001870   Data           4  main.o(.data)
    adc_buffer                               0x20001878   Data           4  main.o(.data)
    ibeacon_info                             0x2000187c   Data           6  main.o(.data)
    m_channel_1_config                       0x20001884   Data           8  main.o(.data)
    m_channel_2_config                       0x2000188c   Data           8  main.o(.data)
    m_beacon_info                            0x20001894   Data          23  main.o(.data)
    .data                                    0x200018ac   Section       32  app_timer.o(.data)
    m_ticks_elapsed_q_read_ind               0x200018ac   Data           1  app_timer.o(.data)
    m_ticks_elapsed_q_write_ind              0x200018ad   Data           1  app_timer.o(.data)
    m_rtc1_running                           0x200018ae   Data           1  app_timer.o(.data)
    m_rtc1_reset                             0x200018af   Data           1  app_timer.o(.data)
    mp_timer_id_head                         0x200018b0   Data           4  app_timer.o(.data)
    m_ticks_latest                           0x200018b4   Data           4  app_timer.o(.data)
    m_evt_schedule_func                      0x200018b8   Data           4  app_timer.o(.data)
    m_op_queue                               0x200018bc   Data           8  app_timer.o(.data)
    m_ticks_elapsed                          0x200018c4   Data           8  app_timer.o(.data)
    .data                                    0x200018cc   Section       12  app_util_platform.o(.data)
    m_in_critical_region                     0x200018cc   Data           4  app_util_platform.o(.data)
    .data                                    0x200018d8   Section        2  nrf_log_backend_serial.o(.data)
    m_initialized                            0x200018d8   Data           1  nrf_log_backend_serial.o(.data)
    m_blocking_mode                          0x200018d9   Data           1  nrf_log_backend_serial.o(.data)
    .data                                    0x200018dc   Section        4  nrf_log_frontend.o(.data)
    m_overflow_info                          0x200018dc   Data           4  nrf_log_frontend.o(.data)
    .data                                    0x200018e0   Section       20  softdevice_handler.o(.data)
    m_softdevice_enabled                     0x200018e0   Data           1  softdevice_handler.o(.data)
    m_suspended                              0x200018e1   Data           1  softdevice_handler.o(.data)
    m_ble_evt_buffer_size                    0x200018e2   Data           2  softdevice_handler.o(.data)
    m_evt_schedule_func                      0x200018e4   Data           4  softdevice_handler.o(.data)
    mp_ble_evt_buffer                        0x200018e8   Data           4  softdevice_handler.o(.data)
    m_ble_evt_handler                        0x200018ec   Data           4  softdevice_handler.o(.data)
    m_sys_evt_handler                        0x200018f0   Data           4  softdevice_handler.o(.data)
    .data                                    0x200018f4   Section        4  system_nrf51.o(.data)
    __tagsym$$used                           0x200018f4   Number         0  system_nrf51.o(.data)
    .bss                                     0x200018f8   Section       32  main.o(.bss)
    m_battery_timer_id_data                  0x200018f8   Data          32  main.o(.bss)
    .bss                                     0x20001918   Section       32  main.o(.bss)
    m_adv_timer_id_data                      0x20001918   Data          32  main.o(.bss)
    .bss                                     0x20001938   Section      456  main.o(.bss)
    APP_TIMER_BUF                            0x20001938   Data         120  main.o(.bss)
    BLE_EVT_BUFFER                           0x200019b0   Data          72  main.o(.bss)
    APP_TIMER_BUF                            0x200019f8   Data         120  main.o(.bss)
    m_adv_params                             0x20001a70   Data          24  main.o(.bss)
    ibeacon_advdata                          0x20001a88   Data          60  main.o(.bss)
    luXbeacon_advdata                        0x20001ac4   Data          60  main.o(.bss)
    .bss                                     0x20001b00   Section       20  nrf_drv_clock.o(.bss)
    m_clock_cb                               0x20001b00   Data          20  nrf_drv_clock.o(.bss)
    .bss                                     0x20001b14   Section       72  nrf_drv_gpiote.o(.bss)
    m_cb                                     0x20001b14   Data          72  nrf_drv_gpiote.o(.bss)
    .bss                                     0x20001b5c   Section       28  nrf_drv_uart.o(.bss)
    m_cb                                     0x20001b5c   Data          28  nrf_drv_uart.o(.bss)
    .bss                                     0x20001b78   Section       20  nrf_drv_adc.o(.bss)
    m_cb                                     0x20001b78   Data          20  nrf_drv_adc.o(.bss)
    .bss                                     0x20001b8c   Section       32  app_error.o(.bss)
    m_error_data                             0x20001b8c   Data          32  app_error.o(.bss)
    .bss                                     0x20001bac   Section     1048  nrf_log_frontend.o(.bss)
    m_log_data                               0x20001bac   Data        1048  nrf_log_frontend.o(.bss)
    .bss                                     0x20001fc4   Section      648  segger_rtt.o(.bss)
    _acUpBuffer                              0x20001fc4   Data         512  segger_rtt.o(.bss)
    _acDownBuffer                            0x200021c4   Data          16  segger_rtt.o(.bss)
    STACK                                    0x20002250   Section     2048  arm_startup_nrf51.o(STACK)

    Global Symbols

    Symbol Name                              Value     Ov Type        Size  Object(Section)

    BuildAttributes$$THM_ISAv3M$S$PE$A:L22$X:L11$S22$IEEE1$IW$USESV6$~STKCKD$USESV7$~SHL$OSPACE$ROPI$EBA8$MICROLIB$REQ8$PRES8$EABIv2 0x00000000   Number         0  anon$$obj.o ABSOLUTE
    __ARM_use_no_argv                        0x00000000   Number         0  main.o ABSOLUTE
    _printf_a                                0x00000000   Number         0  stubs.o ABSOLUTE
    _printf_c                                0x00000000   Number         0  stubs.o ABSOLUTE
    _printf_charcount                        0x00000000   Number         0  stubs.o ABSOLUTE
    _printf_d                                0x00000000   Number         0  stubs.o ABSOLUTE
    _printf_e                                0x00000000   Number         0  stubs.o ABSOLUTE
    _printf_f                                0x00000000   Number         0  stubs.o ABSOLUTE
    _printf_flags                            0x00000000   Number         0  stubs.o ABSOLUTE
    _printf_fp_dec                           0x00000000   Number         0  stubs.o ABSOLUTE
    _printf_fp_hex                           0x00000000   Number         0  stubs.o ABSOLUTE
    _printf_g                                0x00000000   Number         0  stubs.o ABSOLUTE
    _printf_i                                0x00000000   Number         0  stubs.o ABSOLUTE
    _printf_int_dec                          0x00000000   Number         0  stubs.o ABSOLUTE
    _printf_l                                0x00000000   Number         0  stubs.o ABSOLUTE
    _printf_lc                               0x00000000   Number         0  stubs.o ABSOLUTE
    _printf_ll                               0x00000000   Number         0  stubs.o ABSOLUTE
    _printf_lld                              0x00000000   Number         0  stubs.o ABSOLUTE
    _printf_lli                              0x00000000   Number         0  stubs.o ABSOLUTE
    _printf_llo                              0x00000000   Number         0  stubs.o ABSOLUTE
    _printf_llu                              0x00000000   Number         0  stubs.o ABSOLUTE
    _printf_llx                              0x00000000   Number         0  stubs.o ABSOLUTE
    _printf_longlong_dec                     0x00000000   Number         0  stubs.o ABSOLUTE
    _printf_longlong_hex                     0x00000000   Number         0  stubs.o ABSOLUTE
    _printf_longlong_oct                     0x00000000   Number         0  stubs.o ABSOLUTE
    _printf_ls                               0x00000000   Number         0  stubs.o ABSOLUTE
    _printf_mbtowc                           0x00000000   Number         0  stubs.o ABSOLUTE
    _printf_n                                0x00000000   Number         0  stubs.o ABSOLUTE
    _printf_o                                0x00000000   Number         0  stubs.o ABSOLUTE
    _printf_p                                0x00000000   Number         0  stubs.o ABSOLUTE
    _printf_percent                          0x00000000   Number         0  stubs.o ABSOLUTE
    _printf_pre_padding                      0x00000000   Number         0  stubs.o ABSOLUTE
    _printf_return_value                     0x00000000   Number         0  stubs.o ABSOLUTE
    _printf_s                                0x00000000   Number         0  stubs.o ABSOLUTE
    _printf_sizespec                         0x00000000   Number         0  stubs.o ABSOLUTE
    _printf_str                              0x00000000   Number         0  stubs.o ABSOLUTE
    _printf_truncate_signed                  0x00000000   Number         0  stubs.o ABSOLUTE
    _printf_truncate_unsigned                0x00000000   Number         0  stubs.o ABSOLUTE
    _printf_u                                0x00000000   Number         0  stubs.o ABSOLUTE
    _printf_wc                               0x00000000   Number         0  stubs.o ABSOLUTE
    _printf_wctomb                           0x00000000   Number         0  stubs.o ABSOLUTE
    _printf_widthprec                        0x00000000   Number         0  stubs.o ABSOLUTE
    _printf_x                                0x00000000   Number         0  stubs.o ABSOLUTE
    __cpp_initialize__aeabi_                  - Undefined Weak Reference
    __cxa_finalize                            - Undefined Weak Reference
    __decompress                              - Undefined Weak Reference
    _clock_init                               - Undefined Weak Reference
    _microlib_exit                            - Undefined Weak Reference
    __Vectors_Size                           0x000000c0   Number         0  arm_startup_nrf51.o ABSOLUTE
    __Vectors                                0x0001b000   Data           4  arm_startup_nrf51.o(RESET)
    __Vectors_End                            0x0001b0c0   Data           0  arm_startup_nrf51.o(RESET)
    __main                                   0x0001b0c1   Thumb Code     0  entry.o(.ARM.Collect$$$$00000000)
    _main_stk                                0x0001b0c1   Thumb Code     0  entry2.o(.ARM.Collect$$$$00000001)
    _main_scatterload                        0x0001b0c5   Thumb Code     0  entry5.o(.ARM.Collect$$$$00000004)
    __main_after_scatterload                 0x0001b0c9   Thumb Code     0  entry5.o(.ARM.Collect$$$$00000004)
    _main_clock                              0x0001b0c9   Thumb Code     0  entry7b.o(.ARM.Collect$$$$00000008)
    _main_cpp_init                           0x0001b0c9   Thumb Code     0  entry8b.o(.ARM.Collect$$$$0000000A)
    _main_init                               0x0001b0c9   Thumb Code     0  entry9a.o(.ARM.Collect$$$$0000000B)
    __rt_final_cpp                           0x0001b0d1   Thumb Code     0  entry10a.o(.ARM.Collect$$$$0000000D)
    __rt_final_exit                          0x0001b0d1   Thumb Code     0  entry11a.o(.ARM.Collect$$$$0000000F)
    Reset_Handler                            0x0001b0d5   Thumb Code    26  arm_startup_nrf51.o(.text)
    NMI_Handler                              0x0001b0ef   Thumb Code     2  arm_startup_nrf51.o(.text)
    HardFault_Handler                        0x0001b0f1   Thumb Code     2  arm_startup_nrf51.o(.text)
    SVC_Handler                              0x0001b0f3   Thumb Code     2  arm_startup_nrf51.o(.text)
    PendSV_Handler                           0x0001b0f5   Thumb Code     2  arm_startup_nrf51.o(.text)
    SysTick_Handler                          0x0001b0f7   Thumb Code     2  arm_startup_nrf51.o(.text)
    CCM_AAR_IRQHandler                       0x0001b0f9   Thumb Code     0  arm_startup_nrf51.o(.text)
    ECB_IRQHandler                           0x0001b0f9   Thumb Code     0  arm_startup_nrf51.o(.text)
    LPCOMP_IRQHandler                        0x0001b0f9   Thumb Code     0  arm_startup_nrf51.o(.text)
    QDEC_IRQHandler                          0x0001b0f9   Thumb Code     0  arm_startup_nrf51.o(.text)
    RADIO_IRQHandler                         0x0001b0f9   Thumb Code     0  arm_startup_nrf51.o(.text)
    RNG_IRQHandler                           0x0001b0f9   Thumb Code     0  arm_startup_nrf51.o(.text)
    RTC0_IRQHandler                          0x0001b0f9   Thumb Code     0  arm_startup_nrf51.o(.text)
    SPI0_TWI0_IRQHandler                     0x0001b0f9   Thumb Code     0  arm_startup_nrf51.o(.text)
    SPI1_TWI1_IRQHandler                     0x0001b0f9   Thumb Code     0  arm_startup_nrf51.o(.text)
    SWI1_IRQHandler                          0x0001b0f9   Thumb Code     0  arm_startup_nrf51.o(.text)
    SWI3_IRQHandler                          0x0001b0f9   Thumb Code     0  arm_startup_nrf51.o(.text)
    SWI4_IRQHandler                          0x0001b0f9   Thumb Code     0  arm_startup_nrf51.o(.text)
    SWI5_IRQHandler                          0x0001b0f9   Thumb Code     0  arm_startup_nrf51.o(.text)
    TEMP_IRQHandler                          0x0001b0f9   Thumb Code     0  arm_startup_nrf51.o(.text)
    TIMER0_IRQHandler                        0x0001b0f9   Thumb Code     0  arm_startup_nrf51.o(.text)
    TIMER1_IRQHandler                        0x0001b0f9   Thumb Code     0  arm_startup_nrf51.o(.text)
    TIMER2_IRQHandler                        0x0001b0f9   Thumb Code     0  arm_startup_nrf51.o(.text)
    WDT_IRQHandler                           0x0001b0f9   Thumb Code     0  arm_startup_nrf51.o(.text)
    __rt_ctype_table                         0x0001b10d   Thumb Code     4  ctype_o.o(.text)
    __aeabi_memcpy                           0x0001b115   Thumb Code    36  memcpya.o(.text)
    __aeabi_memcpy4                          0x0001b115   Thumb Code     0  memcpya.o(.text)
    __aeabi_memcpy8                          0x0001b115   Thumb Code     0  memcpya.o(.text)
    __aeabi_memset                           0x0001b139   Thumb Code    14  memseta.o(.text)
    __aeabi_memset4                          0x0001b139   Thumb Code     0  memseta.o(.text)
    __aeabi_memset8                          0x0001b139   Thumb Code     0  memseta.o(.text)
    __aeabi_memclr                           0x0001b147   Thumb Code     4  memseta.o(.text)
    __aeabi_memclr4                          0x0001b147   Thumb Code     0  memseta.o(.text)
    __aeabi_memclr8                          0x0001b147   Thumb Code     0  memseta.o(.text)
    _memset$wrapper                          0x0001b14b   Thumb Code    18  memseta.o(.text)
    strlen                                   0x0001b15d   Thumb Code    14  strlen.o(.text)
    strcpy                                   0x0001b16b   Thumb Code    18  strcpy.o(.text)
    __aeabi_dmul                             0x0001b17d   Thumb Code   202  dmul.o(.text)
    __ARM_scalbn                             0x0001b24d   Thumb Code    44  dscalb.o(.text)
    scalbn                                   0x0001b24d   Thumb Code     0  dscalb.o(.text)
    __aeabi_i2d                              0x0001b279   Thumb Code    34  dflti.o(.text)
    __aeabi_d2uiz                            0x0001b2a1   Thumb Code    50  dfixui.o(.text)
    __aeabi_uldivmod                         0x0001b2dd   Thumb Code    96  uldiv.o(.text)
    __aeabi_llsr                             0x0001b33d   Thumb Code    34  llushr.o(.text)
    _ll_ushift_r                             0x0001b33d   Thumb Code     0  llushr.o(.text)
    __I$use$fp                               0x0001b35f   Thumb Code     0  iusefp.o(.text)
    _double_round                            0x0001b35f   Thumb Code    26  depilogue.o(.text)
    _double_epilogue                         0x0001b379   Thumb Code   164  depilogue.o(.text)
    __scatterload                            0x0001b41d   Thumb Code    28  init.o(.text)
    __scatterload_rt2                        0x0001b41d   Thumb Code     0  init.o(.text)
    __aeabi_llsl                             0x0001b441   Thumb Code    32  llshl.o(.text)
    _ll_shift_l                              0x0001b441   Thumb Code     0  llshl.o(.text)
    ADC_IRQHandler                           0x0001b461   Thumb Code    78  nrf_drv_adc.o(i.ADC_IRQHandler)
    GPIOTE_IRQHandler                        0x0001b4c1   Thumb Code   364  nrf_drv_gpiote.o(i.GPIOTE_IRQHandler)
    POWER_CLOCK_IRQHandler                   0x0001b67d   Thumb Code    70  nrf_drv_clock.o(i.POWER_CLOCK_IRQHandler)
    RTC1_IRQHandler                          0x0001b6d1   Thumb Code    28  app_timer.o(i.RTC1_IRQHandler)
    SEGGER_RTT_Init                          0x0001b6f1   Thumb Code    16  segger_rtt.o(i.SEGGER_RTT_Init)
    SEGGER_RTT_WriteNoLock                   0x0001b705   Thumb Code    86  segger_rtt.o(i.SEGGER_RTT_WriteNoLock)
    SWI0_IRQHandler                          0x0001b761   Thumb Code     8  app_timer.o(i.SWI0_IRQHandler)
    SWI2_IRQHandler                          0x0001b769   Thumb Code    34  softdevice_handler.o(i.SWI2_IRQHandler)
    SystemInit                               0x0001b795   Thumb Code   130  system_nrf51.o(i.SystemInit)
    UART0_IRQHandler                         0x0001b835   Thumb Code    12  nrf_drv_uart.o(i.UART0_IRQHandler)
    __0snprintf$8                            0x0001b969   Thumb Code    46  printf8.o(i.__0snprintf$8)
    __1snprintf$8                            0x0001b969   Thumb Code     0  printf8.o(i.__0snprintf$8)
    __2snprintf                              0x0001b969   Thumb Code     0  printf8.o(i.__0snprintf$8)
    __ARM_clz                                0x0001b99d   Thumb Code    46  depilogue.o(i.__ARM_clz)
    __ARM_common_switch8                     0x0001b9cb   Thumb Code    26  bsp.o(i.__ARM_common_switch8)
    __scatterload_copy                       0x0001b9e5   Thumb Code    14  handlers.o(i.__scatterload_copy)
    __scatterload_null                       0x0001b9f3   Thumb Code     2  handlers.o(i.__scatterload_null)
    __scatterload_zeroinit                   0x0001b9f5   Thumb Code    14  handlers.o(i.__scatterload_zeroinit)
    adc_event_handler                        0x0001bead   Thumb Code   132  main.o(i.adc_event_handler)
    adv_data_encode                          0x0001c045   Thumb Code   398  ble_advdata.o(i.adv_data_encode)
    app_error_fault_handler                  0x0001c2a5   Thumb Code    42  app_error_weak.o(i.app_error_fault_handler)
    app_error_handler                        0x0001c2e9   Thumb Code    56  app_error.o(i.app_error_handler)
    app_error_save_and_stop                  0x0001c369   Thumb Code    90  app_error.o(i.app_error_save_and_stop)
    app_timer_create                         0x0001c3cd   Thumb Code    40  app_timer.o(i.app_timer_create)
    app_timer_init                           0x0001c3f9   Thumb Code    98  app_timer.o(i.app_timer_init)
    app_timer_start                          0x0001c46d   Thumb Code   128  app_timer.o(i.app_timer_start)
    app_util_critical_region_enter           0x0001c4f5   Thumb Code    48  app_util_platform.o(i.app_util_critical_region_enter)
    app_util_critical_region_exit            0x0001c531   Thumb Code    36  app_util_platform.o(i.app_util_critical_region_exit)
    ble_advdata_set                          0x0001c64d   Thumb Code   104  ble_advdata.o(i.ble_advdata_set)
    buffer_is_empty                          0x0001c821   Thumb Code    16  nrf_log_frontend.o(i.buffer_is_empty)
    intern_softdevice_events_execute         0x0001ca45   Thumb Code   130  softdevice_handler.o(i.intern_softdevice_events_execute)
    main                                     0x0001ce09   Thumb Code   218  main.o(i.main)
    nrf_drv_adc_buffer_convert               0x0001d0c9   Thumb Code    84  nrf_drv_adc.o(i.nrf_drv_adc_buffer_convert)
    nrf_drv_adc_channel_enable               0x0001d12d   Thumb Code    28  nrf_drv_adc.o(i.nrf_drv_adc_channel_enable)
    nrf_drv_adc_init                         0x0001d14d   Thumb Code    50  nrf_drv_adc.o(i.nrf_drv_adc_init)
    nrf_drv_adc_sample                       0x0001d18d   Thumb Code     8  nrf_drv_adc.o(i.nrf_drv_adc_sample)
    nrf_drv_clock_init                       0x0001d199   Thumb Code    60  nrf_drv_clock.o(i.nrf_drv_clock_init)
    nrf_drv_clock_on_sd_enable               0x0001d1e1   Thumb Code    46  nrf_drv_clock.o(i.nrf_drv_clock_on_sd_enable)
    nrf_drv_clock_on_soc_event               0x0001d215   Thumb Code    12  nrf_drv_clock.o(i.nrf_drv_clock_on_soc_event)
    nrf_drv_common_irq_enable                0x0001d221   Thumb Code    78  nrf_drv_common.o(i.nrf_drv_common_irq_enable)
    nrf_log_backend_hexdump_handler_get      0x0001d2f1   Thumb Code     4  nrf_log_backend_serial.o(i.nrf_log_backend_hexdump_handler_get)
    nrf_log_backend_init                     0x0001d2f9   Thumb Code    32  nrf_log_backend_serial.o(i.nrf_log_backend_init)
    nrf_log_backend_std_handler_get          0x0001d531   Thumb Code     4  nrf_log_backend_serial.o(i.nrf_log_backend_std_handler_get)
    nrf_log_blocking_backend_set             0x0001d539   Thumb Code    10  nrf_log_frontend.o(i.nrf_log_blocking_backend_set)
    nrf_log_frontend_dequeue                 0x0001d545   Thumb Code   318  nrf_log_frontend.o(i.nrf_log_frontend_dequeue)
    nrf_log_frontend_init                    0x0001d691   Thumb Code    20  nrf_log_frontend.o(i.nrf_log_frontend_init)
    nrf_log_frontend_std_0                   0x0001d6a9   Thumb Code    68  nrf_log_frontend.o(i.nrf_log_frontend_std_0)
    nrf_log_frontend_std_1                   0x0001d6f5   Thumb Code    86  nrf_log_frontend.o(i.nrf_log_frontend_std_1)
    nrf_log_handlers_set                     0x0001d755   Thumb Code     8  nrf_log_frontend.o(i.nrf_log_handlers_set)
    nrf_log_init                             0x0001d761   Thumb Code    36  nrf_log_frontend.o(i.nrf_log_init)
    softdevice_enable                        0x0001d971   Thumb Code    62  softdevice_handler.o(i.softdevice_enable)
    softdevice_enable_get_default_config     0x0001da15   Thumb Code    40  softdevice_handler.o(i.softdevice_enable_get_default_config)
    softdevice_fault_handler                 0x0001da3d   Thumb Code     8  softdevice_handler.o(i.softdevice_fault_handler)
    softdevice_handler_init                  0x0001da45   Thumb Code    74  softdevice_handler.o(i.softdevice_handler_init)
    softdevice_handler_is_enabled            0x0001da9d   Thumb Code     6  softdevice_handler.o(i.softdevice_handler_is_enabled)
    __ctype_table                            0x0001dfac   Data         129  ctype_o.o(.constdata)
    Region$$Table$$Base                      0x0001e0dc   Number         0  anon$$obj.o(Region$$Table)
    Region$$Table$$Limit                     0x0001e0fc   Number         0  anon$$obj.o(Region$$Table)
    Image$$RW_IRAM1$$Base                    0x20001870   Number         0  anon$$obj.o ABSOLUTE
    count                                    0x20001874   Data           4  main.o(.data)
    nrf_nvic_state                           0x200018d0   Data           8  app_util_platform.o(.data)
    SystemCoreClock                          0x200018f4   Data           4  system_nrf51.o(.data)
    _SEGGER_RTT                              0x200021d4   Data         120  segger_rtt.o(.bss)
    __initial_sp                             0x20002a50   Data           0  arm_startup_nrf51.o(STACK)



==============================================================================

Memory Map of the image

  Image Entry point : 0x0001b0c1

  Load Region LR_IROM1 (Base: 0x0001b000, Size: 0x00003184, Max: 0x00025000, ABSOLUTE)

    Execution Region ER_IROM1 (Exec base: 0x0001b000, Load base: 0x0001b000, Size: 0x000030fc, Max: 0x00025000, ABSOLUTE)

    Exec Addr    Load Addr    Size         Type   Attr      Idx    E Section Name        Object

    0x0001b000   0x0001b000   0x000000c0   Data   RO         2293    RESET               arm_startup_nrf51.o
    0x0001b0c0   0x0001b0c0   0x00000000   Code   RO         2335  * .ARM.Collect$$$$00000000  mc_p.l(entry.o)
    0x0001b0c0   0x0001b0c0   0x00000004   Code   RO         2647    .ARM.Collect$$$$00000001  mc_p.l(entry2.o)
    0x0001b0c4   0x0001b0c4   0x00000004   Code   RO         2650    .ARM.Collect$$$$00000004  mc_p.l(entry5.o)
    0x0001b0c8   0x0001b0c8   0x00000000   Code   RO         2652    .ARM.Collect$$$$00000008  mc_p.l(entry7b.o)
    0x0001b0c8   0x0001b0c8   0x00000000   Code   RO         2654    .ARM.Collect$$$$0000000A  mc_p.l(entry8b.o)
    0x0001b0c8   0x0001b0c8   0x00000008   Code   RO         2655    .ARM.Collect$$$$0000000B  mc_p.l(entry9a.o)
    0x0001b0d0   0x0001b0d0   0x00000000   Code   RO         2657    .ARM.Collect$$$$0000000D  mc_p.l(entry10a.o)
    0x0001b0d0   0x0001b0d0   0x00000000   Code   RO         2659    .ARM.Collect$$$$0000000F  mc_p.l(entry11a.o)
    0x0001b0d0   0x0001b0d0   0x00000004   Code   RO         2648    .ARM.Collect$$$$00002712  mc_p.l(entry2.o)
    0x0001b0d4   0x0001b0d4   0x00000038   Code   RO         2294    .text               arm_startup_nrf51.o
    0x0001b10c   0x0001b10c   0x00000008   Code   RO         2340    .text               mc_p.l(ctype_o.o)
    0x0001b114   0x0001b114   0x00000024   Code   RO         2368    .text               mc_p.l(memcpya.o)
    0x0001b138   0x0001b138   0x00000024   Code   RO         2370    .text               mc_p.l(memseta.o)
    0x0001b15c   0x0001b15c   0x0000000e   Code   RO         2372    .text               mc_p.l(strlen.o)
    0x0001b16a   0x0001b16a   0x00000012   Code   RO         2374    .text               mc_p.l(strcpy.o)
    0x0001b17c   0x0001b17c   0x000000d0   Code   RO         2639    .text               mf_p.l(dmul.o)
    0x0001b24c   0x0001b24c   0x0000002c   Code   RO         2641    .text               mf_p.l(dscalb.o)
    0x0001b278   0x0001b278   0x00000028   Code   RO         2643    .text               mf_p.l(dflti.o)
    0x0001b2a0   0x0001b2a0   0x0000003c   Code   RO         2645    .text               mf_p.l(dfixui.o)
    0x0001b2dc   0x0001b2dc   0x00000060   Code   RO         2664    .text               mc_p.l(uldiv.o)
    0x0001b33c   0x0001b33c   0x00000022   Code   RO         2666    .text               mc_p.l(llushr.o)
    0x0001b35e   0x0001b35e   0x00000000   Code   RO         2668    .text               mc_p.l(iusefp.o)
    0x0001b35e   0x0001b35e   0x000000be   Code   RO         2669    .text               mf_p.l(depilogue.o)
    0x0001b41c   0x0001b41c   0x00000024   Code   RO         2681    .text               mc_p.l(init.o)
    0x0001b440   0x0001b440   0x00000020   Code   RO         2684    .text               mc_p.l(llshl.o)
    0x0001b460   0x0001b460   0x00000060   Code   RO         1339    i.ADC_IRQHandler    nrf_drv_adc.o
    0x0001b4c0   0x0001b4c0   0x00000178   Code   RO          947    i.GPIOTE_IRQHandler  nrf_drv_gpiote.o
    0x0001b638   0x0001b638   0x00000044   Code   RO         1546    i.NVIC_SetPriority  app_timer.o
    0x0001b67c   0x0001b67c   0x00000054   Code   RO          741    i.POWER_CLOCK_IRQHandler  nrf_drv_clock.o
    0x0001b6d0   0x0001b6d0   0x00000020   Code   RO         1547    i.RTC1_IRQHandler   app_timer.o
    0x0001b6f0   0x0001b6f0   0x00000014   Code   RO         2009    i.SEGGER_RTT_Init   segger_rtt.o
    0x0001b704   0x0001b704   0x0000005c   Code   RO         2018    i.SEGGER_RTT_WriteNoLock  segger_rtt.o
    0x0001b760   0x0001b760   0x00000008   Code   RO         1548    i.SWI0_IRQHandler   app_timer.o
    0x0001b768   0x0001b768   0x0000002c   Code   RO         2154    i.SWI2_IRQHandler   softdevice_handler.o
    0x0001b794   0x0001b794   0x000000a0   Code   RO         2301    i.SystemInit        system_nrf51.o
    0x0001b834   0x0001b834   0x00000014   Code   RO         1162    i.UART0_IRQHandler  nrf_drv_uart.o
    0x0001b848   0x0001b848   0x0000006c   Code   RO         2021    i._DoInit           segger_rtt.o
    0x0001b8b4   0x0001b8b4   0x00000016   Code   RO         2022    i._GetAvailWriteSpace  segger_rtt.o
    0x0001b8ca   0x0001b8ca   0x00000060   Code   RO         2024    i._WriteBlocking    segger_rtt.o
    0x0001b92a   0x0001b92a   0x0000003c   Code   RO         2025    i._WriteNoCheck     segger_rtt.o
    0x0001b966   0x0001b966   0x00000002   PAD
    0x0001b968   0x0001b968   0x00000034   Code   RO         2586    i.__0snprintf$8     mc_p.l(printf8.o)
    0x0001b99c   0x0001b99c   0x0000002e   Code   RO         2671    i.__ARM_clz         mf_p.l(depilogue.o)
    0x0001b9ca   0x0001b9ca   0x0000001a   Code   RO          485    i.__ARM_common_switch8  bsp.o
    0x0001b9e4   0x0001b9e4   0x0000000e   Code   RO         2691    i.__scatterload_copy  mc_p.l(handlers.o)
    0x0001b9f2   0x0001b9f2   0x00000002   Code   RO         2692    i.__scatterload_null  mc_p.l(handlers.o)
    0x0001b9f4   0x0001b9f4   0x0000000e   Code   RO         2693    i.__scatterload_zeroinit  mc_p.l(handlers.o)
    0x0001ba02   0x0001ba02   0x00000002   PAD
    0x0001ba04   0x0001ba04   0x0000001c   Code   RO         2155    i.__sd_nvic_app_accessible_irq  softdevice_handler.o
    0x0001ba20   0x0001ba20   0x00000428   Code   RO         2592    i._printf_core      mc_p.l(printf8.o)
    0x0001be48   0x0001be48   0x00000020   Code   RO         2593    i._printf_post_padding  mc_p.l(printf8.o)
    0x0001be68   0x0001be68   0x0000002c   Code   RO         2594    i._printf_pre_padding  mc_p.l(printf8.o)
    0x0001be94   0x0001be94   0x00000016   Code   RO         2595    i._snputc           mc_p.l(printf8.o)
    0x0001beaa   0x0001beaa   0x00000002   PAD
    0x0001beac   0x0001beac   0x00000138   Code   RO            3    i.adc_event_handler  main.o
    0x0001bfe4   0x0001bfe4   0x00000060   Code   RO         1340    i.adc_sample_process  nrf_drv_adc.o
    0x0001c044   0x0001c044   0x0000018e   Code   RO          539    i.adv_data_encode   ble_advdata.o
    0x0001c1d2   0x0001c1d2   0x00000002   PAD
    0x0001c1d4   0x0001c1d4   0x00000078   Code   RO            4    i.adv_timeout_handler  main.o
    0x0001c24c   0x0001c24c   0x00000058   Code   RO            5    i.advertising_start  main.o
    0x0001c2a4   0x0001c2a4   0x00000044   Code   RO         1523    i.app_error_fault_handler  app_error_weak.o
    0x0001c2e8   0x0001c2e8   0x00000080   Code   RO         1484    i.app_error_handler  app_error.o
    0x0001c368   0x0001c368   0x00000064   Code   RO         1486    i.app_error_save_and_stop  app_error.o
    0x0001c3cc   0x0001c3cc   0x0000002c   Code   RO         1551    i.app_timer_create  app_timer.o
    0x0001c3f8   0x0001c3f8   0x00000074   Code   RO         1552    i.app_timer_init    app_timer.o
    0x0001c46c   0x0001c46c   0x00000088   Code   RO         1553    i.app_timer_start   app_timer.o
    0x0001c4f4   0x0001c4f4   0x0000003c   Code   RO         1691    i.app_util_critical_region_enter  app_util_platform.o
    0x0001c530   0x0001c530   0x0000002c   Code   RO         1692    i.app_util_critical_region_exit  app_util_platform.o
    0x0001c55c   0x0001c55c   0x00000078   Code   RO            6    i.application_timers_start  main.o
    0x0001c5d4   0x0001c5d4   0x00000078   Code   RO            8    i.battery_level_meas_timeout_handler  main.o
    0x0001c64c   0x0001c64c   0x00000068   Code   RO          540    i.ble_advdata_set   ble_advdata.o
    0x0001c6b4   0x0001c6b4   0x0000005e   Code   RO          541    i.ble_device_addr_encode  ble_advdata.o
    0x0001c712   0x0001c712   0x00000002   PAD
    0x0001c714   0x0001c714   0x00000088   Code   RO            9    i.ble_stack_init    main.o
    0x0001c79c   0x0001c79c   0x00000012   Code   RO         1792    i.buf_len_update    nrf_log_backend_serial.o
    0x0001c7ae   0x0001c7ae   0x00000002   PAD
    0x0001c7b0   0x0001c7b0   0x00000070   Code   RO         1878    i.buf_prealloc      nrf_log_frontend.o
    0x0001c820   0x0001c820   0x00000014   Code   RO         1879    i.buffer_is_empty   nrf_log_frontend.o
    0x0001c834   0x0001c834   0x00000010   Code   RO          950    i.channel_port_get  nrf_drv_gpiote.o
    0x0001c844   0x0001c844   0x00000028   Code   RO          742    i.clock_clk_started_notify  nrf_drv_clock.o
    0x0001c86c   0x0001c86c   0x000000a8   Code   RO         1556    i.compare_reg_update  app_timer.o
    0x0001c914   0x0001c914   0x00000088   Code   RO          542    i.conn_int_encode   ble_advdata.o
    0x0001c99c   0x0001c99c   0x00000040   Code   RO         1557    i.elapsed_ticks_acquire  app_timer.o
    0x0001c9dc   0x0001c9dc   0x00000068   Code   RO           10    i.ibeacon_init      main.o
    0x0001ca44   0x0001ca44   0x0000008c   Code   RO         2156    i.intern_softdevice_events_execute  softdevice_handler.o
    0x0001cad0   0x0001cad0   0x00000048   Code   RO         2302    i.is_manual_peripheral_setup_needed  system_nrf51.o
    0x0001cb18   0x0001cb18   0x000000ac   Code   RO         1558    i.list_deletions_handler  app_timer.o
    0x0001cbc4   0x0001cbc4   0x000000bc   Code   RO         1559    i.list_insertions_handler  app_timer.o
    0x0001cc80   0x0001cc80   0x00000188   Code   RO           11    i.luXbeacon_init    main.o
    0x0001ce08   0x0001ce08   0x00000154   Code   RO           12    i.main              main.o
    0x0001cf5c   0x0001cf5c   0x00000068   Code   RO          543    i.manuf_specific_data_encode  ble_advdata.o
    0x0001cfc4   0x0001cfc4   0x0000009e   Code   RO          544    i.name_encode       ble_advdata.o
    0x0001d062   0x0001d062   0x00000002   PAD
    0x0001d064   0x0001d064   0x00000014   Code   RO         1341    i.nrf_adc_event_check  nrf_drv_adc.o
    0x0001d078   0x0001d078   0x00000010   Code   RO          951    i.nrf_bitmask_bit_is_set  nrf_drv_gpiote.o
    0x0001d088   0x0001d088   0x00000010   Code   RO          746    i.nrf_clock_event_check  nrf_drv_clock.o
    0x0001d098   0x0001d098   0x00000030   Code   RO         1560    i.nrf_delay_us      app_timer.o
    0x0001d0c8   0x0001d0c8   0x00000064   Code   RO         1342    i.nrf_drv_adc_buffer_convert  nrf_drv_adc.o
    0x0001d12c   0x0001d12c   0x00000020   Code   RO         1344    i.nrf_drv_adc_channel_enable  nrf_drv_adc.o
    0x0001d14c   0x0001d14c   0x00000040   Code   RO         1345    i.nrf_drv_adc_init  nrf_drv_adc.o
    0x0001d18c   0x0001d18c   0x0000000c   Code   RO         1347    i.nrf_drv_adc_sample  nrf_drv_adc.o
    0x0001d198   0x0001d198   0x00000048   Code   RO          753    i.nrf_drv_clock_init  nrf_drv_clock.o
    0x0001d1e0   0x0001d1e0   0x00000034   Code   RO          760    i.nrf_drv_clock_on_sd_enable  nrf_drv_clock.o
    0x0001d214   0x0001d214   0x0000000c   Code   RO          761    i.nrf_drv_clock_on_soc_event  nrf_drv_clock.o
    0x0001d220   0x0001d220   0x00000060   Code   RO          906    i.nrf_drv_common_irq_enable  nrf_drv_common.o
    0x0001d280   0x0001d280   0x00000022   Code   RO          973    i.nrf_gpio_cfg_sense_set  nrf_drv_gpiote.o
    0x0001d2a2   0x0001d2a2   0x00000002   PAD
    0x0001d2a4   0x0001d2a4   0x00000028   Code   RO          974    i.nrf_gpio_ports_read  nrf_drv_gpiote.o
    0x0001d2cc   0x0001d2cc   0x00000010   Code   RO          975    i.nrf_gpiote_event_clear  nrf_drv_gpiote.o
    0x0001d2dc   0x0001d2dc   0x00000014   Code   RO          976    i.nrf_gpiote_event_is_set  nrf_drv_gpiote.o
    0x0001d2f0   0x0001d2f0   0x00000008   Code   RO         1794    i.nrf_log_backend_hexdump_handler_get  nrf_log_backend_serial.o
    0x0001d2f8   0x0001d2f8   0x00000024   Code   RO         1795    i.nrf_log_backend_init  nrf_log_backend_serial.o
    0x0001d31c   0x0001d31c   0x0000011c   Code   RO         1796    i.nrf_log_backend_serial_hexdump_handler  nrf_log_backend_serial.o
    0x0001d438   0x0001d438   0x000000f8   Code   RO         1797    i.nrf_log_backend_serial_std_handler  nrf_log_backend_serial.o
    0x0001d530   0x0001d530   0x00000008   Code   RO         1798    i.nrf_log_backend_std_handler_get  nrf_log_backend_serial.o
    0x0001d538   0x0001d538   0x0000000a   Code   RO         1881    i.nrf_log_blocking_backend_set  nrf_log_frontend.o
    0x0001d542   0x0001d542   0x00000002   PAD
    0x0001d544   0x0001d544   0x0000014c   Code   RO         1882    i.nrf_log_frontend_dequeue  nrf_log_frontend.o
    0x0001d690   0x0001d690   0x00000018   Code   RO         1884    i.nrf_log_frontend_init  nrf_log_frontend.o
    0x0001d6a8   0x0001d6a8   0x0000004c   Code   RO         1885    i.nrf_log_frontend_std_0  nrf_log_frontend.o
    0x0001d6f4   0x0001d6f4   0x00000060   Code   RO         1886    i.nrf_log_frontend_std_1  nrf_log_frontend.o
    0x0001d754   0x0001d754   0x0000000c   Code   RO         1893    i.nrf_log_handlers_set  nrf_log_frontend.o
    0x0001d760   0x0001d760   0x00000024   Code   RO         1894    i.nrf_log_init      nrf_log_frontend.o
    0x0001d784   0x0001d784   0x0000000a   Code   RO         1180    i.nrf_uart_event_check  nrf_drv_uart.o
    0x0001d78e   0x0001d78e   0x00000010   Code   RO         1181    i.nrf_uart_int_enable_check  nrf_drv_uart.o
    0x0001d79e   0x0001d79e   0x00000010   Code   RO         2157    i.ram_end_address_get  softdevice_handler.o
    0x0001d7ae   0x0001d7ae   0x00000002   PAD
    0x0001d7b0   0x0001d7b0   0x00000044   Code   RO         1561    i.rtc1_stop         app_timer.o
    0x0001d7f4   0x0001d7f4   0x00000026   Code   RO         1182    i.rx_byte           nrf_drv_uart.o
    0x0001d81a   0x0001d81a   0x00000014   Code   RO         1183    i.rx_done_event     nrf_drv_uart.o
    0x0001d82e   0x0001d82e   0x00000002   PAD
    0x0001d830   0x0001d830   0x00000084   Code   RO         2159    i.sd_nvic_EnableIRQ  softdevice_handler.o
    0x0001d8b4   0x0001d8b4   0x0000002c   Code   RO         1799    i.serial_tx         nrf_log_backend_serial.o
    0x0001d8e0   0x0001d8e0   0x0000008e   Code   RO          545    i.service_data_encode  ble_advdata.o
    0x0001d96e   0x0001d96e   0x00000002   PAD
    0x0001d970   0x0001d970   0x000000a4   Code   RO         2161    i.softdevice_enable  softdevice_handler.o
    0x0001da14   0x0001da14   0x00000028   Code   RO         2162    i.softdevice_enable_get_default_config  softdevice_handler.o
    0x0001da3c   0x0001da3c   0x00000008   Code   RO         2163    i.softdevice_fault_handler  softdevice_handler.o
    0x0001da44   0x0001da44   0x00000058   Code   RO         2164    i.softdevice_handler_init  softdevice_handler.o
    0x0001da9c   0x0001da9c   0x0000000c   Code   RO         2165    i.softdevice_handler_is_enabled  softdevice_handler.o
    0x0001daa8   0x0001daa8   0x00000084   Code   RO         1562    i.timer_list_handler  app_timer.o
    0x0001db2c   0x0001db2c   0x00000010   Code   RO         1563    i.timer_list_handler_sched  app_timer.o
    0x0001db3c   0x0001db3c   0x00000040   Code   RO         1564    i.timer_list_insert  app_timer.o
    0x0001db7c   0x0001db7c   0x000000c0   Code   RO         1566    i.timer_timeouts_check  app_timer.o
    0x0001dc3c   0x0001dc3c   0x0000008c   Code   RO           13    i.timers_init       main.o
    0x0001dcc8   0x0001dcc8   0x00000034   Code   RO         1800    i.timestamp_process  nrf_log_backend_serial.o
    0x0001dcfc   0x0001dcfc   0x0000001e   Code   RO         1185    i.tx_byte           nrf_drv_uart.o
    0x0001dd1a   0x0001dd1a   0x00000018   Code   RO         1186    i.tx_done_event     nrf_drv_uart.o
    0x0001dd32   0x0001dd32   0x00000128   Code   RO         1187    i.uart_irq_handler  nrf_drv_uart.o
    0x0001de5a   0x0001de5a   0x0000000a   Code   RO          546    i.uint16_encode     ble_advdata.o
    0x0001de64   0x0001de64   0x0000002c   Code   RO         1567    i.user_op_alloc     app_timer.o
    0x0001de90   0x0001de90   0x00000030   Code   RO          547    i.uuid_list_encode  ble_advdata.o
    0x0001dec0   0x0001dec0   0x000000ae   Code   RO          548    i.uuid_list_sized_encode  ble_advdata.o
    0x0001df6e   0x0001df6e   0x00000002   PAD
    0x0001df70   0x0001df70   0x00000010   Data   RO           17    .constdata          main.o
    0x0001df80   0x0001df80   0x00000004   Data   RO          980    .constdata          nrf_drv_gpiote.o
    0x0001df84   0x0001df84   0x00000001   Data   RO         1351    .constdata          nrf_drv_adc.o
    0x0001df85   0x0001df85   0x00000003   PAD
    0x0001df88   0x0001df88   0x00000024   Data   RO         1897    .constdata          nrf_log_frontend.o
    0x0001dfac   0x0001dfac   0x00000081   Data   RO         2341    .constdata          mc_p.l(ctype_o.o)
    0x0001e02d   0x0001e02d   0x00000003   PAD
    0x0001e030   0x0001e030   0x00000004   Data   RO         2342    .constdata          mc_p.l(ctype_o.o)
    0x0001e034   0x0001e034   0x0000000b   Data   RO         1898    .conststring        nrf_log_frontend.o
    0x0001e03f   0x0001e03f   0x00000001   PAD
    0x0001e040   0x0001e040   0x0000009b   Data   RO         2171    .conststring        softdevice_handler.o
    0x0001e0db   0x0001e0db   0x00000001   PAD
    0x0001e0dc   0x0001e0dc   0x00000020   Data   RO         2689    Region$$Table       anon$$obj.o


    Execution Region RW_IRAM1 (Exec base: 0x20001870, Load base: 0x0001e0fc, Size: 0x000011e0, Max: 0x00006790, ABSOLUTE)

    Exec Addr    Load Addr    Size         Type   Attr      Idx    E Section Name        Object

    0x20001870   0x0001e0fc   0x0000003b   Data   RW           18    .data               main.o
    0x200018ab   0x0001e137   0x00000001   PAD
    0x200018ac   0x0001e138   0x00000020   Data   RW         1568    .data               app_timer.o
    0x200018cc   0x0001e158   0x0000000c   Data   RW         1695    .data               app_util_platform.o
    0x200018d8   0x0001e164   0x00000002   Data   RW         1802    .data               nrf_log_backend_serial.o
    0x200018da   0x0001e166   0x00000002   PAD
    0x200018dc   0x0001e168   0x00000004   Data   RW         1899    .data               nrf_log_frontend.o
    0x200018e0   0x0001e16c   0x00000014   Data   RW         2172    .data               softdevice_handler.o
    0x200018f4   0x0001e180   0x00000004   Data   RW         2303    .data               system_nrf51.o
    0x200018f8        -       0x00000020   Zero   RW           14    .bss                main.o
    0x20001918        -       0x00000020   Zero   RW           15    .bss                main.o
    0x20001938        -       0x000001c8   Zero   RW           16    .bss                main.o
    0x20001b00        -       0x00000014   Zero   RW          763    .bss                nrf_drv_clock.o
    0x20001b14        -       0x00000048   Zero   RW          979    .bss                nrf_drv_gpiote.o
    0x20001b5c        -       0x0000001c   Zero   RW         1188    .bss                nrf_drv_uart.o
    0x20001b78        -       0x00000014   Zero   RW         1350    .bss                nrf_drv_adc.o
    0x20001b8c        -       0x00000020   Zero   RW         1487    .bss                app_error.o
    0x20001bac        -       0x00000418   Zero   RW         1896    .bss                nrf_log_frontend.o
    0x20001fc4        -       0x00000288   Zero   RW         2026    .bss                segger_rtt.o
    0x2000224c   0x0001e184   0x00000004   PAD
    0x20002250        -       0x00000800   Zero   RW         2291    STACK               arm_startup_nrf51.o


==============================================================================

Image component sizes


      Code (inc. data)   RO Data    RW Data    ZI Data      Debug   Object Name

       228         82          0          0         32       4070   app_error.o
        68         26          0          0          0        754   app_error_weak.o
      1560        208          0         32          0      41646   app_timer.o
       104         20          0         12          0       6430   app_util_platform.o
        56         18        192          0       2048        716   arm_startup_nrf51.o
      1368          6          0          0          0      30768   ble_advdata.o
        26          0          0          0          0         72   bsp.o
      1872        750         16         59        520      92306   main.o
       420         78          1          0         20       9899   nrf_drv_adc.o
       276         38          0          0         20      11992   nrf_drv_clock.o
        96         18          0          0          0       9040   nrf_drv_common.o
       518         34          4          0         72      19176   nrf_drv_gpiote.o
       454          8          0          0         28      16173   nrf_drv_uart.o
       698         32          0          2          0       9611   nrf_log_backend_serial.o
       718         58         47          4       1048      11108   nrf_log_frontend.o
       398         44          0          0        648       8441   segger_rtt.o
       672        168        155         20          0      21346   softdevice_handler.o
       232         36          0          4          0       2383   system_nrf51.o

    ----------------------------------------------------------------------
      9786       1624        452        136       4440     295931   Object Totals
         0          0         32          0          0          0   (incl. Generated)
        22          0          5          3          4          0   (incl. Padding)

    ----------------------------------------------------------------------

      Code (inc. data)   RO Data    RW Data    ZI Data      Debug   Library Member Name

         8          4        133          0          0         60   ctype_o.o
         0          0          0          0          0          0   entry.o
         0          0          0          0          0          0   entry10a.o
         0          0          0          0          0          0   entry11a.o
         8          4          0          0          0          0   entry2.o
         4          0          0          0          0          0   entry5.o
         0          0          0          0          0          0   entry7b.o
         0          0          0          0          0          0   entry8b.o
         8          4          0          0          0          0   entry9a.o
        30          0          0          0          0          0   handlers.o
        36          8          0          0          0         68   init.o
         0          0          0          0          0          0   iusefp.o
        32          0          0          0          0         68   llshl.o
        34          0          0          0          0         68   llushr.o
        36          0          0          0          0         60   memcpya.o
        36          0          0          0          0        100   memseta.o
      1214         50          0          0          0        384   printf8.o
        18          0          0          0          0         60   strcpy.o
        14          0          0          0          0         60   strlen.o
        96          0          0          0          0         84   uldiv.o
       236          0          0          0          0        216   depilogue.o
        60         10          0          0          0         68   dfixui.o
        40          6          0          0          0         68   dflti.o
       208          6          0          0          0         88   dmul.o
        44          0          0          0          0         72   dscalb.o

    ----------------------------------------------------------------------
      2166         92        136          0          0       1524   Library Totals
         4          0          3          0          0          0   (incl. Padding)

    ----------------------------------------------------------------------

      Code (inc. data)   RO Data    RW Data    ZI Data      Debug   Library Name

      1574         70        133          0          0       1012   mc_p.l
       588         22          0          0          0        512   mf_p.l

    ----------------------------------------------------------------------
      2166         92        136          0          0       1524   Library Totals

    ----------------------------------------------------------------------

==============================================================================


      Code (inc. data)   RO Data    RW Data    ZI Data      Debug   

     11952       1716        588        136       4440     292239   Grand Totals
     11952       1716        588        136       4440     292239   ELF Image Totals
     11952       1716        588        136          0          0   ROM Totals

==============================================================================

    Total RO  Size (Code + RO Data)                12540 (  12.25kB)
    Total RW  Size (RW Data + ZI Data)              4576 (   4.47kB)
    Total ROM Size (Code + RO Data + RW Data)      12676 (  12.38kB)

==============================================================================

