ARM Linker, 5.03 [Build 76] [MDK-ARM Professional]

==============================================================================

Section Cross References

    main.o(i.MyChar) refers to memseta.o(.text) for __aeabi_memclr4
    main.o(i.MyChar) refers to main.o(.bss) for .bss
    main.o(i.adv_timeout_handler) refers to main.o(i.advertising_init) for advertising_init
    main.o(i.adv_timeout_handler) refers to ble_advertising.o(i.ble_advertising_start) for ble_advertising_start
    main.o(i.adv_timeout_handler) refers to main.o(.data) for .data
    main.o(i.advertising_init) refers to memseta.o(.text) for __aeabi_memclr4
    main.o(i.advertising_init) refers to ble_advertising.o(i.ble_advertising_init) for ble_advertising_init
    main.o(i.advertising_init) refers to app_error.o(i.app_error_handler_bare) for app_error_handler_bare
    main.o(i.advertising_init) refers to main.o(.constdata) for .constdata
    main.o(i.advertising_init) refers to main.o(.data) for .data
    main.o(i.advertising_init) refers to main.o(.bss) for .bss
    main.o(i.advertising_init) refers to main.o(i.on_adv_evt) for on_adv_evt
    main.o(i.app_context_load) refers to device_manager_peripheral.o(i.dm_application_context_get) for dm_application_context_get
    main.o(i.app_context_load) refers to app_error.o(i.app_error_handler_bare) for app_error_handler_bare
    main.o(i.app_context_load) refers to device_manager_peripheral.o(i.dm_application_context_delete) for dm_application_context_delete
    main.o(i.app_context_load) refers to main.o(.data) for .data
    main.o(i.assert_nrf_callback) refers to app_error.o(i.app_error_handler) for app_error_handler
    main.o(i.battery_level_in_percent) refers to idiv.o(.text) for __aeabi_idivmod
    main.o(i.battery_level_meas_timeout_handler) refers to main.o(i.battery_level_update) for battery_level_update
    main.o(i.battery_level_meas_timeout_handler) refers to main.o(i.advertising_init) for advertising_init
    main.o(i.battery_level_meas_timeout_handler) refers to ble_advertising.o(i.ble_advertising_start) for ble_advertising_start
    main.o(i.battery_level_meas_timeout_handler) refers to main.o(.data) for .data
    main.o(i.battery_level_update) refers to main.o(i.nrf_adc_init) for nrf_adc_init
    main.o(i.battery_level_update) refers to ffltui.o(.text) for __aeabi_ui2f
    main.o(i.battery_level_update) refers to ffixui.o(.text) for __aeabi_f2uiz
    main.o(i.battery_level_update) refers to dfltui.o(.text) for __aeabi_ui2d
    main.o(i.battery_level_update) refers to dmul.o(.text) for __aeabi_dmul
    main.o(i.battery_level_update) refers to dscalb.o(.text) for __ARM_scalbn
    main.o(i.battery_level_update) refers to dfixui.o(.text) for __aeabi_d2uiz
    main.o(i.battery_level_update) refers to main.o(i.battery_level_in_percent) for battery_level_in_percent
    main.o(i.battery_level_update) refers to ble_bas.o(i.ble_bas_battery_level_update) for ble_bas_battery_level_update
    main.o(i.battery_level_update) refers to app_error.o(i.app_error_handler_bare) for app_error_handler_bare
    main.o(i.battery_level_update) refers to main.o(.data) for .data
    main.o(i.battery_level_update) refers to main.o(.bss) for .bss
    main.o(i.beacon_flash_init) refers to pstorage.o(i.pstorage_init) for pstorage_init
    main.o(i.beacon_flash_init) refers to pstorage.o(i.pstorage_register) for pstorage_register
    main.o(i.beacon_flash_init) refers to pstorage.o(i.pstorage_block_identifier_get) for pstorage_block_identifier_get
    main.o(i.beacon_flash_init) refers to pstorage.o(i.pstorage_load) for pstorage_load
    main.o(i.beacon_flash_init) refers to app_error.o(i.app_error_handler_bare) for app_error_handler_bare
    main.o(i.beacon_flash_init) refers to main.o(i.my_cb) for my_cb
    main.o(i.beacon_flash_init) refers to main.o(.data) for .data
    main.o(i.beacon_flash_init) refers to main.o(.bss) for .bss
    main.o(i.ble_evt_dispatch) refers to main.o(i.name_change) for name_change
    main.o(i.ble_evt_dispatch) refers to device_manager_peripheral.o(i.dm_ble_evt_handler) for dm_ble_evt_handler
    main.o(i.ble_evt_dispatch) refers to ble_bas.o(i.ble_bas_on_ble_evt) for ble_bas_on_ble_evt
    main.o(i.ble_evt_dispatch) refers to ble_conn_params.o(i.ble_conn_params_on_ble_evt) for ble_conn_params_on_ble_evt
    main.o(i.ble_evt_dispatch) refers to bsp_btn_ble.o(i.bsp_btn_ble_on_ble_evt) for bsp_btn_ble_on_ble_evt
    main.o(i.ble_evt_dispatch) refers to ble_dfu.o(i.ble_dfu_on_ble_evt) for ble_dfu_on_ble_evt
    main.o(i.ble_evt_dispatch) refers to ble_advertising.o(i.ble_advertising_on_ble_evt) for ble_advertising_on_ble_evt
    main.o(i.ble_evt_dispatch) refers to main.o(i.my_server_handler) for my_server_handler
    main.o(i.ble_evt_dispatch) refers to main.o(.bss) for .bss
    main.o(i.ble_evt_dispatch) refers to main.o(.data) for .data
    main.o(i.ble_stack_init) refers to softdevice_handler.o(i.softdevice_handler_init) for softdevice_handler_init
[...]
    i.is_conn_params_ok                      0x0001ede4   Section        0  ble_conn_params.o(i.is_conn_params_ok)
    is_conn_params_ok                        0x0001ede5   Thumb Code    24  ble_conn_params.o(i.is_conn_params_ok)
    i.is_manual_peripheral_setup_needed      0x0001ee00   Section        0  system_nrf51.o(i.is_manual_peripheral_setup_needed)
    is_manual_peripheral_setup_needed        0x0001ee01   Thumb Code    66  system_nrf51.o(i.is_manual_peripheral_setup_needed)
    i.is_page_erase_required                 0x0001ee48   Section        0  pstorage.o(i.is_page_erase_required)
    is_page_erase_required                   0x0001ee49   Thumb Code    60  pstorage.o(i.is_page_erase_required)
    i.is_word_aligned                        0x0001ee8c   Section        0  pstorage.o(i.is_word_aligned)
    is_word_aligned                          0x0001ee8d   Thumb Code    12  pstorage.o(i.is_word_aligned)
    i.le_role_encode                         0x0001ee98   Section        0  ble_advdata.o(i.le_role_encode)
    le_role_encode                           0x0001ee99   Thumb Code    84  ble_advdata.o(i.le_role_encode)
    i.leds_timer_handler                     0x0001eeec   Section        0  bsp.o(i.leds_timer_handler)
    leds_timer_handler                       0x0001eeed   Thumb Code    18  bsp.o(i.leds_timer_handler)
    i.list_deletions_handler                 0x0001ef04   Section        0  app_timer.o(i.list_deletions_handler)
    list_deletions_handler                   0x0001ef05   Thumb Code   180  app_timer.o(i.list_deletions_handler)
    i.list_insertions_handler                0x0001efc0   Section        0  app_timer.o(i.list_insertions_handler)
    list_insertions_handler                  0x0001efc1   Thumb Code   202  app_timer.o(i.list_insertions_handler)
    i.main                                   0x0001f094   Section        0  main.o(i.main)
    i.main_state_err_busy_process            0x0001f234   Section        0  pstorage.o(i.main_state_err_busy_process)
    main_state_err_busy_process              0x0001f235   Thumb Code    20  pstorage.o(i.main_state_err_busy_process)
    i.manuf_specific_data_encode             0x0001f24c   Section        0  ble_advdata.o(i.manuf_specific_data_encode)
    manuf_specific_data_encode               0x0001f24d   Thumb Code   104  ble_advdata.o(i.manuf_specific_data_encode)
    i.my_cb                                  0x0001f2b4   Section        0  main.o(i.my_cb)
    my_cb                                    0x0001f2b5   Thumb Code     2  main.o(i.my_cb)
    i.my_server_handler                      0x0001f2b8   Section        0  main.o(i.my_server_handler)
    i.my_value_init                          0x0001f2cc   Section        0  main.o(i.my_value_init)
    my_value_init                            0x0001f2cd   Thumb Code   180  main.o(i.my_value_init)
    i.name_change                            0x0001f388   Section        0  main.o(i.name_change)
    name_change                              0x0001f389   Thumb Code   124  main.o(i.name_change)
    i.name_encode                            0x0001f414   Section        0  ble_advdata.o(i.name_encode)
    name_encode                              0x0001f415   Thumb Code   158  ble_advdata.o(i.name_encode)
    i.no_service_context_apply               0x0001f4b2   Section        0  device_manager_peripheral.o(i.no_service_context_apply)
    no_service_context_apply                 0x0001f4b3   Thumb Code     4  device_manager_peripheral.o(i.no_service_context_apply)
    i.no_service_context_load                0x0001f4b6   Section        0  device_manager_peripheral.o(i.no_service_context_load)
    no_service_context_load                  0x0001f4b7   Thumb Code     4  device_manager_peripheral.o(i.no_service_context_load)
    i.no_service_context_store               0x0001f4ba   Section        0  device_manager_peripheral.o(i.no_service_context_store)
    no_service_context_store                 0x0001f4bb   Thumb Code     4  device_manager_peripheral.o(i.no_service_context_store)
    i.nrf_adc_init                           0x0001f4c0   Section        0  main.o(i.nrf_adc_init)
    i.nrf_delay_ms                           0x0001f4d4   Section        0  nrf_delay.o(i.nrf_delay_ms)
    i.nrf_drv_common_irq_enable              0x0001f4f0   Section        0  nrf_drv_common.o(i.nrf_drv_common_irq_enable)
    i.nrf_drv_gpiote_in_event_enable         0x0001f550   Section        0  nrf_drv_gpiote.o(i.nrf_drv_gpiote_in_event_enable)
    i.nrf_drv_gpiote_in_init                 0x0001f5f0   Section        0  nrf_drv_gpiote.o(i.nrf_drv_gpiote_in_init)
    i.nrf_drv_gpiote_in_is_set               0x0001f68c   Section        0  nrf_drv_gpiote.o(i.nrf_drv_gpiote_in_is_set)
    i.nrf_drv_gpiote_init                    0x0001f6a0   Section        0  nrf_drv_gpiote.o(i.nrf_drv_gpiote_init)
    i.nrf_drv_gpiote_is_init                 0x0001f6f4   Section        0  nrf_drv_gpiote.o(i.nrf_drv_gpiote_is_init)
    i.nrf_gpio_cfg                           0x0001f704   Section        0  nrf_drv_gpiote.o(i.nrf_gpio_cfg)
    nrf_gpio_cfg                             0x0001f705   Thumb Code    32  nrf_drv_gpiote.o(i.nrf_gpio_cfg)
    i.nrf_gpio_cfg_sense_set                 0x0001f728   Section        0  nrf_drv_gpiote.o(i.nrf_gpio_cfg_sense_set)
    nrf_gpio_cfg_sense_set                   0x0001f729   Thumb Code    26  nrf_drv_gpiote.o(i.nrf_gpio_cfg_sense_set)
    i.nrf_gpiote_event_is_set                0x0001f748   Section        0  nrf_drv_gpiote.o(i.nrf_gpiote_event_is_set)
    nrf_gpiote_event_is_set                  0x0001f749   Thumb Code    14  nrf_drv_gpiote.o(i.nrf_gpiote_event_is_set)
    i.nrf_uart_errorsrc_get_and_clear        0x0001f75c   Section        0  nrf_drv_uart.o(i.nrf_uart_errorsrc_get_and_clear)
    nrf_uart_errorsrc_get_and_clear          0x0001f75d   Thumb Code    12  nrf_drv_uart.o(i.nrf_uart_errorsrc_get_and_clear)
    i.nrf_uart_event_check                   0x0001f768   Section        0  nrf_drv_uart.o(i.nrf_uart_event_check)
    nrf_uart_event_check                     0x0001f769   Thumb Code    10  nrf_drv_uart.o(i.nrf_uart_event_check)
    i.nrf_uart_int_enable_check              0x0001f772   Section        0  nrf_drv_uart.o(i.nrf_uart_int_enable_check)
    nrf_uart_int_enable_check                0x0001f773   Thumb Code    16  nrf_drv_uart.o(i.nrf_uart_int_enable_check)
    i.on_adv_evt                             0x0001f782   Section        0  main.o(i.on_adv_evt)
    on_adv_evt                               0x0001f783   Thumb Code    12  main.o(i.on_adv_evt)
    i.on_conn_params_evt                     0x0001f790   Section        0  main.o(i.on_conn_params_evt)
    on_conn_params_evt                       0x0001f791   Thumb Code    26  main.o(i.on_conn_params_evt)
    i.on_ctrl_pt_write                       0x0001f7b0   Section        0  ble_dfu.o(i.on_ctrl_pt_write)
    on_ctrl_pt_write                         0x0001f7b1   Thumb Code   240  ble_dfu.o(i.on_ctrl_pt_write)
    i.peer_address_exists                    0x0001f8a0   Section        0  ble_advertising.o(i.peer_address_exists)
    peer_address_exists                      0x0001f8a1   Thumb Code    22  ble_advertising.o(i.peer_address_exists)
    i.peer_instance_init                     0x0001f8b8   Section        0  device_manager_peripheral.o(i.peer_instance_init)
    peer_instance_init                       0x0001f8b9   Thumb Code    60  device_manager_peripheral.o(i.peer_instance_init)
    i.pin_in_use_by_gpiote                   0x0001f8f8   Section        0  nrf_drv_gpiote.o(i.pin_in_use_by_gpiote)
    pin_in_use_by_gpiote                     0x0001f8f9   Thumb Code    14  nrf_drv_gpiote.o(i.pin_in_use_by_gpiote)
    i.pin_in_use_by_port                     0x0001f90c   Section        0  nrf_drv_gpiote.o(i.pin_in_use_by_port)
    pin_in_use_by_port                       0x0001f90d   Thumb Code    20  nrf_drv_gpiote.o(i.pin_in_use_by_port)
    i.pin_in_use_by_te                       0x0001f924   Section        0  nrf_drv_gpiote.o(i.pin_in_use_by_te)
    pin_in_use_by_te                         0x0001f925   Thumb Code    20  nrf_drv_gpiote.o(i.pin_in_use_by_te)
    i.pnp_id_encode                          0x0001f93c   Section        0  ble_dis.o(i.pnp_id_encode)
    pnp_id_encode                            0x0001f93d   Thumb Code    54  ble_dis.o(i.pnp_id_encode)
    i.pstorage_access_status_get             0x0001f974   Section        0  pstorage.o(i.pstorage_access_status_get)
    i.pstorage_block_identifier_get          0x0001f99c   Section        0  pstorage.o(i.pstorage_block_identifier_get)
    i.pstorage_clear                         0x0001f9f4   Section        0  pstorage.o(i.pstorage_clear)
    i.pstorage_flash_page_end                0x0001fa9c   Section        0  pstorage.o(i.pstorage_flash_page_end)
    pstorage_flash_page_end                  0x0001fa9d   Thumb Code    32  pstorage.o(i.pstorage_flash_page_end)
    i.pstorage_flash_page_size               0x0001fac0   Section        0  pstorage.o(i.pstorage_flash_page_size)
    pstorage_flash_page_size                 0x0001fac1   Thumb Code    10  pstorage.o(i.pstorage_flash_page_size)
    i.pstorage_init                          0x0001facc   Section        0  pstorage.o(i.pstorage_init)
    i.pstorage_load                          0x0001fb28   Section        0  pstorage.o(i.pstorage_load)
    i.pstorage_register                      0x0001fbd4   Section        0  pstorage.o(i.pstorage_register)
    i.pstorage_store                         0x0001fc90   Section        0  pstorage.o(i.pstorage_store)
    i.pstorage_sys_event_handler             0x0001fd24   Section        0  pstorage.o(i.pstorage_sys_event_handler)
    i.pstorage_update                        0x0001fd70   Section        0  pstorage.o(i.pstorage_update)
    i.reset_prepare                          0x0001fe04   Section        0  main.o(i.reset_prepare)
    reset_prepare                            0x0001fe05   Thumb Code    66  main.o(i.reset_prepare)
    i.rtc1_stop                              0x0001fe50   Section        0  app_timer.o(i.rtc1_stop)
    rtc1_stop                                0x0001fe51   Thumb Code    50  app_timer.o(i.rtc1_stop)
    i.rx_byte                                0x0001fe94   Section        0  nrf_drv_uart.o(i.rx_byte)
    rx_byte                                  0x0001fe95   Thumb Code    42  nrf_drv_uart.o(i.rx_byte)
    i.rx_done_event                          0x0001fecc   Section        0  nrf_drv_uart.o(i.rx_done_event)
    rx_done_event                            0x0001fecd   Thumb Code    22  nrf_drv_uart.o(i.rx_done_event)
    i.sd_check_ram_start                     0x0001fee8   Section        0  softdevice_handler.o(i.sd_check_ram_start)
    i.sd_nvic_EnableIRQ                      0x0001fef8   Section        0  softdevice_handler.o(i.sd_nvic_EnableIRQ)
    sd_nvic_EnableIRQ                        0x0001fef9   Thumb Code   116  softdevice_handler.o(i.sd_nvic_EnableIRQ)
    i.service_data_encode                    0x0001ff84   Section        0  ble_advdata.o(i.service_data_encode)
    service_data_encode                      0x0001ff85   Thumb Code   142  ble_advdata.o(i.service_data_encode)
    i.services_init                          0x00020014   Section        0  main.o(i.services_init)
    services_init                            0x00020015   Thumb Code   356  main.o(i.services_init)
    i.sleep_mode_enter                       0x000201c8   Section        0  main.o(i.sleep_mode_enter)
    sleep_mode_enter                         0x000201c9   Thumb Code    40  main.o(i.sleep_mode_enter)
    i.sm_state_change                        0x000201f0   Section        0  pstorage.o(i.sm_state_change)
    sm_state_change                          0x000201f1   Thumb Code    62  pstorage.o(i.sm_state_change)
    i.softdevice_ble_evt_handler_set         0x00020238   Section        0  softdevice_handler.o(i.softdevice_ble_evt_handler_set)
    i.softdevice_enable                      0x0002024c   Section        0  softdevice_handler.o(i.softdevice_enable)
    i.softdevice_enable_get_default_config   0x00020260   Section        0  softdevice_handler.o(i.softdevice_enable_get_default_config)
    i.softdevice_fault_handler               0x00020288   Section        0  softdevice_handler.o(i.softdevice_fault_handler)
    i.softdevice_handler_init                0x00020290   Section        0  softdevice_handler.o(i.softdevice_handler_init)
    i.softdevice_sys_evt_handler_set         0x000202c4   Section        0  softdevice_handler.o(i.softdevice_sys_evt_handler_set)
    i.state_data_erase_swap_entry_run        0x000202d8   Section        0  pstorage.o(i.state_data_erase_swap_entry_run)
    state_data_erase_swap_entry_run          0x000202d9   Thumb Code    92  pstorage.o(i.state_data_erase_swap_entry_run)
    i.state_erase_data_page_entry_run        0x0002033c   Section        0  pstorage.o(i.state_erase_data_page_entry_run)
    state_erase_data_page_entry_run          0x0002033d   Thumb Code    12  pstorage.o(i.state_erase_data_page_entry_run)
    i.state_restore_head_entry_run           0x0002034c   Section        0  pstorage.o(i.state_restore_head_entry_run)
    state_restore_head_entry_run             0x0002034d   Thumb Code    36  pstorage.o(i.state_restore_head_entry_run)
    i.state_restore_tail_entry_run           0x00020374   Section        0  pstorage.o(i.state_restore_tail_entry_run)
    state_restore_tail_entry_run             0x00020375   Thumb Code    66  pstorage.o(i.state_restore_tail_entry_run)
    i.state_swap_erase_entry_run             0x000203c0   Section        0  pstorage.o(i.state_swap_erase_entry_run)
    state_swap_erase_entry_run               0x000203c1   Thumb Code    32  pstorage.o(i.state_swap_erase_entry_run)
    i.state_write_data_swap_entry_run        0x000203e0   Section        0  pstorage.o(i.state_write_data_swap_entry_run)
    state_write_data_swap_entry_run          0x000203e1   Thumb Code    42  pstorage.o(i.state_write_data_swap_entry_run)
    i.storage_operation_dummy_handler        0x00020410   Section        0  device_manager_peripheral.o(i.storage_operation_dummy_handler)
    storage_operation_dummy_handler          0x00020411   Thumb Code     4  device_manager_peripheral.o(i.storage_operation_dummy_handler)
    i.store_cmd_flash_write_execute          0x00020414   Section        0  pstorage.o(i.store_cmd_flash_write_execute)
    store_cmd_flash_write_execute            0x00020415   Thumb Code    82  pstorage.o(i.store_cmd_flash_write_execute)
    i.swap_erase_state_run                   0x00020470   Section        0  pstorage.o(i.swap_erase_state_run)
    swap_erase_state_run                     0x00020471   Thumb Code    24  pstorage.o(i.swap_erase_state_run)
    i.swap_sub_state_err_busy_process        0x0002048c   Section        0  pstorage.o(i.swap_sub_state_err_busy_process)
    swap_sub_state_err_busy_process          0x0002048d   Thumb Code    20  pstorage.o(i.swap_sub_state_err_busy_process)
    i.swap_sub_state_state_change            0x000204a4   Section        0  pstorage.o(i.swap_sub_state_state_change)
    swap_sub_state_state_change              0x000204a5   Thumb Code    12  pstorage.o(i.swap_sub_state_state_change)
    i.sys_evt_dispatch                       0x000204b8   Section        0  main.o(i.sys_evt_dispatch)
    sys_evt_dispatch                         0x000204b9   Thumb Code    16  main.o(i.sys_evt_dispatch)
    i.sys_id_encode                          0x000204c8   Section        0  ble_dis.o(i.sys_id_encode)
    sys_id_encode                            0x000204c9   Thumb Code    78  ble_dis.o(i.sys_id_encode)
    i.tail_restore_state_run                 0x00020518   Section        0  pstorage.o(i.tail_restore_state_run)
    tail_restore_state_run                   0x00020519   Thumb Code    22  pstorage.o(i.tail_restore_state_run)
    i.timer_list_handler                     0x00020534   Section        0  app_timer.o(i.timer_list_handler)
    timer_list_handler                       0x00020535   Thumb Code   128  app_timer.o(i.timer_list_handler)
    i.timer_list_handler_sched               0x000205b8   Section        0  app_timer.o(i.timer_list_handler_sched)
    timer_list_handler_sched                 0x000205b9   Thumb Code    10  app_timer.o(i.timer_list_handler_sched)
    i.timer_list_insert                      0x000205c8   Section        0  app_timer.o(i.timer_list_insert)
    timer_list_insert                        0x000205c9   Thumb Code    60  app_timer.o(i.timer_list_insert)
    i.timer_timeouts_check                   0x00020608   Section        0  app_timer.o(i.timer_timeouts_check)
    timer_timeouts_check                     0x00020609   Thumb Code   118  app_timer.o(i.timer_timeouts_check)
    i.tx_byte                                0x00020688   Section        0  nrf_drv_uart.o(i.tx_byte)
    tx_byte                                  0x00020689   Thumb Code    30  nrf_drv_uart.o(i.tx_byte)
    i.tx_done_event                          0x000206b4   Section        0  nrf_drv_uart.o(i.tx_done_event)
    tx_done_event                            0x000206b5   Thumb Code    26  nrf_drv_uart.o(i.tx_done_event)
    i.uart_irq_handler                       0x000206d4   Section        0  nrf_drv_uart.o(i.uart_irq_handler)
    uart_irq_handler                         0x000206d5   Thumb Code   278  nrf_drv_uart.o(i.uart_irq_handler)
    i.uint16_encode                          0x000207f8   Section        0  ble_advdata.o(i.uint16_encode)
    uint16_encode                            0x000207f9   Thumb Code    10  ble_advdata.o(i.uint16_encode)
    i.update_status_bit_reset                0x00020804   Section        0  device_manager_peripheral.o(i.update_status_bit_reset)
    update_status_bit_reset                  0x00020805   Thumb Code    14  device_manager_peripheral.o(i.update_status_bit_reset)
    i.update_timeout_handler                 0x00020818   Section        0  ble_conn_params.o(i.update_timeout_handler)
    update_timeout_handler                   0x00020819   Thumb Code    86  ble_conn_params.o(i.update_timeout_handler)
    i.user_id_get                            0x0002087c   Section        0  app_timer.o(i.user_id_get)
    user_id_get                              0x0002087d   Thumb Code    76  app_timer.o(i.user_id_get)
    i.user_op_alloc                          0x000208d0   Section        0  app_timer.o(i.user_op_alloc)
    user_op_alloc                            0x000208d1   Thumb Code    38  app_timer.o(i.user_op_alloc)
    i.uuid_list_encode                       0x000208f6   Section        0  ble_advdata.o(i.uuid_list_encode)
    uuid_list_encode                         0x000208f7   Thumb Code    48  ble_advdata.o(i.uuid_list_encode)
    i.uuid_list_sized_encode                 0x00020926   Section        0  ble_advdata.o(i.uuid_list_sized_encode)
    uuid_list_sized_encode                   0x00020927   Thumb Code   174  ble_advdata.o(i.uuid_list_sized_encode)
    i.whitelist_has_entries                  0x000209d4   Section        0  ble_advertising.o(i.whitelist_has_entries)
    whitelist_has_entries                    0x000209d5   Thumb Code    16  ble_advertising.o(i.whitelist_has_entries)
    .constdata                               0x000209e4   Section       16  main.o(.constdata)
    m_adv_timer_id                           0x000209e4   Data           4  main.o(.constdata)
    m_battery_timer_id                       0x000209e8   Data           4  main.o(.constdata)
    .constdata                               0x000209f4   Section       60  bsp.o(.constdata)
    m_leds_timer_id                          0x000209f4   Data           4  bsp.o(.constdata)
    m_alert_timer_id                         0x000209f8   Data           4  bsp.o(.constdata)
    m_button_timer_id                        0x000209fc   Data           4  bsp.o(.constdata)
    m_buttons_list                           0x00020a00   Data          16  bsp.o(.constdata)
    app_buttons                              0x00020a10   Data          32  bsp.o(.constdata)
    .constdata                               0x00020a30   Section        4  ble_conn_params.o(.constdata)
    m_conn_params_timer_id                   0x00020a30   Data           4  ble_conn_params.o(.constdata)
    .constdata                               0x00020a34   Section       16  ble_dfu.o(.constdata)
    .constdata                               0x00020a44   Section       52  device_manager_peripheral.o(.constdata)
    .constdata                               0x00020a78   Section       40  pstorage.o(.constdata)
    swap_sub_state_sm_lut                    0x00020a78   Data          20  pstorage.o(.constdata)
    swap_sub_state_sm_lut                    0x00020a8c   Data          20  pstorage.o(.constdata)
    .constdata                               0x00020aa0   Section        8  app_button.o(.constdata)
    m_detection_delay_timer_id               0x00020aa0   Data           4  app_button.o(.constdata)
    .data                                    0x20002080   Section      138  main.o(.data)
    m_app_handle                             0x20002083   Data           1  main.o(.data)
    m_conn_handle                            0x20002086   Data           2  main.o(.data)
    battery_levelx                           0x20002088   Data           2  main.o(.data)
    context_data                             0x2000208c   Data           4  main.o(.data)
    m_beacon_info                            0x200020c0   Data          23  main.o(.data)
    data_srv                                 0x200020d7   Data          17  main.o(.data)
    eddystone_url_data                       0x200020e8   Data          14  main.o(.data)
    eddystone_uid_data                       0x200020f6   Data          20  main.o(.data)
    .data                                    0x2000210c   Section       24  bsp.o(.data)
    m_stable_state                           0x2000210c   Data           1  bsp.o(.data)
    current_long_push_pin_no                 0x2000210d   Data           1  bsp.o(.data)
    m_app_ticks_per_100ms                    0x20002110   Data           4  bsp.o(.data)
    m_indication_type                        0x20002114   Data           4  bsp.o(.data)
    m_alert_mask                             0x20002118   Data           4  bsp.o(.data)
    m_registered_callback                    0x2000211c   Data           4  bsp.o(.data)
    release_event_at_push                    0x20002120   Data           4  bsp.o(.data)
    .data                                    0x20002124   Section        8  bsp_btn_ble.o(.data)
    m_error_handler                          0x20002124   Data           4  bsp_btn_ble.o(.data)
    m_num_connections                        0x20002128   Data           4  bsp_btn_ble.o(.data)
    .data                                    0x2000212c   Section        4  system_nrf51.o(.data)
    __tagsym$$used                           0x2000212c   Number         0  system_nrf51.o(.data)
    .data                                    0x20002130   Section       31  ble_advertising.o(.data)
    m_advertising_start_pending              0x20002130   Data           1  ble_advertising.o(.data)
    m_whitelist_temporarily_disabled         0x20002131   Data           1  ble_advertising.o(.data)
    m_whitelist_reply_expected               0x20002132   Data           1  ble_advertising.o(.data)
    m_peer_addr_reply_expected               0x20002133   Data           1  ble_advertising.o(.data)
    m_adv_evt                                0x20002134   Data           1  ble_advertising.o(.data)
    m_adv_mode_current                       0x20002135   Data           1  ble_advertising.o(.data)
    m_tx_power_level                         0x20002136   Data           1  ble_advertising.o(.data)
    current_slave_link_conn_handle           0x20002138   Data           2  ble_advertising.o(.data)
    m_evt_handler                            0x2000213c   Data           4  ble_advertising.o(.data)
    m_error_handler                          0x20002140   Data           4  ble_advertising.o(.data)
    m_slave_conn_int                         0x20002144   Data           4  ble_advertising.o(.data)
    m_peer_address                           0x20002148   Data           7  ble_advertising.o(.data)
    .data                                    0x20002150   Section       20  ble_conn_params.o(.data)
    m_change_param                           0x20002150   Data           1  ble_conn_params.o(.data)
    m_update_count                           0x20002151   Data           1  ble_conn_params.o(.data)
    m_conn_handle                            0x20002152   Data           2  ble_conn_params.o(.data)
    m_preferred_conn_params                  0x20002154   Data           8  ble_conn_params.o(.data)
    m_current_conn_params                    0x2000215c   Data           8  ble_conn_params.o(.data)
    .data                                    0x20002164   Section        8  ble_dfu.o(.data)
    m_is_dfu_service_initialized             0x20002164   Data           1  ble_dfu.o(.data)
    m_notif_buffer                           0x20002165   Data           7  ble_dfu.o(.data)
    .data                                    0x2000216c   Section       74  ble_dis.o(.data)
    service_handle                           0x2000216c   Data           2  ble_dis.o(.data)
    manufact_name_handles                    0x2000216e   Data           8  ble_dis.o(.data)
    model_num_handles                        0x20002176   Data           8  ble_dis.o(.data)
    serial_num_handles                       0x2000217e   Data           8  ble_dis.o(.data)
    hw_rev_handles                           0x20002186   Data           8  ble_dis.o(.data)
    fw_rev_handles                           0x2000218e   Data           8  ble_dis.o(.data)
    sw_rev_handles                           0x20002196   Data           8  ble_dis.o(.data)
    sys_id_handles                           0x2000219e   Data           8  ble_dis.o(.data)
    reg_cert_data_list_handles               0x200021a6   Data           8  ble_dis.o(.data)
    pnp_id_handles                           0x200021ae   Data           8  ble_dis.o(.data)
    .data                                    0x200021b8   Section       24  device_manager_peripheral.o(.data)
    m_module_initialized                     0x200021b8   Data           1  device_manager_peripheral.o(.data)
    m_peer_addr_update                       0x200021bc   Data           4  device_manager_peripheral.o(.data)
    m_irk_index_table                        0x200021c0   Data           7  device_manager_peripheral.o(.data)
    m_storage_handle                         0x200021c8   Data           8  device_manager_peripheral.o(.data)
    .data                                    0x200021d0   Section       36  pstorage.o(.data)
    m_state                                  0x200021d0   Data           1  pstorage.o(.data)
    m_swap_sub_state                         0x200021d1   Data           1  pstorage.o(.data)
    m_next_app_instance                      0x200021d2   Data           2  pstorage.o(.data)
    m_flags                                  0x200021d4   Data           4  pstorage.o(.data)
    m_next_page_addr                         0x200021d8   Data           4  pstorage.o(.data)
    m_head_word_size                         0x200021dc   Data           4  pstorage.o(.data)
    m_tail_word_size                         0x200021e0   Data           4  pstorage.o(.data)
    m_current_page_id                        0x200021e4   Data           4  pstorage.o(.data)
    m_num_of_command_retries                 0x200021e8   Data           4  pstorage.o(.data)
    m_num_of_bytes_written                   0x200021ec   Data           4  pstorage.o(.data)
    m_app_data_size                          0x200021f0   Data           4  pstorage.o(.data)
    .data                                    0x200021f4   Section       20  app_button.o(.data)
    m_button_count                           0x200021f4   Data           1  app_button.o(.data)
    mp_buttons                               0x200021f8   Data           4  app_button.o(.data)
    m_detection_delay                        0x200021fc   Data           4  app_button.o(.data)
    m_pin_state                              0x20002200   Data           4  app_button.o(.data)
    m_pin_transition                         0x20002204   Data           4  app_button.o(.data)
    .data                                    0x20002208   Section       32  app_timer.o(.data)
    m_user_array_size                        0x20002208   Data           1  app_timer.o(.data)
    m_ticks_elapsed_q_read_ind               0x20002209   Data           1  app_timer.o(.data)
    m_ticks_elapsed_q_write_ind              0x2000220a   Data           1  app_timer.o(.data)
    m_rtc1_running                           0x2000220b   Data           1  app_timer.o(.data)
    m_rtc1_reset                             0x2000220c   Data           1  app_timer.o(.data)
    mp_users                                 0x20002210   Data           4  app_timer.o(.data)
    mp_timer_id_head                         0x20002214   Data           4  app_timer.o(.data)
    m_ticks_latest                           0x20002218   Data           4  app_timer.o(.data)
    m_evt_schedule_func                      0x2000221c   Data           4  app_timer.o(.data)
    m_ticks_elapsed                          0x20002220   Data           8  app_timer.o(.data)
    .data                                    0x20002228   Section        8  dfu_app_handler.o(.data)
    m_reset_prepare                          0x20002228   Data           4  dfu_app_handler.o(.data)
    m_dm_handle                              0x2000222c   Data           4  dfu_app_handler.o(.data)
    .data                                    0x20002230   Section       28  softdevice_handler.o(.data)
    m_softdevice_enabled                     0x20002230   Data           1  softdevice_handler.o(.data)
    m_ble_evt_buffer_size                    0x20002232   Data           2  softdevice_handler.o(.data)
    m_evt_schedule_func                      0x20002234   Data           4  softdevice_handler.o(.data)
    mp_ble_evt_buffer                        0x20002238   Data           4  softdevice_handler.o(.data)
    m_ble_evt_handler                        0x2000223c   Data           4  softdevice_handler.o(.data)
    m_sys_evt_handler                        0x20002240   Data           4  softdevice_handler.o(.data)
    .bss                                     0x2000224c   Section       32  main.o(.bss)
    m_adv_timer_id_data                      0x2000224c   Data          32  main.o(.bss)
    .bss                                     0x2000226c   Section       32  main.o(.bss)
    m_battery_timer_id_data                  0x2000226c   Data          32  main.o(.bss)
    .bss                                     0x2000228c   Section      708  main.o(.bss)
    BLE_EVT_BUFFER                           0x2000228c   Data          72  main.o(.bss)
    APP_TIMER_BUF                            0x200022d4   Data         456  main.o(.bss)
    m_bas                                    0x200024e4   Data          24  main.o(.bss)
    m_dfus                                   0x200024fc   Data          48  main.o(.bss)
    m_adv_params                             0x20002538   Data          24  main.o(.bss)
    .bss                                     0x20002550   Section       32  bsp.o(.bss)
    m_leds_timer_id_data                     0x20002550   Data          32  bsp.o(.bss)
    .bss                                     0x20002570   Section       32  bsp.o(.bss)
    m_alert_timer_id_data                    0x20002570   Data          32  bsp.o(.bss)
    .bss                                     0x20002590   Section       12  bsp.o(.bss)
    m_events_list                            0x20002590   Data          12  bsp.o(.bss)
    .bss                                     0x2000259c   Section       32  bsp.o(.bss)
    m_button_timer_id_data                   0x2000259c   Data          32  bsp.o(.bss)
    .bss                                     0x200025bc   Section      259  ble_advertising.o(.bss)
    m_advdata                                0x200025bc   Data          56  ble_advertising.o(.bss)
    m_adv_modes_config                       0x200025f4   Data          36  ble_advertising.o(.bss)
    m_whitelist                              0x20002618   Data          16  ble_advertising.o(.bss)
    mp_whitelist_addr                        0x20002628   Data          32  ble_advertising.o(.bss)
    mp_whitelist_irk                         0x20002648   Data          32  ble_advertising.o(.bss)
    m_manuf_specific_data                    0x20002668   Data          12  ble_advertising.o(.bss)
    m_manuf_data_array                       0x20002674   Data          31  ble_advertising.o(.bss)
    m_service_data                           0x20002694   Data          12  ble_advertising.o(.bss)
    m_service_data_array                     0x200026a0   Data          31  ble_advertising.o(.bss)
    .bss                                     0x200026c0   Section       32  ble_conn_params.o(.bss)
    m_conn_params_timer_id_data              0x200026c0   Data          32  ble_conn_params.o(.bss)
    .bss                                     0x200026e0   Section       28  ble_conn_params.o(.bss)
    m_conn_params_config                     0x200026e0   Data          28  ble_conn_params.o(.bss)
    .bss                                     0x200026fc   Section      335  device_manager_peripheral.o(.bss)
    m_app_context_table                      0x200026fc   Data          28  device_manager_peripheral.o(.bss)
    m_peer_table                             0x20002718   Data         196  device_manager_peripheral.o(.bss)
    m_bond_table                             0x200027dc   Data          28  device_manager_peripheral.o(.bss)
    m_gatts_table                            0x200027f8   Data          36  device_manager_peripheral.o(.bss)
    m_connection_table                       0x2000281c   Data          12  device_manager_peripheral.o(.bss)
    m_application_table                      0x20002828   Data          12  device_manager_peripheral.o(.bss)
    m_local_id_info                          0x20002834   Data          23  device_manager_peripheral.o(.bss)
    .bss                                     0x2000284c   Section       72  nrf_drv_gpiote.o(.bss)
    m_cb                                     0x2000284c   Data          72  nrf_drv_gpiote.o(.bss)
    .bss                                     0x20002894   Section       28  nrf_drv_uart.o(.bss)
    m_cb                                     0x20002894   Data          28  nrf_drv_uart.o(.bss)
    .bss                                     0x200028b0   Section      628  pstorage.o(.bss)
    m_cmd_queue                              0x200028b0   Data         604  pstorage.o(.bss)
    m_app_table                              0x20002b0c   Data          24  pstorage.o(.bss)
    .bss                                     0x20002b24   Section       32  app_button.o(.bss)
    m_detection_delay_timer_id_data          0x20002b24   Data          32  app_button.o(.bss)
    .bss                                     0x20002b44   Section       60  dfu_app_handler.o(.bss)
    m_peer_data                              0x20002b44   Data          60  dfu_app_handler.o(.bss)
    .bss                                     0x20002b80   Section       88  fstorage.o(.bss)
    m_queue                                  0x20002b80   Data          88  fstorage.o(.bss)
    STACK                                    0x20002bd8   Section     2048  arm_startup_nrf51.o(STACK)

    Global Symbols

    Symbol Name                              Value     Ov Type        Size  Object(Section)

    BuildAttributes$$THM_ISAv3M$S$PE$A:L22$X:L11$S22$IEEE1$IW$USESV6$~STKCKD$USESV7$~SHL$OTIME$ROPI$EBA8$MICROLIB$REQ8$PRES8$EABIv2 0x00000000   Number         0  anon$$obj.o ABSOLUTE
    __ARM_use_no_argv                        0x00000000   Number         0  main.o ABSOLUTE
    __cpp_initialize__aeabi_                  - Undefined Weak Reference
    __cxa_finalize                            - Undefined Weak Reference
    _clock_init                               - Undefined Weak Reference
    _microlib_exit                            - Undefined Weak Reference
    fs_data$$Base                             - Undefined Reference
    fs_data$$Limit                            - Undefined Reference
    __Vectors_Size                           0x000000c0   Number         0  arm_startup_nrf51.o ABSOLUTE
    __Vectors                                0x0001b000   Data           4  arm_startup_nrf51.o(RESET)
    __Vectors_End                            0x0001b0c0   Data           0  arm_startup_nrf51.o(RESET)
    __main                                   0x0001b0c1   Thumb Code     0  entry.o(.ARM.Collect$$$$00000000)
    _main_stk                                0x0001b0c1   Thumb Code     0  entry2.o(.ARM.Collect$$$$00000001)
    _main_scatterload                        0x0001b0c5   Thumb Code     0  entry5.o(.ARM.Collect$$$$00000004)
    __main_after_scatterload                 0x0001b0c9   Thumb Code     0  entry5.o(.ARM.Collect$$$$00000004)
    _main_clock                              0x0001b0c9   Thumb Code     0  entry7b.o(.ARM.Collect$$$$00000008)
    _main_cpp_init                           0x0001b0c9   Thumb Code     0  entry8b.o(.ARM.Collect$$$$0000000A)
    _main_init                               0x0001b0c9   Thumb Code     0  entry9a.o(.ARM.Collect$$$$0000000B)
    __rt_final_cpp                           0x0001b0d1   Thumb Code     0  entry10a.o(.ARM.Collect$$$$0000000D)
    __rt_final_exit                          0x0001b0d1   Thumb Code     0  entry11a.o(.ARM.Collect$$$$0000000F)
    __asm___11_nrf_delay_c_532987f3__nrf_delay_us 0x0001b0d5   Thumb Code    30  nrf_delay.o(.emb_text)
    __asm___11_app_timer_c_cd27f9c3__nrf_delay_us 0x0001b0f5   Thumb Code    30  app_timer.o(.emb_text)
    __asm___17_bootloader_util_c_c13d365c__bootloader_util_reset 0x0001b115   Thumb Code    52  bootloader_util.o(.emb_text)
    Reset_Handler                            0x0001b149   Thumb Code    26  arm_startup_nrf51.o(.text)
    NMI_Handler                              0x0001b163   Thumb Code     2  arm_startup_nrf51.o(.text)
    HardFault_Handler                        0x0001b165   Thumb Code     2  arm_startup_nrf51.o(.text)
    SVC_Handler                              0x0001b167   Thumb Code     2  arm_startup_nrf51.o(.text)
    PendSV_Handler                           0x0001b169   Thumb Code     2  arm_startup_nrf51.o(.text)
    SysTick_Handler                          0x0001b16b   Thumb Code     2  arm_startup_nrf51.o(.text)
    ADC_IRQHandler                           0x0001b16d   Thumb Code     0  arm_startup_nrf51.o(.text)
    CCM_AAR_IRQHandler                       0x0001b16d   Thumb Code     0  arm_startup_nrf51.o(.text)
    ECB_IRQHandler                           0x0001b16d   Thumb Code     0  arm_startup_nrf51.o(.text)
    LPCOMP_IRQHandler                        0x0001b16d   Thumb Code     0  arm_startup_nrf51.o(.text)
    POWER_CLOCK_IRQHandler                   0x0001b16d   Thumb Code     0  arm_startup_nrf51.o(.text)
    QDEC_IRQHandler                          0x0001b16d   Thumb Code     0  arm_startup_nrf51.o(.text)
    RADIO_IRQHandler                         0x0001b16d   Thumb Code     0  arm_startup_nrf51.o(.text)
    RNG_IRQHandler                           0x0001b16d   Thumb Code     0  arm_startup_nrf51.o(.text)
    RTC0_IRQHandler                          0x0001b16d   Thumb Code     0  arm_startup_nrf51.o(.text)
    SPI0_TWI0_IRQHandler                     0x0001b16d   Thumb Code     0  arm_startup_nrf51.o(.text)
    SPI1_TWI1_IRQHandler                     0x0001b16d   Thumb Code     0  arm_startup_nrf51.o(.text)
    SWI1_IRQHandler                          0x0001b16d   Thumb Code     0  arm_startup_nrf51.o(.text)
    SWI3_IRQHandler                          0x0001b16d   Thumb Code     0  arm_startup_nrf51.o(.text)
    SWI4_IRQHandler                          0x0001b16d   Thumb Code     0  arm_startup_nrf51.o(.text)
    SWI5_IRQHandler                          0x0001b16d   Thumb Code     0  arm_startup_nrf51.o(.text)
    TEMP_IRQHandler                          0x0001b16d   Thumb Code     0  arm_startup_nrf51.o(.text)
    TIMER0_IRQHandler                        0x0001b16d   Thumb Code     0  arm_startup_nrf51.o(.text)
    TIMER1_IRQHandler                        0x0001b16d   Thumb Code     0  arm_startup_nrf51.o(.text)
    TIMER2_IRQHandler                        0x0001b16d   Thumb Code     0  arm_startup_nrf51.o(.text)
    WDT_IRQHandler                           0x0001b16d   Thumb Code     0  arm_startup_nrf51.o(.text)
    __aeabi_uidiv                            0x0001b181   Thumb Code     0  uidiv.o(.text)
    __aeabi_uidivmod                         0x0001b181   Thumb Code    44  uidiv.o(.text)
    __aeabi_idiv                             0x0001b1ad   Thumb Code     0  idiv.o(.text)
    __aeabi_idivmod                          0x0001b1ad   Thumb Code    40  idiv.o(.text)
    ___aeabi_memcpy8$move                    0x0001b1d5   Thumb Code     0  memmovea.o(.text)
    __aeabi_memcpy                           0x0001b1d5   Thumb Code    64  memmovea.o(.text)
    __aeabi_memcpy4                          0x0001b1d5   Thumb Code     0  memmovea.o(.text)
    __aeabi_memmove                          0x0001b1d5   Thumb Code     0  memmovea.o(.text)
    __aeabi_memmove4                         0x0001b1d5   Thumb Code     0  memmovea.o(.text)
    __aeabi_memmove8                         0x0001b1d5   Thumb Code     0  memmovea.o(.text)
    __aeabi_memset                           0x0001b215   Thumb Code    14  memseta.o(.text)
    __aeabi_memset4                          0x0001b215   Thumb Code     0  memseta.o(.text)
    __aeabi_memset8                          0x0001b215   Thumb Code     0  memseta.o(.text)
    __aeabi_memclr                           0x0001b223   Thumb Code     4  memseta.o(.text)
    __aeabi_memclr4                          0x0001b223   Thumb Code     0  memseta.o(.text)
    __aeabi_memclr8                          0x0001b223   Thumb Code     0  memseta.o(.text)
    _memset$wrapper                          0x0001b227   Thumb Code    18  memseta.o(.text)
    strlen                                   0x0001b239   Thumb Code    14  strlen.o(.text)
    memcmp                                   0x0001b247   Thumb Code    26  memcmp.o(.text)
    __aeabi_dmul                             0x0001b261   Thumb Code   202  dmul.o(.text)
    __ARM_scalbn                             0x0001b331   Thumb Code    44  dscalb.o(.text)
    scalbn                                   0x0001b331   Thumb Code     0  dscalb.o(.text)
    __aeabi_ui2f                             0x0001b35d   Thumb Code    14  ffltui.o(.text)
    __aeabi_ui2d                             0x0001b36d   Thumb Code    24  dfltui.o(.text)
    __aeabi_f2uiz                            0x0001b389   Thumb Code    40  ffixui.o(.text)
    __aeabi_d2uiz                            0x0001b3b1   Thumb Code    50  dfixui.o(.text)
    __aeabi_llsr                             0x0001b3ed   Thumb Code    34  llushr.o(.text)
    _ll_ushift_r                             0x0001b3ed   Thumb Code     0  llushr.o(.text)
    __I$use$fp                               0x0001b40f   Thumb Code     0  iusefp.o(.text)
    _float_round                             0x0001b40f   Thumb Code    16  fepilogue.o(.text)
    _float_epilogue                          0x0001b41f   Thumb Code   116  fepilogue.o(.text)
    _double_round                            0x0001b493   Thumb Code    26  depilogue.o(.text)
    _double_epilogue                         0x0001b4ad   Thumb Code   166  depilogue.o(.text)
    __scatterload                            0x0001b555   Thumb Code    28  init.o(.text)
    __scatterload_rt2                        0x0001b555   Thumb Code     0  init.o(.text)
    __aeabi_llsl                             0x0001b579   Thumb Code    32  llshl.o(.text)
    _ll_shift_l                              0x0001b579   Thumb Code     0  llshl.o(.text)
    __decompress                             0x0001b599   Thumb Code     0  __dczerorl2.o(.text)
    __decompress1                            0x0001b599   Thumb Code    86  __dczerorl2.o(.text)
    GPIOTE_IRQHandler                        0x0001b5f1   Thumb Code   318  nrf_drv_gpiote.o(i.GPIOTE_IRQHandler)
    RTC1_IRQHandler                          0x0001b839   Thumb Code    28  app_timer.o(i.RTC1_IRQHandler)
    SWI0_IRQHandler                          0x0001b859   Thumb Code     8  app_timer.o(i.SWI0_IRQHandler)
    SWI2_IRQHandler                          0x0001b861   Thumb Code    28  softdevice_handler.o(i.SWI2_IRQHandler)
    SystemInit                               0x0001b881   Thumb Code   130  system_nrf51.o(i.SystemInit)
    UART0_IRQHandler                         0x0001b921   Thumb Code     8  nrf_drv_uart.o(i.UART0_IRQHandler)
    __ARM_clz                                0x0001b929   Thumb Code    46  depilogue.o(i.__ARM_clz)
    __ARM_common_switch8                     0x0001b957   Thumb Code    26  main.o(i.__ARM_common_switch8)
    __scatterload_copy                       0x0001b971   Thumb Code    14  handlers.o(i.__scatterload_copy)
    __scatterload_null                       0x0001b97f   Thumb Code     2  handlers.o(i.__scatterload_null)
    __scatterload_zeroinit                   0x0001b981   Thumb Code    14  handlers.o(i.__scatterload_zeroinit)
    adv_data_encode                          0x0001b98f   Thumb Code   534  ble_advdata.o(i.adv_data_encode)
    app_button_enable                        0x0001bd71   Thumb Code    32  app_button.o(i.app_button_enable)
    app_button_init                          0x0001bd95   Thumb Code   100  app_button.o(i.app_button_init)
    app_error_fault_handler                  0x0001be81   Thumb Code    16  app_error_weak.o(i.app_error_fault_handler)
    app_error_handler_bare                   0x0001be99   Thumb Code    20  app_error.o(i.app_error_handler_bare)
    app_timer_create                         0x0001bf09   Thumb Code    40  app_timer.o(i.app_timer_create)
    app_timer_init                           0x0001bf35   Thumb Code   126  app_timer.o(i.app_timer_init)
    app_timer_start                          0x0001bfc5   Thumb Code   114  app_timer.o(i.app_timer_start)
    app_timer_stop                           0x0001c041   Thumb Code    78  app_timer.o(i.app_timer_stop)
    beacon_flash_init                        0x0001c36d   Thumb Code   120  main.o(i.beacon_flash_init)
    ble_advdata_set                          0x0001c3f1   Thumb Code   104  ble_advdata.o(i.ble_advdata_set)
    ble_advertising_init                     0x0001c459   Thumb Code   284  ble_advertising.o(i.ble_advertising_init)
    ble_advertising_on_ble_evt               0x0001c57d   Thumb Code   118  ble_advertising.o(i.ble_advertising_on_ble_evt)
    ble_advertising_on_sys_evt               0x0001c5f9   Thumb Code    42  ble_advertising.o(i.ble_advertising_on_sys_evt)
    ble_advertising_restart_without_whitelist 0x0001c639   Thumb Code    78  ble_advertising.o(i.ble_advertising_restart_without_whitelist)
    ble_advertising_start                    0x0001c691   Thumb Code   482  ble_advertising.o(i.ble_advertising_start)
    ble_bas_battery_level_update             0x0001c87d   Thumb Code   112  ble_bas.o(i.ble_bas_battery_level_update)
    ble_bas_init                             0x0001c8f1   Thumb Code    66  ble_bas.o(i.ble_bas_init)
    ble_bas_on_ble_evt                       0x0001c939   Thumb Code    94  ble_bas.o(i.ble_bas_on_ble_evt)
    ble_conn_params_init                     0x0001c999   Thumb Code    68  ble_conn_params.o(i.ble_conn_params_init)
    ble_conn_params_on_ble_evt               0x0001c9ed   Thumb Code   132  ble_conn_params.o(i.ble_conn_params_on_ble_evt)
    ble_conn_params_stop                     0x0001ca7d   Thumb Code    12  ble_conn_params.o(i.ble_conn_params_stop)
    ble_dfu_init                             0x0001caed   Thumb Code   130  ble_dfu.o(i.ble_dfu_init)
    ble_dfu_on_ble_evt                       0x0001cb7d   Thumb Code   132  ble_dfu.o(i.ble_dfu_on_ble_evt)
    ble_dfu_response_send                    0x0001cc01   Thumb Code    86  ble_dfu.o(i.ble_dfu_response_send)
    ble_dis_init                             0x0001cc61   Thumb Code   308  ble_dis.o(i.ble_dis_init)
    ble_srv_ascii_to_utf8                    0x0001ce19   Thumb Code    18  ble_srv_common.o(i.ble_srv_ascii_to_utf8)
    ble_srv_report_ref_encode                0x0001ce2b   Thumb Code    12  ble_srv_common.o(i.ble_srv_report_ref_encode)
    bond_data_load                           0x0001cec1   Thumb Code    58  device_manager_peripheral.o(i.bond_data_load)
    bootloader_util_app_start                0x0001cf95   Thumb Code     8  bootloader_util.o(i.bootloader_util_app_start)
    bsp_btn_ble_init                         0x0001cf9d   Thumb Code    80  bsp_btn_ble.o(i.bsp_btn_ble_init)
    bsp_btn_ble_on_ble_evt                   0x0001cff1   Thumb Code   114  bsp_btn_ble.o(i.bsp_btn_ble_on_ble_evt)
    bsp_btn_ble_sleep_mode_prepare           0x0001d069   Thumb Code    20  bsp_btn_ble.o(i.bsp_btn_ble_sleep_mode_prepare)
    bsp_button_is_pressed                    0x0001d11d   Thumb Code    34  bsp.o(i.bsp_button_is_pressed)
    bsp_event_handler                        0x0001d149   Thumb Code    50  main.o(i.bsp_event_handler)
    bsp_event_to_button_action_assign        0x0001d181   Thumb Code    66  bsp.o(i.bsp_event_to_button_action_assign)
    bsp_indication_set                       0x0001d1c9   Thumb Code    22  bsp.o(i.bsp_indication_set)
    bsp_init                                 0x0001d1e5   Thumb Code   134  bsp.o(i.bsp_init)
    bsp_wakeup_buttons_set                   0x0001d47d   Thumb Code    50  bsp.o(i.bsp_wakeup_buttons_set)
    dfu_app_dm_appl_instance_set             0x0001dc9d   Thumb Code    20  dfu_app_handler.o(i.dfu_app_dm_appl_instance_set)
    dfu_app_on_dfu_evt                       0x0001dcb5   Thumb Code    34  dfu_app_handler.o(i.dfu_app_on_dfu_evt)
    dfu_app_reset_prepare_set                0x0001dd79   Thumb Code     6  dfu_app_handler.o(i.dfu_app_reset_prepare_set)
    dm_application_context_delete            0x0001df19   Thumb Code   126  device_manager_peripheral.o(i.dm_application_context_delete)
    dm_application_context_get               0x0001dfad   Thumb Code   164  device_manager_peripheral.o(i.dm_application_context_get)
    dm_application_context_set               0x0001e061   Thumb Code   188  device_manager_peripheral.o(i.dm_application_context_set)
    dm_application_instance_set              0x0001e135   Thumb Code    50  device_manager_peripheral.o(i.dm_application_instance_set)
    dm_ble_evt_handler                       0x0001e175   Thumb Code   946  device_manager_peripheral.o(i.dm_ble_evt_handler)
    dm_distributed_keys_get                  0x0001e53d   Thumb Code   160  device_manager_peripheral.o(i.dm_distributed_keys_get)
    dm_handle_get                            0x0001e5ed   Thumb Code    62  device_manager_peripheral.o(i.dm_handle_get)
    dm_handle_initialize                     0x0001e635   Thumb Code    22  device_manager_peripheral.o(i.dm_handle_initialize)
    dm_init                                  0x0001e651   Thumb Code   174  device_manager_peripheral.o(i.dm_init)
    dm_peer_addr_get                         0x0001e715   Thumb Code   108  device_manager_peripheral.o(i.dm_peer_addr_get)
    dm_register                              0x0001e911   Thumb Code   104  device_manager_peripheral.o(i.dm_register)
    fs_queued_op_count_get                   0x0001ea79   Thumb Code    18  fstorage.o(i.fs_queued_op_count_get)
    intern_softdevice_events_execute         0x0001ed6d   Thumb Code   116  softdevice_handler.o(i.intern_softdevice_events_execute)
    main                                     0x0001f095   Thumb Code   378  main.o(i.main)
    my_server_handler                        0x0001f2b9   Thumb Code    14  main.o(i.my_server_handler)
    nrf_adc_init                             0x0001f4c1   Thumb Code    12  main.o(i.nrf_adc_init)
    nrf_delay_ms                             0x0001f4d5   Thumb Code    24  nrf_delay.o(i.nrf_delay_ms)
    nrf_drv_common_irq_enable                0x0001f4f1   Thumb Code    78  nrf_drv_common.o(i.nrf_drv_common_irq_enable)
    nrf_drv_gpiote_in_event_enable           0x0001f551   Thumb Code   138  nrf_drv_gpiote.o(i.nrf_drv_gpiote_in_event_enable)
    nrf_drv_gpiote_in_init                   0x0001f5f1   Thumb Code   140  nrf_drv_gpiote.o(i.nrf_drv_gpiote_in_init)
    nrf_drv_gpiote_in_is_set                 0x0001f68d   Thumb Code    16  nrf_drv_gpiote.o(i.nrf_drv_gpiote_in_is_set)
    nrf_drv_gpiote_init                      0x0001f6a1   Thumb Code    76  nrf_drv_gpiote.o(i.nrf_drv_gpiote_init)
    nrf_drv_gpiote_is_init                   0x0001f6f5   Thumb Code    12  nrf_drv_gpiote.o(i.nrf_drv_gpiote_is_init)
    pstorage_access_status_get               0x0001f975   Thumb Code    30  pstorage.o(i.pstorage_access_status_get)
    pstorage_block_identifier_get            0x0001f99d   Thumb Code    78  pstorage.o(i.pstorage_block_identifier_get)
    pstorage_clear                           0x0001f9f5   Thumb Code   160  pstorage.o(i.pstorage_clear)
    pstorage_init                            0x0001facd   Thumb Code    80  pstorage.o(i.pstorage_init)
    pstorage_load                            0x0001fb29   Thumb Code   162  pstorage.o(i.pstorage_load)
    pstorage_register                        0x0001fbd5   Thumb Code   180  pstorage.o(i.pstorage_register)
    pstorage_store                           0x0001fc91   Thumb Code   138  pstorage.o(i.pstorage_store)
    pstorage_sys_event_handler               0x0001fd25   Thumb Code    72  pstorage.o(i.pstorage_sys_event_handler)
    pstorage_update                          0x0001fd71   Thumb Code   138  pstorage.o(i.pstorage_update)
    sd_check_ram_start                       0x0001fee9   Thumb Code    10  softdevice_handler.o(i.sd_check_ram_start)
    softdevice_ble_evt_handler_set           0x00020239   Thumb Code    16  softdevice_handler.o(i.softdevice_ble_evt_handler_set)
    softdevice_enable                        0x0002024d   Thumb Code    14  softdevice_handler.o(i.softdevice_enable)
    softdevice_enable_get_default_config     0x00020261   Thumb Code    40  softdevice_handler.o(i.softdevice_enable_get_default_config)
    softdevice_fault_handler                 0x00020289   Thumb Code     8  softdevice_handler.o(i.softdevice_fault_handler)
    softdevice_handler_init                  0x00020291   Thumb Code    42  softdevice_handler.o(i.softdevice_handler_init)
    softdevice_sys_evt_handler_set           0x000202c5   Thumb Code    16  softdevice_handler.o(i.softdevice_sys_evt_handler_set)
    m_context_init_len                       0x00020a44   Data           4  device_manager_peripheral.o(.constdata)
    m_service_context_store                  0x00020a48   Data          16  device_manager_peripheral.o(.constdata)
    m_service_context_load                   0x00020a58   Data          16  device_manager_peripheral.o(.constdata)
    m_service_context_apply                  0x00020a68   Data          16  device_manager_peripheral.o(.constdata)
    Region$$Table$$Base                      0x00020aa8   Number         0  anon$$obj.o(Region$$Table)
    Region$$Table$$Limit                     0x00020ac8   Number         0  anon$$obj.o(Region$$Table)
    Image$$RW_IRAM1$$Base                    0x20002080   Number         0  main.o(.data)
    adv_mode                                 0x20002080   Data           1  main.o(.data)
    adv_mode_flag                            0x20002081   Data           1  main.o(.data)
    jsq                                      0x20002082   Data           1  main.o(.data)
    battery_level                            0x20002084   Data           1  main.o(.data)
    tx_power                                 0x20002085   Data           1  main.o(.data)
    temp1                                    0x2000208a   Data           2  main.o(.data)
    adv_interval                             0x20002090   Data           4  main.o(.data)
    valuex                                   0x20002094   Data           4  main.o(.data)
    mac_addr                                 0x20002098   Data           7  main.o(.data)
    base_handle                              0x200020a0   Data           8  main.o(.data)
    block_handle1                            0x200020a8   Data           8  main.o(.data)
    block_handle2                            0x200020b0   Data           8  main.o(.data)
    block_handle3                            0x200020b8   Data           8  main.o(.data)
    SystemCoreClock                          0x2000212c   Data           4  system_nrf51.o(.data)
    nrf_nvic_state                           0x20002244   Data           8  softdevice_handler.o(.data)
    device_name                              0x2000249c   Data          32  main.o(.bss)
    uuid_major_minor                         0x200024bc   Data          20  main.o(.bss)
    char7                                    0x200024d0   Data          20  main.o(.bss)
    my_service                               0x2000252c   Data          12  main.o(.bss)
    __initial_sp                             0x200033d8   Data           0  arm_startup_nrf51.o(STACK)



==============================================================================

Memory Map of the image

  Image Entry point : 0x0001b0c1

  Load Region LR_IROM1 (Base: 0x0001b000, Size: 0x00005c94, Max: 0x00025000, ABSOLUTE, COMPRESSED[0x00005b18])

    Execution Region ER_IROM1 (Base: 0x0001b000, Size: 0x00005ac8, Max: 0x00025000, ABSOLUTE)

    Base Addr    Size         Type   Attr      Idx    E Section Name        Object

    0x0001b000   0x000000c0   Data   RO          653    RESET               arm_startup_nrf51.o
    0x0001b0c0   0x00000000   Code   RO         3283  * .ARM.Collect$$$$00000000  mc_p.l(entry.o)
    0x0001b0c0   0x00000004   Code   RO         3346    .ARM.Collect$$$$00000001  mc_p.l(entry2.o)
    0x0001b0c4   0x00000004   Code   RO         3349    .ARM.Collect$$$$00000004  mc_p.l(entry5.o)
    0x0001b0c8   0x00000000   Code   RO         3351    .ARM.Collect$$$$00000008  mc_p.l(entry7b.o)
    0x0001b0c8   0x00000000   Code   RO         3353    .ARM.Collect$$$$0000000A  mc_p.l(entry8b.o)
    0x0001b0c8   0x00000008   Code   RO         3354    .ARM.Collect$$$$0000000B  mc_p.l(entry9a.o)
    0x0001b0d0   0x00000000   Code   RO         3356    .ARM.Collect$$$$0000000D  mc_p.l(entry10a.o)
    0x0001b0d0   0x00000000   Code   RO         3358    .ARM.Collect$$$$0000000F  mc_p.l(entry11a.o)
    0x0001b0d0   0x00000004   Code   RO         3347    .ARM.Collect$$$$00002712  mc_p.l(entry2.o)
    0x0001b0d4   0x0000001e   Code   RO         1615    .emb_text           nrf_delay.o
    0x0001b0f2   0x00000002   PAD
    0x0001b0f4   0x0000001e   Code   RO         2476    .emb_text           app_timer.o
    0x0001b112   0x00000002   PAD
    0x0001b114   0x00000034   Code   RO         2673    .emb_text           bootloader_util.o
    0x0001b148   0x00000038   Code   RO          654    .text               arm_startup_nrf51.o
    0x0001b180   0x0000002c   Code   RO         3286    .text               mc_p.l(uidiv.o)
    0x0001b1ac   0x00000028   Code   RO         3288    .text               mc_p.l(idiv.o)
    0x0001b1d4   0x00000040   Code   RO         3292    .text               mc_p.l(memmovea.o)
    0x0001b214   0x00000024   Code   RO         3294    .text               mc_p.l(memseta.o)
    0x0001b238   0x0000000e   Code   RO         3296    .text               mc_p.l(strlen.o)
    0x0001b246   0x0000001a   Code   RO         3298    .text               mc_p.l(memcmp.o)
    0x0001b260   0x000000d0   Code   RO         3334    .text               mf_p.l(dmul.o)
    0x0001b330   0x0000002c   Code   RO         3336    .text               mf_p.l(dscalb.o)
    0x0001b35c   0x0000000e   Code   RO         3338    .text               mf_p.l(ffltui.o)
    0x0001b36a   0x00000002   PAD
    0x0001b36c   0x0000001c   Code   RO         3340    .text               mf_p.l(dfltui.o)
    0x0001b388   0x00000028   Code   RO         3342    .text               mf_p.l(ffixui.o)
    0x0001b3b0   0x0000003c   Code   RO         3344    .text               mf_p.l(dfixui.o)
    0x0001b3ec   0x00000022   Code   RO         3362    .text               mc_p.l(llushr.o)
    0x0001b40e   0x00000000   Code   RO         3364    .text               mc_p.l(iusefp.o)
    0x0001b40e   0x00000084   Code   RO         3365    .text               mf_p.l(fepilogue.o)
    0x0001b492   0x000000c0   Code   RO         3367    .text               mf_p.l(depilogue.o)
    0x0001b552   0x00000002   PAD
    0x0001b554   0x00000024   Code   RO         3379    .text               mc_p.l(init.o)
    0x0001b578   0x00000020   Code   RO         3381    .text               mc_p.l(llshl.o)
    0x0001b598   0x00000056   Code   RO         3393    .text               mc_p.l(__dczerorl2.o)
    0x0001b5ee   0x00000002   PAD
    0x0001b5f0   0x0000015c   Code   RO         1676    i.GPIOTE_IRQHandler  nrf_drv_gpiote.o
    0x0001b74c   0x000000a8   Code   RO            4    i.MyChar            main.o
    0x0001b7f4   0x00000044   Code   RO         2477    i.NVIC_SetPriority  app_timer.o
    0x0001b838   0x00000020   Code   RO         2478    i.RTC1_IRQHandler   app_timer.o
    0x0001b858   0x00000008   Code   RO         2479    i.SWI0_IRQHandler   app_timer.o
    0x0001b860   0x00000020   Code   RO         3178    i.SWI2_IRQHandler   softdevice_handler.o
    0x0001b880   0x000000a0   Code   RO          661    i.SystemInit        system_nrf51.o
    0x0001b920   0x00000008   Code   RO         1871    i.UART0_IRQHandler  nrf_drv_uart.o
    0x0001b928   0x0000002e   Code   RO         3369    i.__ARM_clz         mf_p.l(depilogue.o)
    0x0001b956   0x0000001a   Code   RO          188    i.__ARM_common_switch8  main.o
    0x0001b970   0x0000000e   Code   RO         3387    i.__scatterload_copy  mc_p.l(handlers.o)
    0x0001b97e   0x00000002   Code   RO         3388    i.__scatterload_null  mc_p.l(handlers.o)
    0x0001b980   0x0000000e   Code   RO         3389    i.__scatterload_zeroinit  mc_p.l(handlers.o)
    0x0001b98e   0x00000216   Code   RO          697    i.adv_data_encode   ble_advdata.o
    0x0001bba4   0x00000058   Code   RO            5    i.adv_timeout_handler  main.o
    0x0001bbfc   0x0000003c   Code   RO          581    i.advertising_buttons_configure  bsp_btn_ble.o
    0x0001bc38   0x00000120   Code   RO            6    i.advertising_init  main.o
    0x0001bd58   0x00000018   Code   RO          412    i.alert_timer_handler  bsp.o
    0x0001bd70   0x00000024   Code   RO         2297    i.app_button_enable  app_button.o
    0x0001bd94   0x00000074   Code   RO         2298    i.app_button_init   app_button.o
    0x0001be08   0x00000078   Code   RO            7    i.app_context_load  main.o
    0x0001be80   0x00000018   Code   RO         2387    i.app_error_fault_handler  app_error_weak.o
    0x0001be98   0x00000018   Code   RO         2355    i.app_error_handler_bare  app_error.o
    0x0001beb0   0x0000000c   Code   RO         1250    i.app_evt_notify    device_manager_peripheral.o
    0x0001bebc   0x0000002c   Code   RO         2054    i.app_notify        pstorage.o
    0x0001bee8   0x00000020   Code   RO         2055    i.app_notify_error_state_transit  pstorage.o
    0x0001bf08   0x0000002c   Code   RO         2482    i.app_timer_create  app_timer.o
    0x0001bf34   0x00000090   Code   RO         2483    i.app_timer_init    app_timer.o
    0x0001bfc4   0x0000007c   Code   RO         2484    i.app_timer_start   app_timer.o
    0x0001c040   0x00000054   Code   RO         2485    i.app_timer_stop    app_timer.o
    0x0001c094   0x00000130   Code   RO          885    i.battery_level_char_add  ble_bas.o
    0x0001c1c4   0x00000084   Code   RO            9    i.battery_level_in_percent  main.o
    0x0001c248   0x00000034   Code   RO           10    i.battery_level_meas_timeout_handler  main.o
    0x0001c27c   0x000000f0   Code   RO           11    i.battery_level_update  main.o
    0x0001c36c   0x00000084   Code   RO           12    i.beacon_flash_init  main.o
    0x0001c3f0   0x00000068   Code   RO          698    i.ble_advdata_set   ble_advdata.o
    0x0001c458   0x00000124   Code   RO          787    i.ble_advertising_init  ble_advertising.o
    0x0001c57c   0x0000007c   Code   RO          788    i.ble_advertising_on_ble_evt  ble_advertising.o
    0x0001c5f8   0x00000030   Code   RO          789    i.ble_advertising_on_sys_evt  ble_advertising.o
    0x0001c628   0x00000010   Code   RO          791    i.ble_advertising_peer_address_clear  ble_advertising.o
    0x0001c638   0x00000058   Code   RO          792    i.ble_advertising_restart_without_whitelist  ble_advertising.o
    0x0001c690   0x000001ec   Code   RO          793    i.ble_advertising_start  ble_advertising.o
    0x0001c87c   0x00000074   Code   RO          886    i.ble_bas_battery_level_update  ble_bas.o
    0x0001c8f0   0x00000048   Code   RO          887    i.ble_bas_init      ble_bas.o
    0x0001c938   0x0000005e   Code   RO          888    i.ble_bas_on_ble_evt  ble_bas.o
    0x0001c996   0x00000002   PAD
    0x0001c998   0x00000054   Code   RO          929    i.ble_conn_params_init  ble_conn_params.o
    0x0001c9ec   0x00000090   Code   RO          930    i.ble_conn_params_on_ble_evt  ble_conn_params.o
    0x0001ca7c   0x00000010   Code   RO          931    i.ble_conn_params_stop  ble_conn_params.o
    0x0001ca8c   0x0000005e   Code   RO          699    i.ble_device_addr_encode  ble_advdata.o
    0x0001caea   0x00000002   PAD
    0x0001caec   0x00000090   Code   RO         1000    i.ble_dfu_init      ble_dfu.o
    0x0001cb7c   0x00000084   Code   RO         1001    i.ble_dfu_on_ble_evt  ble_dfu.o
    0x0001cc00   0x00000060   Code   RO         1003    i.ble_dfu_response_send  ble_dfu.o
    0x0001cc60   0x00000140   Code   RO         1084    i.ble_dis_init      ble_dis.o
    0x0001cda0   0x00000078   Code   RO           13    i.ble_evt_dispatch  main.o
    0x0001ce18   0x00000012   Code   RO         1207    i.ble_srv_ascii_to_utf8  ble_srv_common.o
    0x0001ce2a   0x0000000c   Code   RO         1208    i.ble_srv_report_ref_encode  ble_srv_common.o
    0x0001ce36   0x00000002   PAD
    0x0001ce38   0x00000088   Code   RO           14    i.ble_stack_init    main.o
    0x0001cec0   0x00000048   Code   RO         1251    i.bond_data_load    device_manager_peripheral.o
    0x0001cf08   0x0000008c   Code   RO         2698    i.bootloader_start  dfu_app_handler.o
    0x0001cf94   0x00000008   Code   RO         2674    i.bootloader_util_app_start  bootloader_util.o
    0x0001cf9c   0x00000054   Code   RO          582    i.bsp_btn_ble_init  bsp_btn_ble.o
    0x0001cff0   0x00000078   Code   RO          583    i.bsp_btn_ble_on_ble_evt  bsp_btn_ble.o
    0x0001d068   0x00000014   Code   RO          584    i.bsp_btn_ble_sleep_mode_prepare  bsp_btn_ble.o
    0x0001d07c   0x000000a0   Code   RO          413    i.bsp_button_event_handler  bsp.o
    0x0001d11c   0x0000002c   Code   RO          414    i.bsp_button_is_pressed  bsp.o
    0x0001d148   0x00000038   Code   RO           15    i.bsp_event_handler  main.o
    0x0001d180   0x00000048   Code   RO          418    i.bsp_event_to_button_action_assign  bsp.o
    0x0001d1c8   0x0000001c   Code   RO          419    i.bsp_indication_set  bsp.o
    0x0001d1e4   0x000000a0   Code   RO          421    i.bsp_init          bsp.o
    0x0001d284   0x000001f8   Code   RO          422    i.bsp_led_indication  bsp.o
    0x0001d47c   0x0000003c   Code   RO          423    i.bsp_wakeup_buttons_set  bsp.o
    0x0001d4b8   0x0000000c   Code   RO          424    i.button_timer_handler  bsp.o
    0x0001d4c4   0x0000001c   Code   RO         1677    i.channel_free      nrf_drv_gpiote.o
    0x0001d4e0   0x00000048   Code   RO         1678    i.channel_port_alloc  nrf_drv_gpiote.o
    0x0001d528   0x00000010   Code   RO         1679    i.channel_port_get  nrf_drv_gpiote.o
    0x0001d538   0x00000094   Code   RO         1085    i.char_add          ble_dis.o
    0x0001d5cc   0x000000f8   Code   RO         2056    i.clear_operation_execute  pstorage.o
    0x0001d6c4   0x00000024   Code   RO         2057    i.clear_post_processing_run  pstorage.o
    0x0001d6e8   0x00000038   Code   RO         2058    i.cmd_process       pstorage.o
    0x0001d720   0x00000020   Code   RO         2059    i.cmd_queue_element_init  pstorage.o
    0x0001d740   0x0000004c   Code   RO         2060    i.cmd_queue_enqueue  pstorage.o
    0x0001d78c   0x0000003c   Code   RO         2061    i.command_end_procedure_run  pstorage.o
    0x0001d7c8   0x000000a8   Code   RO         2487    i.compare_reg_update  app_timer.o
    0x0001d870   0x00000088   Code   RO          700    i.conn_int_encode   ble_advdata.o
    0x0001d8f8   0x00000008   Code   RO           16    i.conn_params_error_handler  main.o
    0x0001d900   0x00000068   Code   RO          932    i.conn_params_negotiation  ble_conn_params.o
    0x0001d968   0x00000030   Code   RO         1252    i.connection_instance_find  device_manager_peripheral.o
    0x0001d998   0x00000024   Code   RO         1253    i.connection_instance_init  device_manager_peripheral.o
    0x0001d9bc   0x00000054   Code   RO         2062    i.data_page_erase_state_run  pstorage.o
    0x0001da10   0x00000028   Code   RO         2063    i.data_to_swap_write_state_run  pstorage.o
    0x0001da38   0x00000060   Code   RO         2300    i.detection_delay_timeout_handler  app_button.o
    0x0001da98   0x000000b4   Code   RO         1254    i.device_context_store  device_manager_peripheral.o
    0x0001db4c   0x00000054   Code   RO         1255    i.device_instance_allocate  device_manager_peripheral.o
    0x0001dba0   0x00000048   Code   RO         1256    i.device_instance_find  device_manager_peripheral.o
    0x0001dbe8   0x0000002c   Code   RO         1257    i.device_instance_free  device_manager_peripheral.o
    0x0001dc14   0x0000001e   Code   RO           17    i.device_manager_evt_handler  main.o
    0x0001dc32   0x00000002   PAD
    0x0001dc34   0x00000068   Code   RO           18    i.device_manager_init  main.o
    0x0001dc9c   0x00000018   Code   RO         2699    i.dfu_app_dm_appl_instance_set  dfu_app_handler.o
    0x0001dcb4   0x00000022   Code   RO         2700    i.dfu_app_on_dfu_evt  dfu_app_handler.o
    0x0001dcd6   0x00000002   PAD
    0x0001dcd8   0x0000009c   Code   RO         2701    i.dfu_app_peer_data_set  dfu_app_handler.o
    0x0001dd74   0x00000002   Code   RO         2702    i.dfu_app_reset_prepare  dfu_app_handler.o
    0x0001dd76   0x00000002   PAD
    0x0001dd78   0x0000000c   Code   RO         2703    i.dfu_app_reset_prepare_set  dfu_app_handler.o
    0x0001dd84   0x00000088   Code   RO         1004    i.dfu_ctrl_pt_add   ble_dfu.o
    0x0001de0c   0x00000080   Code   RO         1005    i.dfu_pkt_char_add  ble_dfu.o
    0x0001de8c   0x0000008c   Code   RO         1006    i.dfu_rev_char_add  ble_dfu.o
    0x0001df18   0x00000094   Code   RO         1258    i.dm_application_context_delete  device_manager_peripheral.o
    0x0001dfac   0x000000b4   Code   RO         1259    i.dm_application_context_get  device_manager_peripheral.o
    0x0001e060   0x000000d4   Code   RO         1260    i.dm_application_context_set  device_manager_peripheral.o
    0x0001e134   0x00000040   Code   RO         1261    i.dm_application_instance_set  device_manager_peripheral.o
    0x0001e174   0x000003c8   Code   RO         1262    i.dm_ble_evt_handler  device_manager_peripheral.o
    0x0001e53c   0x000000b0   Code   RO         1266    i.dm_distributed_keys_get  device_manager_peripheral.o
    0x0001e5ec   0x00000048   Code   RO         1267    i.dm_handle_get     device_manager_peripheral.o
    0x0001e634   0x0000001c   Code   RO         1268    i.dm_handle_initialize  device_manager_peripheral.o
    0x0001e650   0x000000c4   Code   RO         1269    i.dm_init           device_manager_peripheral.o
    0x0001e714   0x0000007c   Code   RO         1270    i.dm_peer_addr_get  device_manager_peripheral.o
    0x0001e790   0x00000180   Code   RO         1272    i.dm_pstorage_cb_handler  device_manager_peripheral.o
    0x0001e910   0x00000074   Code   RO         1273    i.dm_register       device_manager_peripheral.o
    0x0001e984   0x00000040   Code   RO         2488    i.elapsed_ticks_acquire  app_timer.o
    0x0001e9c4   0x00000020   Code   RO         2064    i.flash_api_err_code_process  pstorage.o
    0x0001e9e4   0x00000080   Code   RO         2065    i.flash_operation_success_run  pstorage.o
    0x0001ea64   0x0000000a   Code   RO         2066    i.flash_page_erase  pstorage.o
    0x0001ea6e   0x0000000a   Code   RO         2067    i.flash_write       pstorage.o
    0x0001ea78   0x00000018   Code   RO         2772    i.fs_queued_op_count_get  fstorage.o
    0x0001ea90   0x00000060   Code   RO           19    i.gap_params_init   main.o
    0x0001eaf0   0x00000004   Code   RO         1280    i.gattc_context_apply  device_manager_peripheral.o
    0x0001eaf4   0x00000004   Code   RO         1281    i.gattc_context_load  device_manager_peripheral.o
    0x0001eaf8   0x00000004   Code   RO         1282    i.gattc_context_store  device_manager_peripheral.o
    0x0001eafc   0x000000b0   Code   RO         1283    i.gatts_context_apply  device_manager_peripheral.o
    0x0001ebac   0x00000030   Code   RO         1284    i.gatts_context_load  device_manager_peripheral.o
    0x0001ebdc   0x000000ac   Code   RO         1285    i.gatts_context_store  device_manager_peripheral.o
    0x0001ec88   0x00000008   Code   RO         1286    i.gattsc_context_apply  device_manager_peripheral.o
    0x0001ec90   0x00000008   Code   RO         1287    i.gattsc_context_load  device_manager_peripheral.o
    0x0001ec98   0x00000008   Code   RO         1288    i.gattsc_context_store  device_manager_peripheral.o
    0x0001eca0   0x00000054   Code   RO         2301    i.gpiote_event_handler  app_button.o
    0x0001ecf4   0x00000078   Code   RO         2068    i.head_restore_state_run  pstorage.o
    0x0001ed6c   0x00000078   Code   RO         3179    i.intern_softdevice_events_execute  softdevice_handler.o
    0x0001ede4   0x0000001c   Code   RO          933    i.is_conn_params_ok  ble_conn_params.o
    0x0001ee00   0x00000048   Code   RO          662    i.is_manual_peripheral_setup_needed  system_nrf51.o
    0x0001ee48   0x00000044   Code   RO         2069    i.is_page_erase_required  pstorage.o
    0x0001ee8c   0x0000000c   Code   RO         2070    i.is_word_aligned   pstorage.o
    0x0001ee98   0x00000054   Code   RO          701    i.le_role_encode    ble_advdata.o
    0x0001eeec   0x00000018   Code   RO          425    i.leds_timer_handler  bsp.o
    0x0001ef04   0x000000bc   Code   RO         2489    i.list_deletions_handler  app_timer.o
    0x0001efc0   0x000000d4   Code   RO         2490    i.list_insertions_handler  app_timer.o
    0x0001f094   0x000001a0   Code   RO           20    i.main              main.o
    0x0001f234   0x00000018   Code   RO         2071    i.main_state_err_busy_process  pstorage.o
    0x0001f24c   0x00000068   Code   RO          702    i.manuf_specific_data_encode  ble_advdata.o
    0x0001f2b4   0x00000002   Code   RO           21    i.my_cb             main.o
    0x0001f2b6   0x00000002   PAD
    0x0001f2b8   0x00000014   Code   RO           22    i.my_server_handler  main.o
    0x0001f2cc   0x000000bc   Code   RO           23    i.my_value_init     main.o
    0x0001f388   0x0000008c   Code   RO           24    i.name_change       main.o
    0x0001f414   0x0000009e   Code   RO          703    i.name_encode       ble_advdata.o
    0x0001f4b2   0x00000004   Code   RO         1289    i.no_service_context_apply  device_manager_peripheral.o
    0x0001f4b6   0x00000004   Code   RO         1290    i.no_service_context_load  device_manager_peripheral.o
    0x0001f4ba   0x00000004   Code   RO         1291    i.no_service_context_store  device_manager_peripheral.o
    0x0001f4be   0x00000002   PAD
    0x0001f4c0   0x00000014   Code   RO           25    i.nrf_adc_init      main.o
    0x0001f4d4   0x0000001c   Code   RO         1616    i.nrf_delay_ms      nrf_delay.o
    0x0001f4f0   0x00000060   Code   RO         1646    i.nrf_drv_common_irq_enable  nrf_drv_common.o
    0x0001f550   0x000000a0   Code   RO         1682    i.nrf_drv_gpiote_in_event_enable  nrf_drv_gpiote.o
    0x0001f5f0   0x0000009c   Code   RO         1683    i.nrf_drv_gpiote_in_init  nrf_drv_gpiote.o
    0x0001f68c   0x00000014   Code   RO         1684    i.nrf_drv_gpiote_in_is_set  nrf_drv_gpiote.o
    0x0001f6a0   0x00000054   Code   RO         1686    i.nrf_drv_gpiote_init  nrf_drv_gpiote.o
    0x0001f6f4   0x00000010   Code   RO         1687    i.nrf_drv_gpiote_is_init  nrf_drv_gpiote.o
    0x0001f704   0x00000024   Code   RO         1699    i.nrf_gpio_cfg      nrf_drv_gpiote.o
    0x0001f728   0x00000020   Code   RO         1701    i.nrf_gpio_cfg_sense_set  nrf_drv_gpiote.o
    0x0001f748   0x00000014   Code   RO         1702    i.nrf_gpiote_event_is_set  nrf_drv_gpiote.o
    0x0001f75c   0x0000000c   Code   RO         1888    i.nrf_uart_errorsrc_get_and_clear  nrf_drv_uart.o
    0x0001f768   0x0000000a   Code   RO         1889    i.nrf_uart_event_check  nrf_drv_uart.o
    0x0001f772   0x00000010   Code   RO         1891    i.nrf_uart_int_enable_check  nrf_drv_uart.o
    0x0001f782   0x0000000c   Code   RO           27    i.on_adv_evt        main.o
    0x0001f78e   0x00000002   PAD
    0x0001f790   0x00000020   Code   RO           28    i.on_conn_params_evt  main.o
    0x0001f7b0   0x000000f0   Code   RO         1007    i.on_ctrl_pt_write  ble_dfu.o
    0x0001f8a0   0x00000016   Code   RO          795    i.peer_address_exists  ble_advertising.o
    0x0001f8b6   0x00000002   PAD
    0x0001f8b8   0x00000040   Code   RO         1292    i.peer_instance_init  device_manager_peripheral.o
    0x0001f8f8   0x00000014   Code   RO         1703    i.pin_in_use_by_gpiote  nrf_drv_gpiote.o
    0x0001f90c   0x00000018   Code   RO         1704    i.pin_in_use_by_port  nrf_drv_gpiote.o
    0x0001f924   0x00000018   Code   RO         1705    i.pin_in_use_by_te  nrf_drv_gpiote.o
    0x0001f93c   0x00000036   Code   RO         1086    i.pnp_id_encode     ble_dis.o
    0x0001f972   0x00000002   PAD
    0x0001f974   0x00000028   Code   RO         2072    i.pstorage_access_status_get  pstorage.o
    0x0001f99c   0x00000058   Code   RO         2073    i.pstorage_block_identifier_get  pstorage.o
    0x0001f9f4   0x000000a8   Code   RO         2074    i.pstorage_clear    pstorage.o
    0x0001fa9c   0x00000024   Code   RO         2075    i.pstorage_flash_page_end  pstorage.o
    0x0001fac0   0x0000000a   Code   RO         2076    i.pstorage_flash_page_size  pstorage.o
    0x0001faca   0x00000002   PAD
    0x0001facc   0x0000005c   Code   RO         2077    i.pstorage_init     pstorage.o
    0x0001fb28   0x000000ac   Code   RO         2078    i.pstorage_load     pstorage.o
    0x0001fbd4   0x000000bc   Code   RO         2079    i.pstorage_register  pstorage.o
    0x0001fc90   0x00000094   Code   RO         2080    i.pstorage_store    pstorage.o
    0x0001fd24   0x0000004c   Code   RO         2081    i.pstorage_sys_event_handler  pstorage.o
    0x0001fd70   0x00000094   Code   RO         2082    i.pstorage_update   pstorage.o
    0x0001fe04   0x0000004c   Code   RO           29    i.reset_prepare     main.o
    0x0001fe50   0x00000044   Code   RO         2491    i.rtc1_stop         app_timer.o
    0x0001fe94   0x00000038   Code   RO         1893    i.rx_byte           nrf_drv_uart.o
    0x0001fecc   0x0000001c   Code   RO         1894    i.rx_done_event     nrf_drv_uart.o
    0x0001fee8   0x00000010   Code   RO         3180    i.sd_check_ram_start  softdevice_handler.o
    0x0001fef8   0x0000008c   Code   RO         3181    i.sd_nvic_EnableIRQ  softdevice_handler.o
    0x0001ff84   0x0000008e   Code   RO          704    i.service_data_encode  ble_advdata.o
    0x00020012   0x00000002   PAD
    0x00020014   0x000001b4   Code   RO           31    i.services_init     main.o
    0x000201c8   0x00000028   Code   RO           32    i.sleep_mode_enter  main.o
    0x000201f0   0x00000048   Code   RO         2083    i.sm_state_change   pstorage.o
    0x00020238   0x00000014   Code   RO         3182    i.softdevice_ble_evt_handler_set  softdevice_handler.o
    0x0002024c   0x00000014   Code   RO         3183    i.softdevice_enable  softdevice_handler.o
    0x00020260   0x00000028   Code   RO         3184    i.softdevice_enable_get_default_config  softdevice_handler.o
    0x00020288   0x00000008   Code   RO         3185    i.softdevice_fault_handler  softdevice_handler.o
    0x00020290   0x00000034   Code   RO         3186    i.softdevice_handler_init  softdevice_handler.o
    0x000202c4   0x00000014   Code   RO         3189    i.softdevice_sys_evt_handler_set  softdevice_handler.o
    0x000202d8   0x00000064   Code   RO         2084    i.state_data_erase_swap_entry_run  pstorage.o
    0x0002033c   0x00000010   Code   RO         2085    i.state_erase_data_page_entry_run  pstorage.o
    0x0002034c   0x00000028   Code   RO         2086    i.state_restore_head_entry_run  pstorage.o
    0x00020374   0x0000004c   Code   RO         2087    i.state_restore_tail_entry_run  pstorage.o
    0x000203c0   0x00000020   Code   RO         2088    i.state_swap_erase_entry_run  pstorage.o
    0x000203e0   0x00000030   Code   RO         2089    i.state_write_data_swap_entry_run  pstorage.o
    0x00020410   0x00000004   Code   RO         1293    i.storage_operation_dummy_handler  device_manager_peripheral.o
    0x00020414   0x0000005c   Code   RO         2090    i.store_cmd_flash_write_execute  pstorage.o
    0x00020470   0x0000001c   Code   RO         2091    i.swap_erase_state_run  pstorage.o
    0x0002048c   0x00000018   Code   RO         2092    i.swap_sub_state_err_busy_process  pstorage.o
    0x000204a4   0x00000014   Code   RO         2093    i.swap_sub_state_state_change  pstorage.o
    0x000204b8   0x00000010   Code   RO           33    i.sys_evt_dispatch  main.o
    0x000204c8   0x0000004e   Code   RO         1087    i.sys_id_encode     ble_dis.o
    0x00020516   0x00000002   PAD
    0x00020518   0x0000001c   Code   RO         2094    i.tail_restore_state_run  pstorage.o
    0x00020534   0x00000084   Code   RO         2492    i.timer_list_handler  app_timer.o
    0x000205b8   0x00000010   Code   RO         2493    i.timer_list_handler_sched  app_timer.o
    0x000205c8   0x00000040   Code   RO         2494    i.timer_list_insert  app_timer.o
    0x00020608   0x00000080   Code   RO         2495    i.timer_timeouts_check  app_timer.o
    0x00020688   0x0000002c   Code   RO         1896    i.tx_byte           nrf_drv_uart.o
    0x000206b4   0x00000020   Code   RO         1897    i.tx_done_event     nrf_drv_uart.o
    0x000206d4   0x00000124   Code   RO         1898    i.uart_irq_handler  nrf_drv_uart.o
    0x000207f8   0x0000000a   Code   RO          705    i.uint16_encode     ble_advdata.o
    0x00020802   0x00000002   PAD
    0x00020804   0x00000014   Code   RO         1294    i.update_status_bit_reset  device_manager_peripheral.o
    0x00020818   0x00000064   Code   RO          934    i.update_timeout_handler  ble_conn_params.o
    0x0002087c   0x00000054   Code   RO         2496    i.user_id_get       app_timer.o
    0x000208d0   0x00000026   Code   RO         2497    i.user_op_alloc     app_timer.o
    0x000208f6   0x00000030   Code   RO          706    i.uuid_list_encode  ble_advdata.o
    0x00020926   0x000000ae   Code   RO          707    i.uuid_list_sized_encode  ble_advdata.o
    0x000209d4   0x00000010   Code   RO          796    i.whitelist_has_entries  ble_advertising.o
    0x000209e4   0x00000010   Data   RO           39    .constdata          main.o
    0x000209f4   0x0000003c   Data   RO          430    .constdata          bsp.o
    0x00020a30   0x00000004   Data   RO          937    .constdata          ble_conn_params.o
    0x00020a34   0x00000010   Data   RO         1009    .constdata          ble_dfu.o
    0x00020a44   0x00000034   Data   RO         1296    .constdata          device_manager_peripheral.o
    0x00020a78   0x00000028   Data   RO         2096    .constdata          pstorage.o
    0x00020aa0   0x00000008   Data   RO         2303    .constdata          app_button.o
    0x00020aa8   0x00000020   Data   RO         3385    Region$$Table       anon$$obj.o


    Execution Region RW_IRAM1 (Base: 0x20002080, Size: 0x00001358, Max: 0x00005f80, ABSOLUTE, COMPRESSED[0x00000050])

    Base Addr    Size         Type   Attr      Idx    E Section Name        Object

    0x20002080   0x0000008a   Data   RW           40    .data               main.o
    0x2000210a   0x00000002   PAD
    0x2000210c   0x00000018   Data   RW          431    .data               bsp.o
    0x20002124   0x00000008   Data   RW          585    .data               bsp_btn_ble.o
    0x2000212c   0x00000004   Data   RW          663    .data               system_nrf51.o
    0x20002130   0x0000001f   Data   RW          798    .data               ble_advertising.o
    0x2000214f   0x00000001   PAD
    0x20002150   0x00000014   Data   RW          938    .data               ble_conn_params.o
    0x20002164   0x00000008   Data   RW         1010    .data               ble_dfu.o
    0x2000216c   0x0000004a   Data   RW         1088    .data               ble_dis.o
    0x200021b6   0x00000002   PAD
    0x200021b8   0x00000018   Data   RW         1297    .data               device_manager_peripheral.o
    0x200021d0   0x00000024   Data   RW         2097    .data               pstorage.o
    0x200021f4   0x00000014   Data   RW         2304    .data               app_button.o
    0x20002208   0x00000020   Data   RW         2498    .data               app_timer.o
    0x20002228   0x00000008   Data   RW         2705    .data               dfu_app_handler.o
    0x20002230   0x0000001c   Data   RW         3190    .data               softdevice_handler.o
    0x2000224c   0x00000020   Zero   RW           34    .bss                main.o
    0x2000226c   0x00000020   Zero   RW           35    .bss                main.o
    0x2000228c   0x000002c4   Zero   RW           36    .bss                main.o
    0x20002550   0x00000020   Zero   RW          426    .bss                bsp.o
    0x20002570   0x00000020   Zero   RW          427    .bss                bsp.o
    0x20002590   0x0000000c   Zero   RW          428    .bss                bsp.o
    0x2000259c   0x00000020   Zero   RW          429    .bss                bsp.o
    0x200025bc   0x00000103   Zero   RW          797    .bss                ble_advertising.o
    0x200026bf   0x00000001   PAD
    0x200026c0   0x00000020   Zero   RW          935    .bss                ble_conn_params.o
    0x200026e0   0x0000001c   Zero   RW          936    .bss                ble_conn_params.o
    0x200026fc   0x0000014f   Zero   RW         1295    .bss                device_manager_peripheral.o
    0x2000284b   0x00000001   PAD
    0x2000284c   0x00000048   Zero   RW         1706    .bss                nrf_drv_gpiote.o
    0x20002894   0x0000001c   Zero   RW         1899    .bss                nrf_drv_uart.o
    0x200028b0   0x00000274   Zero   RW         2095    .bss                pstorage.o
    0x20002b24   0x00000020   Zero   RW         2302    .bss                app_button.o
    0x20002b44   0x0000003c   Zero   RW         2704    .bss                dfu_app_handler.o
    0x20002b80   0x00000058   Zero   RW         2781    .bss                fstorage.o
    0x20002bd8   0x00000800   Zero   RW          651    STACK               arm_startup_nrf51.o


==============================================================================

Image component sizes


      Code (inc. data)   RO Data    RW Data    ZI Data      Debug   Object Name

       332         34          8         20         32       8658   app_button.o
        24          4          0          0          0        641   app_error.o
        24          8          0          0          0       6258   app_error_weak.o
      1696        150          0         32          0      27303   app_timer.o
        56         18        192          0       2048        748   arm_startup_nrf51.o
      1588          6          0          0          0      25080   ble_advdata.o
      1098         44          0         31        259      16901   ble_advertising.o
       586         20          0          0          0      12683   ble_bas.o
       476         62          4         20         60       7011   ble_conn_params.o
      1016         50         16          8          0      13912   ble_dfu.o
       600         16          0         74          0       6239   ble_dis.o
        30          0          0          0          0       2040   ble_srv_common.o
        60          2          0          0          0       1232   bootloader_util.o
      1088        118         60         24        108      40925   bsp.o
       284         10          0          8          0      37569   bsp_btn_ble.o
      3748        328         52         24        335      36866   device_manager_peripheral.o
       368         40          0          8         60      17316   dfu_app_handler.o
        24          6          0          0         88       3716   fstorage.o
      3194        376         16        138        772     118632   main.o
        58          4          0          0          0       1739   nrf_delay.o
        96         18          0          0          0       7684   nrf_drv_common.o
      1056        132          0          0         72      21436   nrf_drv_gpiote.o
       498         54          0          0         28      14561   nrf_drv_uart.o
      2854        270         40         36        628      37454   pstorage.o
       468         62          0         28          0      20341   softdevice_handler.o
       232         36          0          4          0       2439   system_nrf51.o

    ----------------------------------------------------------------------
     21588       1868        420        460       4492     489384   Object Totals
         0          0         32          0          0          0   (incl. Generated)
        34          0          0          5          2          0   (incl. Padding)

    ----------------------------------------------------------------------

      Code (inc. data)   RO Data    RW Data    ZI Data      Debug   Library Member Name

        86          0          0          0          0          0   __dczerorl2.o
         0          0          0          0          0          0   entry.o
         0          0          0          0          0          0   entry10a.o
         0          0          0          0          0          0   entry11a.o
         8          4          0          0          0          0   entry2.o
         4          0          0          0          0          0   entry5.o
         0          0          0          0          0          0   entry7b.o
         0          0          0          0          0          0   entry8b.o
         8          4          0          0          0          0   entry9a.o
        30          0          0          0          0          0   handlers.o
        40          0          0          0          0         72   idiv.o
        36          8          0          0          0         68   init.o
         0          0          0          0          0          0   iusefp.o
        32          0          0          0          0         68   llshl.o
        34          0          0          0          0         68   llushr.o
        26          0          0          0          0         72   memcmp.o
        64          0          0          0          0         68   memmovea.o
        36          0          0          0          0        100   memseta.o
        14          0          0          0          0         60   strlen.o
        44          0          0          0          0         72   uidiv.o
       238          0          0          0          0        216   depilogue.o
        60         10          0          0          0         68   dfixui.o
        28          4          0          0          0         68   dfltui.o
       208          6          0          0          0         88   dmul.o
        44          0          0          0          0         72   dscalb.o
       132          0          0          0          0        144   fepilogue.o
        40          0          0          0          0         60   ffixui.o
        14          0          0          0          0         68   ffltui.o

    ----------------------------------------------------------------------
      1232         36          0          0          0       1432   Library Totals
         6          0          0          0          0          0   (incl. Padding)

    ----------------------------------------------------------------------

      Code (inc. data)   RO Data    RW Data    ZI Data      Debug   Library Name

       462         16          0          0          0        648   mc_p.l
       764         20          0          0          0        784   mf_p.l

    ----------------------------------------------------------------------
      1232         36          0          0          0       1432   Library Totals

    ----------------------------------------------------------------------

==============================================================================


      Code (inc. data)   RO Data    RW Data    ZI Data      Debug   

     22820       1904        420        460       4492     479916   Grand Totals
     22820       1904        420         80       4492     479916   ELF Image Totals (compressed)
     22820       1904        420         80          0          0   ROM Totals

==============================================================================

    Total RO  Size (Code + RO Data)                23240 (  22.70kB)
    Total RW  Size (RW Data + ZI Data)              4952 (   4.84kB)
    Total ROM Size (Code + RO Data + RW Data)      23320 (  22.77kB)

==============================================================================

