<html>
<body>
<pre>
<h1>µVision Build Log</h1>
<h2>Project:</h2>
D:\work document\work document\running\NRF52832\firmware\nRF5_SDK_11.0.0_beacon\examples\ble_peripheral\ble_app_beacon nrf5x s1.04x\pca10028\s130_with_dfu\arm4\ble_app_hrs_s130_with_dfu_pca10028.uvproj
Project File Date:  10/20/2016

<h2>Output:</h2>
Build target 'nrf51422_xxac_s130'
linking...
Program Size: Code=22820 RO-data=420 RW-data=460 ZI-data=4492  
FromELF: creating hex file...
".\_build\nrf51422_xxac_s130.axf" - 0 Error(s), 0 Warning(s).
</pre>
</body>
</html>
